{
    "Contains hsa-miR-365b-3p, hsa-miR-7-5p, hsa-miR-103a-3p": {
        "content": [
            {
                "0": [
                    "mirna.tsv:md5,f59a6aeb15588c43c2977950a1b0a080"
                ],
                "1": [
                    "versions.yml:md5,3a8ba7faff9d6dadf80e1a1b026acbe1"
                ],
                "mirna_tsv": [
                    "mirna.tsv:md5,f59a6aeb15588c43c2977950a1b0a080"
                ],
                "versions": [
                    "versions.yml:md5,3a8ba7faff9d6dadf80e1a1b026acbe1"
                ]
            }
        ],
        "meta": {
            "nf-test": "0.8.4",
            "nextflow": "24.04.4"
        },
        "timestamp": "2024-08-21T14:27:11.151441241"
    },
    "Does not contain hsa-miR-107, hsa-miR-365a-3p": {
        "content": [
            {
                "0": [
                    "mirna.tsv:md5,f59a6aeb15588c43c2977950a1b0a080"
                ],
                "1": [
                    "versions.yml:md5,3a8ba7faff9d6dadf80e1a1b026acbe1"
                ],
                "mirna_tsv": [
                    "mirna.tsv:md5,f59a6aeb15588c43c2977950a1b0a080"
                ],
                "versions": [
                    "versions.yml:md5,3a8ba7faff9d6dadf80e1a1b026acbe1"
                ]
            }
        ],
        "meta": {
            "nf-test": "0.8.4",
            "nextflow": "24.04.4"
        },
        "timestamp": "2024-08-21T14:27:39.584509005"
    }
}