{
    "Should remove other contaminants": {
        "content": [
            {
                "0": [
                    [
                        {
                            "id": "Clone1_N1",
                            "single_end": true
                        },
                        "Clone1_N1.filtered.fastq.gz:md5,0d9c10cc7a62137099b11db90a4b9fb4"
                    ]
                ],
                "1": [
                    "versions.yml:md5,510a8523b526e50fec281bad6703b64f",
                    "versions.yml:md5,6f2e0ee1fba3fc18042a19a0cb2c3211",
                    "versions.yml:md5,7298402d046d081c0ea23bcf093e5085",
                    "versions.yml:md5,c83d5a44bef403b1a31de5b2657040a1",
                    "versions.yml:md5,d6e830dffc9993a34594e1e9650f8cab"
                ],
                "2": [
                    "Clone1_N1.contamination_mqc.yaml:md5,5a938d17aab1e0b345489da64be39d7d"
                ],
                "filter_stats": [
                    "Clone1_N1.contamination_mqc.yaml:md5,5a938d17aab1e0b345489da64be39d7d"
                ],
                "filtered_reads": [
                    [
                        {
                            "id": "Clone1_N1",
                            "single_end": true
                        },
                        "Clone1_N1.filtered.fastq.gz:md5,0d9c10cc7a62137099b11db90a4b9fb4"
                    ]
                ],
                "versions": [
                    "versions.yml:md5,510a8523b526e50fec281bad6703b64f",
                    "versions.yml:md5,6f2e0ee1fba3fc18042a19a0cb2c3211",
                    "versions.yml:md5,7298402d046d081c0ea23bcf093e5085",
                    "versions.yml:md5,c83d5a44bef403b1a31de5b2657040a1",
                    "versions.yml:md5,d6e830dffc9993a34594e1e9650f8cab"
                ]
            }
        ],
        "meta": {
            "nf-test": "0.8.4",
            "nextflow": "24.04.4"
        },
        "timestamp": "2024-08-28T19:28:10.141751766"
    }
}