{
    "-profile test": {
        "content": [
            244,
            {
                "BOWTIE_MAP_GENOME": {
                    "bowtie": "1.3.0",
                    "samtools": "1.16.1"
                },
                "BOWTIE_MAP_HAIRPIN": {
                    "bowtie": "1.3.0",
                    "samtools": "1.16.1"
                },
                "BOWTIE_MAP_MATURE": {
                    "bowtie": "1.3.0",
                    "samtools": "1.16.1"
                },
                "BOWTIE_MAP_SEQCLUSTER": {
                    "bowtie": "1.3.0",
                    "samtools": "1.16.1"
                },
                "DATATABLE_MERGE": {
                    "r-base": "3.6.2"
                },
                "FASTP": {
                    "fastp": "0.23.4"
                },
                "FASTQC_RAW": {
                    "fastqc": "0.12.1"
                },
                "FASTQC_TRIM": {
                    "fastqc": "0.12.1"
                },
                "FORMAT_HAIRPIN": {
                    "fastx_toolkit": "0.0.14"
                },
                "FORMAT_MATURE": {
                    "fastx_toolkit": "0.0.14"
                },
                "INDEX_HAIRPIN": {
                    "bowtie": "1.3.0"
                },
                "INDEX_MATURE": {
                    "bowtie": "1.3.0"
                },
                "MIRTOP_COUNTS": {
                    "mirtop": "0.4.30"
                },
                "MIRTOP_EXPORT": {
                    "mirtop": "0.4.30"
                },
                "MIRTOP_GFF": {
                    "mirtop": "0.4.30"
                },
                "MIRTOP_STATS": {
                    "mirtop": "0.4.30"
                },
                "MIRTRACE_QC": {
                    "mirtrace": "1.0.1"
                },
                "PARSE_HAIRPIN": {
                    "seqkit": "2.6.1"
                },
                "PARSE_MATURE": {
                    "seqkit": "2.6.1"
                },
                "PIVOT_LONGER": {
                    "r-base": "4.4.2",
                    "tidyr": "1.3.1",
                    "optparse": "1.7.5"
                },
                "PIVOT_WIDER": {
                    "r-base": "4.4.2",
                    "tidyr": "1.3.1",
                    "dplyr": "1.1.4",
                    "optparse": "1.7.5",
                    "vroom": "1.6.5"
                },
                "SAMTOOLS_FLAGSTAT": {
                    "samtools": 1.21
                },
                "SAMTOOLS_IDXSTATS": {
                    "samtools": 1.21
                },
                "SAMTOOLS_INDEX": {
                    "samtools": 1.21
                },
                "SAMTOOLS_SORT": {
                    "samtools": 1.21
                },
                "SAMTOOLS_STATS": {
                    "samtools": 1.21
                },
                "SEQCLUSTER_COLLAPSE": {
                    "seqcluster": "1.2.9"
                },
                "Workflow": {
                    "nf-core/smrnaseq": "v2.4.0"
                }
            },
            [
                "fastp",
                "fastp/on_raw",
                "fastp/on_raw/Clone1_N1.fastp.html",
                "fastp/on_raw/Clone1_N1.fastp.json",
                "fastp/on_raw/Clone1_N3.fastp.html",
                "fastp/on_raw/Clone1_N3.fastp.json",
                "fastp/on_raw/Clone9_N1.fastp.html",
                "fastp/on_raw/Clone9_N1.fastp.json",
                "fastp/on_raw/Clone9_N2.fastp.html",
                "fastp/on_raw/Clone9_N2.fastp.json",
                "fastp/on_raw/Clone9_N3.fastp.html",
                "fastp/on_raw/Clone9_N3.fastp.json",
                "fastp/on_raw/Control_N1.fastp.html",
                "fastp/on_raw/Control_N1.fastp.json",
                "fastp/on_raw/Control_N2.fastp.html",
                "fastp/on_raw/Control_N2.fastp.json",
                "fastp/on_raw/Control_N3.fastp.html",
                "fastp/on_raw/Control_N3.fastp.json",
                "fastp/on_raw/log",
                "fastp/on_raw/log/Clone1_N1.fastp.log",
                "fastp/on_raw/log/Clone1_N3.fastp.log",
                "fastp/on_raw/log/Clone9_N1.fastp.log",
                "fastp/on_raw/log/Clone9_N2.fastp.log",
                "fastp/on_raw/log/Clone9_N3.fastp.log",
                "fastp/on_raw/log/Control_N1.fastp.log",
                "fastp/on_raw/log/Control_N2.fastp.log",
                "fastp/on_raw/log/Control_N3.fastp.log",
                "genome_quant",
                "genome_quant/bam",
                "genome_quant/bam/Clone1_N1_mature_hairpin_genome.sorted.flagstat",
                "genome_quant/bam/Clone1_N1_mature_hairpin_genome.sorted.idxstats",
                "genome_quant/bam/Clone1_N1_mature_hairpin_genome.sorted.stats",
                "genome_quant/bam/Clone1_N3_mature_hairpin_genome.sorted.flagstat",
                "genome_quant/bam/Clone1_N3_mature_hairpin_genome.sorted.idxstats",
                "genome_quant/bam/Clone1_N3_mature_hairpin_genome.sorted.stats",
                "genome_quant/bam/Clone9_N1_mature_hairpin_genome.sorted.flagstat",
                "genome_quant/bam/Clone9_N1_mature_hairpin_genome.sorted.idxstats",
                "genome_quant/bam/Clone9_N1_mature_hairpin_genome.sorted.stats",
                "genome_quant/bam/Clone9_N2_mature_hairpin_genome.sorted.flagstat",
                "genome_quant/bam/Clone9_N2_mature_hairpin_genome.sorted.idxstats",
                "genome_quant/bam/Clone9_N2_mature_hairpin_genome.sorted.stats",
                "genome_quant/bam/Clone9_N3_mature_hairpin_genome.sorted.flagstat",
                "genome_quant/bam/Clone9_N3_mature_hairpin_genome.sorted.idxstats",
                "genome_quant/bam/Clone9_N3_mature_hairpin_genome.sorted.stats",
                "genome_quant/bam/Control_N1_mature_hairpin_genome.sorted.flagstat",
                "genome_quant/bam/Control_N1_mature_hairpin_genome.sorted.idxstats",
                "genome_quant/bam/Control_N1_mature_hairpin_genome.sorted.stats",
                "genome_quant/bam/Control_N2_mature_hairpin_genome.sorted.flagstat",
                "genome_quant/bam/Control_N2_mature_hairpin_genome.sorted.idxstats",
                "genome_quant/bam/Control_N2_mature_hairpin_genome.sorted.stats",
                "genome_quant/bam/Control_N3_mature_hairpin_genome.sorted.flagstat",
                "genome_quant/bam/Control_N3_mature_hairpin_genome.sorted.idxstats",
                "genome_quant/bam/Control_N3_mature_hairpin_genome.sorted.stats",
                "mirna_quant",
                "mirna_quant/edger_qc",
                "mirna_quant/edger_qc/hairpin_CPM_heatmap.pdf",
                "mirna_quant/edger_qc/hairpin_counts.csv",
                "mirna_quant/edger_qc/hairpin_edgeR_MDS_distance_matrix.txt",
                "mirna_quant/edger_qc/hairpin_edgeR_MDS_plot.pdf",
                "mirna_quant/edger_qc/hairpin_edgeR_MDS_plot_coordinates.txt",
                "mirna_quant/edger_qc/hairpin_log2CPM_sample_distances.txt",
                "mirna_quant/edger_qc/hairpin_log2CPM_sample_distances_dendrogram.pdf",
                "mirna_quant/edger_qc/hairpin_log2CPM_sample_distances_heatmap.pdf",
                "mirna_quant/edger_qc/hairpin_logtpm.csv",
                "mirna_quant/edger_qc/hairpin_logtpm.txt",
                "mirna_quant/edger_qc/hairpin_normalized_CPM.txt",
                "mirna_quant/edger_qc/hairpin_unmapped_read_counts.txt",
                "mirna_quant/edger_qc/mature_CPM_heatmap.pdf",
                "mirna_quant/edger_qc/mature_counts.csv",
                "mirna_quant/edger_qc/mature_edgeR_MDS_distance_matrix.txt",
                "mirna_quant/edger_qc/mature_edgeR_MDS_plot.pdf",
                "mirna_quant/edger_qc/mature_edgeR_MDS_plot_coordinates.txt",
                "mirna_quant/edger_qc/mature_log2CPM_sample_distances.txt",
                "mirna_quant/edger_qc/mature_log2CPM_sample_distances_dendrogram.pdf",
                "mirna_quant/edger_qc/mature_log2CPM_sample_distances_heatmap.pdf",
                "mirna_quant/edger_qc/mature_logtpm.csv",
                "mirna_quant/edger_qc/mature_logtpm.txt",
                "mirna_quant/edger_qc/mature_normalized_CPM.txt",
                "mirna_quant/edger_qc/mature_unmapped_read_counts.txt",
                "mirna_quant/mirtop",
                "mirna_quant/mirtop/export",
                "mirna_quant/mirtop/export/Clone1_N1_mirtop_rawData.tsv",
                "mirna_quant/mirtop/export/Clone1_N3_mirtop_rawData.tsv",
                "mirna_quant/mirtop/export/Clone9_N1_mirtop_rawData.tsv",
                "mirna_quant/mirtop/export/Clone9_N2_mirtop_rawData.tsv",
                "mirna_quant/mirtop/export/Clone9_N3_mirtop_rawData.tsv",
                "mirna_quant/mirtop/export/Control_N1_mirtop_rawData.tsv",
                "mirna_quant/mirtop/export/Control_N2_mirtop_rawData.tsv",
                "mirna_quant/mirtop/export/Control_N3_mirtop_rawData.tsv",
                "mirna_quant/mirtop/gff",
                "mirna_quant/mirtop/gff/mirtop",
                "mirna_quant/mirtop/gff/mirtop/Clone1_N1_mirtop.gff",
                "mirna_quant/mirtop/gff/mirtop/Clone1_N3_mirtop.gff",
                "mirna_quant/mirtop/gff/mirtop/Clone9_N1_mirtop.gff",
                "mirna_quant/mirtop/gff/mirtop/Clone9_N2_mirtop.gff",
                "mirna_quant/mirtop/gff/mirtop/Clone9_N3_mirtop.gff",
                "mirna_quant/mirtop/gff/mirtop/Control_N1_mirtop.gff",
                "mirna_quant/mirtop/gff/mirtop/Control_N2_mirtop.gff",
                "mirna_quant/mirtop/gff/mirtop/Control_N3_mirtop.gff",
                "mirna_quant/mirtop/joined_samples_mirtop.tsv",
                "mirna_quant/mirtop/mirna.tsv",
                "mirtrace",
                "mirtrace/Clone1_N1",
                "mirtrace/Clone1_N1/mirtrace-report.html",
                "mirtrace/Clone1_N1/mirtrace-results.json",
                "mirtrace/Clone1_N1/mirtrace-stats-contamination_basic.tsv",
                "mirtrace/Clone1_N1/mirtrace-stats-contamination_detailed.tsv",
                "mirtrace/Clone1_N1/mirtrace-stats-length.tsv",
                "mirtrace/Clone1_N1/mirtrace-stats-mirna-complexity.tsv",
                "mirtrace/Clone1_N1/mirtrace-stats-phred.tsv",
                "mirtrace/Clone1_N1/mirtrace-stats-qcstatus.tsv",
                "mirtrace/Clone1_N1/mirtrace-stats-rnatype.tsv",
                "mirtrace/Clone1_N1/qc_passed_reads.all.collapsed",
                "mirtrace/Clone1_N1/qc_passed_reads.all.collapsed/Clone1_N1.fastp.fasta",
                "mirtrace/Clone1_N1/qc_passed_reads.rnatype_unknown.collapsed",
                "mirtrace/Clone1_N1/qc_passed_reads.rnatype_unknown.collapsed/Clone1_N1.fastp.fasta",
                "mirtrace/Clone1_N3",
                "mirtrace/Clone1_N3/mirtrace-report.html",
                "mirtrace/Clone1_N3/mirtrace-results.json",
                "mirtrace/Clone1_N3/mirtrace-stats-contamination_basic.tsv",
                "mirtrace/Clone1_N3/mirtrace-stats-contamination_detailed.tsv",
                "mirtrace/Clone1_N3/mirtrace-stats-length.tsv",
                "mirtrace/Clone1_N3/mirtrace-stats-mirna-complexity.tsv",
                "mirtrace/Clone1_N3/mirtrace-stats-phred.tsv",
                "mirtrace/Clone1_N3/mirtrace-stats-qcstatus.tsv",
                "mirtrace/Clone1_N3/mirtrace-stats-rnatype.tsv",
                "mirtrace/Clone1_N3/qc_passed_reads.all.collapsed",
                "mirtrace/Clone1_N3/qc_passed_reads.all.collapsed/Clone1_N3.fastp.fasta",
                "mirtrace/Clone1_N3/qc_passed_reads.rnatype_unknown.collapsed",
                "mirtrace/Clone1_N3/qc_passed_reads.rnatype_unknown.collapsed/Clone1_N3.fastp.fasta",
                "mirtrace/Clone9_N1",
                "mirtrace/Clone9_N1/mirtrace-report.html",
                "mirtrace/Clone9_N1/mirtrace-results.json",
                "mirtrace/Clone9_N1/mirtrace-stats-contamination_basic.tsv",
                "mirtrace/Clone9_N1/mirtrace-stats-contamination_detailed.tsv",
                "mirtrace/Clone9_N1/mirtrace-stats-length.tsv",
                "mirtrace/Clone9_N1/mirtrace-stats-mirna-complexity.tsv",
                "mirtrace/Clone9_N1/mirtrace-stats-phred.tsv",
                "mirtrace/Clone9_N1/mirtrace-stats-qcstatus.tsv",
                "mirtrace/Clone9_N1/mirtrace-stats-rnatype.tsv",
                "mirtrace/Clone9_N1/qc_passed_reads.all.collapsed",
                "mirtrace/Clone9_N1/qc_passed_reads.all.collapsed/Clone9_N1.fastp.fasta",
                "mirtrace/Clone9_N1/qc_passed_reads.rnatype_unknown.collapsed",
                "mirtrace/Clone9_N1/qc_passed_reads.rnatype_unknown.collapsed/Clone9_N1.fastp.fasta",
                "mirtrace/Clone9_N2",
                "mirtrace/Clone9_N2/mirtrace-report.html",
                "mirtrace/Clone9_N2/mirtrace-results.json",
                "mirtrace/Clone9_N2/mirtrace-stats-contamination_basic.tsv",
                "mirtrace/Clone9_N2/mirtrace-stats-contamination_detailed.tsv",
                "mirtrace/Clone9_N2/mirtrace-stats-length.tsv",
                "mirtrace/Clone9_N2/mirtrace-stats-mirna-complexity.tsv",
                "mirtrace/Clone9_N2/mirtrace-stats-phred.tsv",
                "mirtrace/Clone9_N2/mirtrace-stats-qcstatus.tsv",
                "mirtrace/Clone9_N2/mirtrace-stats-rnatype.tsv",
                "mirtrace/Clone9_N2/qc_passed_reads.all.collapsed",
                "mirtrace/Clone9_N2/qc_passed_reads.all.collapsed/Clone9_N2.fastp.fasta",
                "mirtrace/Clone9_N2/qc_passed_reads.rnatype_unknown.collapsed",
                "mirtrace/Clone9_N2/qc_passed_reads.rnatype_unknown.collapsed/Clone9_N2.fastp.fasta",
                "mirtrace/Clone9_N3",
                "mirtrace/Clone9_N3/mirtrace-report.html",
                "mirtrace/Clone9_N3/mirtrace-results.json",
                "mirtrace/Clone9_N3/mirtrace-stats-contamination_basic.tsv",
                "mirtrace/Clone9_N3/mirtrace-stats-contamination_detailed.tsv",
                "mirtrace/Clone9_N3/mirtrace-stats-length.tsv",
                "mirtrace/Clone9_N3/mirtrace-stats-mirna-complexity.tsv",
                "mirtrace/Clone9_N3/mirtrace-stats-phred.tsv",
                "mirtrace/Clone9_N3/mirtrace-stats-qcstatus.tsv",
                "mirtrace/Clone9_N3/mirtrace-stats-rnatype.tsv",
                "mirtrace/Clone9_N3/qc_passed_reads.all.collapsed",
                "mirtrace/Clone9_N3/qc_passed_reads.all.collapsed/Clone9_N3.fastp.fasta",
                "mirtrace/Clone9_N3/qc_passed_reads.rnatype_unknown.collapsed",
                "mirtrace/Clone9_N3/qc_passed_reads.rnatype_unknown.collapsed/Clone9_N3.fastp.fasta",
                "mirtrace/Control_N1",
                "mirtrace/Control_N1/mirtrace-report.html",
                "mirtrace/Control_N1/mirtrace-results.json",
                "mirtrace/Control_N1/mirtrace-stats-contamination_basic.tsv",
                "mirtrace/Control_N1/mirtrace-stats-contamination_detailed.tsv",
                "mirtrace/Control_N1/mirtrace-stats-length.tsv",
                "mirtrace/Control_N1/mirtrace-stats-mirna-complexity.tsv",
                "mirtrace/Control_N1/mirtrace-stats-phred.tsv",
                "mirtrace/Control_N1/mirtrace-stats-qcstatus.tsv",
                "mirtrace/Control_N1/mirtrace-stats-rnatype.tsv",
                "mirtrace/Control_N1/qc_passed_reads.all.collapsed",
                "mirtrace/Control_N1/qc_passed_reads.all.collapsed/Control_N1.fastp.fasta",
                "mirtrace/Control_N1/qc_passed_reads.rnatype_unknown.collapsed",
                "mirtrace/Control_N1/qc_passed_reads.rnatype_unknown.collapsed/Control_N1.fastp.fasta",
                "mirtrace/Control_N2",
                "mirtrace/Control_N2/mirtrace-report.html",
                "mirtrace/Control_N2/mirtrace-results.json",
                "mirtrace/Control_N2/mirtrace-stats-contamination_basic.tsv",
                "mirtrace/Control_N2/mirtrace-stats-contamination_detailed.tsv",
                "mirtrace/Control_N2/mirtrace-stats-length.tsv",
                "mirtrace/Control_N2/mirtrace-stats-mirna-complexity.tsv",
                "mirtrace/Control_N2/mirtrace-stats-phred.tsv",
                "mirtrace/Control_N2/mirtrace-stats-qcstatus.tsv",
                "mirtrace/Control_N2/mirtrace-stats-rnatype.tsv",
                "mirtrace/Control_N2/qc_passed_reads.all.collapsed",
                "mirtrace/Control_N2/qc_passed_reads.all.collapsed/Control_N2.fastp.fasta",
                "mirtrace/Control_N2/qc_passed_reads.rnatype_unknown.collapsed",
                "mirtrace/Control_N2/qc_passed_reads.rnatype_unknown.collapsed/Control_N2.fastp.fasta",
                "mirtrace/Control_N3",
                "mirtrace/Control_N3/mirtrace-report.html",
                "mirtrace/Control_N3/mirtrace-results.json",
                "mirtrace/Control_N3/mirtrace-stats-contamination_basic.tsv",
                "mirtrace/Control_N3/mirtrace-stats-contamination_detailed.tsv",
                "mirtrace/Control_N3/mirtrace-stats-length.tsv",
                "mirtrace/Control_N3/mirtrace-stats-mirna-complexity.tsv",
                "mirtrace/Control_N3/mirtrace-stats-phred.tsv",
                "mirtrace/Control_N3/mirtrace-stats-qcstatus.tsv",
                "mirtrace/Control_N3/mirtrace-stats-rnatype.tsv",
                "mirtrace/Control_N3/qc_passed_reads.all.collapsed",
                "mirtrace/Control_N3/qc_passed_reads.all.collapsed/Control_N3.fastp.fasta",
                "mirtrace/Control_N3/qc_passed_reads.rnatype_unknown.collapsed",
                "mirtrace/Control_N3/qc_passed_reads.rnatype_unknown.collapsed/Control_N3.fastp.fasta",
                "multiqc",
                "multiqc/multiqc_data",
                "multiqc/multiqc_data/fastp-seq-content-gc-plot_Read_1_After_filtering.txt",
                "multiqc/multiqc_data/fastp-seq-content-gc-plot_Read_1_Before_filtering.txt",
                "multiqc/multiqc_data/fastp-seq-content-n-plot_Read_1_After_filtering.txt",
                "multiqc/multiqc_data/fastp-seq-content-n-plot_Read_1_Before_filtering.txt",
                "multiqc/multiqc_data/fastp-seq-quality-plot_Read_1_After_filtering.txt",
                "multiqc/multiqc_data/fastp-seq-quality-plot_Read_1_Before_filtering.txt",
                "multiqc/multiqc_data/fastp_filtered_reads_plot.txt",
                "multiqc/multiqc_data/fastqc-1-status-check-heatmap.txt",
                "multiqc/multiqc_data/fastqc-1_adapter_content_plot.txt",
                "multiqc/multiqc_data/fastqc-1_overrepresented_sequences_plot.txt",
                "multiqc/multiqc_data/fastqc-1_per_base_n_content_plot.txt",
                "multiqc/multiqc_data/fastqc-1_per_base_sequence_quality_plot.txt",
                "multiqc/multiqc_data/fastqc-1_per_sequence_gc_content_plot_Counts.txt",
                "multiqc/multiqc_data/fastqc-1_per_sequence_gc_content_plot_Percentages.txt",
                "multiqc/multiqc_data/fastqc-1_per_sequence_quality_scores_plot.txt",
                "multiqc/multiqc_data/fastqc-1_sequence_counts_plot.txt",
                "multiqc/multiqc_data/fastqc-1_sequence_duplication_levels_plot.txt",
                "multiqc/multiqc_data/fastqc-1_top_overrepresented_sequences_table.txt",
                "multiqc/multiqc_data/fastqc-status-check-heatmap.txt",
                "multiqc/multiqc_data/fastqc_adapter_content_plot.txt",
                "multiqc/multiqc_data/fastqc_overrepresented_sequences_plot.txt",
                "multiqc/multiqc_data/fastqc_per_base_n_content_plot.txt",
                "multiqc/multiqc_data/fastqc_per_base_sequence_quality_plot.txt",
                "multiqc/multiqc_data/fastqc_per_sequence_gc_content_plot_Counts.txt",
                "multiqc/multiqc_data/fastqc_per_sequence_gc_content_plot_Percentages.txt",
                "multiqc/multiqc_data/fastqc_per_sequence_quality_scores_plot.txt",
                "multiqc/multiqc_data/fastqc_sequence_counts_plot.txt",
                "multiqc/multiqc_data/fastqc_sequence_duplication_levels_plot.txt",
                "multiqc/multiqc_data/fastqc_sequence_length_distribution_plot.txt",
                "multiqc/multiqc_data/fastqc_top_overrepresented_sequences_table.txt",
                "multiqc/multiqc_data/mirtop_mean_read_count_plot.txt",
                "multiqc/multiqc_data/mirtop_read_count_plot.txt",
                "multiqc/multiqc_data/mirtop_unique_read_count_plot.txt",
                "multiqc/multiqc_data/mirtrace_complexity_plot.txt",
                "multiqc/multiqc_data/mirtrace_length_plot.txt",
                "multiqc/multiqc_data/mirtrace_qc_plot.txt",
                "multiqc/multiqc_data/mirtrace_rna_categories_plot.txt",
                "multiqc/multiqc_data/multiqc.log",
                "multiqc/multiqc_data/multiqc_citations.txt",
                "multiqc/multiqc_data/multiqc_data.json",
                "multiqc/multiqc_data/multiqc_fastp.txt",
                "multiqc/multiqc_data/multiqc_fastqc.txt",
                "multiqc/multiqc_data/multiqc_fastqc_1.txt",
                "multiqc/multiqc_data/multiqc_general_stats.txt",
                "multiqc/multiqc_data/multiqc_mirtop.txt",
                "multiqc/multiqc_data/multiqc_mirtrace_complexity.txt",
                "multiqc/multiqc_data/multiqc_mirtrace_contamination.txt",
                "multiqc/multiqc_data/multiqc_mirtrace_length.txt",
                "multiqc/multiqc_data/multiqc_mirtrace_summary.txt",
                "multiqc/multiqc_data/multiqc_samtools_stats.txt",
                "multiqc/multiqc_data/multiqc_software_versions.txt",
                "multiqc/multiqc_data/multiqc_sources.txt",
                "multiqc/multiqc_data/samtools-stats-dp.txt",
                "multiqc/multiqc_data/samtools_alignment_plot.txt",
                "multiqc/multiqc_plots",
                "multiqc/multiqc_plots/pdf",
                "multiqc/multiqc_plots/pdf/fastp-seq-content-gc-plot_Read_1_After_filtering.pdf",
                "multiqc/multiqc_plots/pdf/fastp-seq-content-gc-plot_Read_1_Before_filtering.pdf",
                "multiqc/multiqc_plots/pdf/fastp-seq-content-n-plot_Read_1_After_filtering.pdf",
                "multiqc/multiqc_plots/pdf/fastp-seq-content-n-plot_Read_1_Before_filtering.pdf",
                "multiqc/multiqc_plots/pdf/fastp-seq-quality-plot_Read_1_After_filtering.pdf",
                "multiqc/multiqc_plots/pdf/fastp-seq-quality-plot_Read_1_Before_filtering.pdf",
                "multiqc/multiqc_plots/pdf/fastp_filtered_reads_plot-cnt.pdf",
                "multiqc/multiqc_plots/pdf/fastp_filtered_reads_plot-pct.pdf",
                "multiqc/multiqc_plots/pdf/fastqc-1-status-check-heatmap.pdf",
                "multiqc/multiqc_plots/pdf/fastqc-1_adapter_content_plot.pdf",
                "multiqc/multiqc_plots/pdf/fastqc-1_overrepresented_sequences_plot.pdf",
                "multiqc/multiqc_plots/pdf/fastqc-1_per_base_n_content_plot.pdf",
                "multiqc/multiqc_plots/pdf/fastqc-1_per_base_sequence_quality_plot.pdf",
                "multiqc/multiqc_plots/pdf/fastqc-1_per_sequence_gc_content_plot_Counts.pdf",
                "multiqc/multiqc_plots/pdf/fastqc-1_per_sequence_gc_content_plot_Percentages.pdf",
                "multiqc/multiqc_plots/pdf/fastqc-1_per_sequence_quality_scores_plot.pdf",
                "multiqc/multiqc_plots/pdf/fastqc-1_sequence_counts_plot-cnt.pdf",
                "multiqc/multiqc_plots/pdf/fastqc-1_sequence_counts_plot-pct.pdf",
                "multiqc/multiqc_plots/pdf/fastqc-1_sequence_duplication_levels_plot.pdf",
                "multiqc/multiqc_plots/pdf/fastqc-1_top_overrepresented_sequences_table.pdf",
                "multiqc/multiqc_plots/pdf/fastqc-status-check-heatmap.pdf",
                "multiqc/multiqc_plots/pdf/fastqc_adapter_content_plot.pdf",
                "multiqc/multiqc_plots/pdf/fastqc_overrepresented_sequences_plot.pdf",
                "multiqc/multiqc_plots/pdf/fastqc_per_base_n_content_plot.pdf",
                "multiqc/multiqc_plots/pdf/fastqc_per_base_sequence_quality_plot.pdf",
                "multiqc/multiqc_plots/pdf/fastqc_per_sequence_gc_content_plot_Counts.pdf",
                "multiqc/multiqc_plots/pdf/fastqc_per_sequence_gc_content_plot_Percentages.pdf",
                "multiqc/multiqc_plots/pdf/fastqc_per_sequence_quality_scores_plot.pdf",
                "multiqc/multiqc_plots/pdf/fastqc_sequence_counts_plot-cnt.pdf",
                "multiqc/multiqc_plots/pdf/fastqc_sequence_counts_plot-pct.pdf",
                "multiqc/multiqc_plots/pdf/fastqc_sequence_duplication_levels_plot.pdf",
                "multiqc/multiqc_plots/pdf/fastqc_sequence_length_distribution_plot.pdf",
                "multiqc/multiqc_plots/pdf/fastqc_top_overrepresented_sequences_table.pdf",
                "multiqc/multiqc_plots/pdf/general_stats_table.pdf",
                "multiqc/multiqc_plots/pdf/mirtop_mean_read_count_plot-cnt.pdf",
                "multiqc/multiqc_plots/pdf/mirtop_mean_read_count_plot-pct.pdf",
                "multiqc/multiqc_plots/pdf/mirtop_read_count_plot-cnt.pdf",
                "multiqc/multiqc_plots/pdf/mirtop_read_count_plot-pct.pdf",
                "multiqc/multiqc_plots/pdf/mirtop_unique_read_count_plot-cnt.pdf",
                "multiqc/multiqc_plots/pdf/mirtop_unique_read_count_plot-pct.pdf",
                "multiqc/multiqc_plots/pdf/mirtrace_complexity_plot.pdf",
                "multiqc/multiqc_plots/pdf/mirtrace_length_plot.pdf",
                "multiqc/multiqc_plots/pdf/mirtrace_qc_plot-cnt.pdf",
                "multiqc/multiqc_plots/pdf/mirtrace_qc_plot-pct.pdf",
                "multiqc/multiqc_plots/pdf/mirtrace_rna_categories_plot-cnt.pdf",
                "multiqc/multiqc_plots/pdf/mirtrace_rna_categories_plot-pct.pdf",
                "multiqc/multiqc_plots/pdf/samtools-stats-dp.pdf",
                "multiqc/multiqc_plots/pdf/samtools_alignment_plot-cnt.pdf",
                "multiqc/multiqc_plots/pdf/samtools_alignment_plot-pct.pdf",
                "multiqc/multiqc_plots/png",
                "multiqc/multiqc_plots/png/fastp-seq-content-gc-plot_Read_1_After_filtering.png",
                "multiqc/multiqc_plots/png/fastp-seq-content-gc-plot_Read_1_Before_filtering.png",
                "multiqc/multiqc_plots/png/fastp-seq-content-n-plot_Read_1_After_filtering.png",
                "multiqc/multiqc_plots/png/fastp-seq-content-n-plot_Read_1_Before_filtering.png",
                "multiqc/multiqc_plots/png/fastp-seq-quality-plot_Read_1_After_filtering.png",
                "multiqc/multiqc_plots/png/fastp-seq-quality-plot_Read_1_Before_filtering.png",
                "multiqc/multiqc_plots/png/fastp_filtered_reads_plot-cnt.png",
                "multiqc/multiqc_plots/png/fastp_filtered_reads_plot-pct.png",
                "multiqc/multiqc_plots/png/fastqc-1-status-check-heatmap.png",
                "multiqc/multiqc_plots/png/fastqc-1_adapter_content_plot.png",
                "multiqc/multiqc_plots/png/fastqc-1_overrepresented_sequences_plot.png",
                "multiqc/multiqc_plots/png/fastqc-1_per_base_n_content_plot.png",
                "multiqc/multiqc_plots/png/fastqc-1_per_base_sequence_quality_plot.png",
                "multiqc/multiqc_plots/png/fastqc-1_per_sequence_gc_content_plot_Counts.png",
                "multiqc/multiqc_plots/png/fastqc-1_per_sequence_gc_content_plot_Percentages.png",
                "multiqc/multiqc_plots/png/fastqc-1_per_sequence_quality_scores_plot.png",
                "multiqc/multiqc_plots/png/fastqc-1_sequence_counts_plot-cnt.png",
                "multiqc/multiqc_plots/png/fastqc-1_sequence_counts_plot-pct.png",
                "multiqc/multiqc_plots/png/fastqc-1_sequence_duplication_levels_plot.png",
                "multiqc/multiqc_plots/png/fastqc-1_top_overrepresented_sequences_table.png",
                "multiqc/multiqc_plots/png/fastqc-status-check-heatmap.png",
                "multiqc/multiqc_plots/png/fastqc_adapter_content_plot.png",
                "multiqc/multiqc_plots/png/fastqc_overrepresented_sequences_plot.png",
                "multiqc/multiqc_plots/png/fastqc_per_base_n_content_plot.png",
                "multiqc/multiqc_plots/png/fastqc_per_base_sequence_quality_plot.png",
                "multiqc/multiqc_plots/png/fastqc_per_sequence_gc_content_plot_Counts.png",
                "multiqc/multiqc_plots/png/fastqc_per_sequence_gc_content_plot_Percentages.png",
                "multiqc/multiqc_plots/png/fastqc_per_sequence_quality_scores_plot.png",
                "multiqc/multiqc_plots/png/fastqc_sequence_counts_plot-cnt.png",
                "multiqc/multiqc_plots/png/fastqc_sequence_counts_plot-pct.png",
                "multiqc/multiqc_plots/png/fastqc_sequence_duplication_levels_plot.png",
                "multiqc/multiqc_plots/png/fastqc_sequence_length_distribution_plot.png",
                "multiqc/multiqc_plots/png/fastqc_top_overrepresented_sequences_table.png",
                "multiqc/multiqc_plots/png/general_stats_table.png",
                "multiqc/multiqc_plots/png/mirtop_mean_read_count_plot-cnt.png",
                "multiqc/multiqc_plots/png/mirtop_mean_read_count_plot-pct.png",
                "multiqc/multiqc_plots/png/mirtop_read_count_plot-cnt.png",
                "multiqc/multiqc_plots/png/mirtop_read_count_plot-pct.png",
                "multiqc/multiqc_plots/png/mirtop_unique_read_count_plot-cnt.png",
                "multiqc/multiqc_plots/png/mirtop_unique_read_count_plot-pct.png",
                "multiqc/multiqc_plots/png/mirtrace_complexity_plot.png",
                "multiqc/multiqc_plots/png/mirtrace_length_plot.png",
                "multiqc/multiqc_plots/png/mirtrace_qc_plot-cnt.png",
                "multiqc/multiqc_plots/png/mirtrace_qc_plot-pct.png",
                "multiqc/multiqc_plots/png/mirtrace_rna_categories_plot-cnt.png",
                "multiqc/multiqc_plots/png/mirtrace_rna_categories_plot-pct.png",
                "multiqc/multiqc_plots/png/samtools-stats-dp.png",
                "multiqc/multiqc_plots/png/samtools_alignment_plot-cnt.png",
                "multiqc/multiqc_plots/png/samtools_alignment_plot-pct.png",
                "multiqc/multiqc_plots/svg",
                "multiqc/multiqc_plots/svg/fastp-seq-content-gc-plot_Read_1_After_filtering.svg",
                "multiqc/multiqc_plots/svg/fastp-seq-content-gc-plot_Read_1_Before_filtering.svg",
                "multiqc/multiqc_plots/svg/fastp-seq-content-n-plot_Read_1_After_filtering.svg",
                "multiqc/multiqc_plots/svg/fastp-seq-content-n-plot_Read_1_Before_filtering.svg",
                "multiqc/multiqc_plots/svg/fastp-seq-quality-plot_Read_1_After_filtering.svg",
                "multiqc/multiqc_plots/svg/fastp-seq-quality-plot_Read_1_Before_filtering.svg",
                "multiqc/multiqc_plots/svg/fastp_filtered_reads_plot-cnt.svg",
                "multiqc/multiqc_plots/svg/fastp_filtered_reads_plot-pct.svg",
                "multiqc/multiqc_plots/svg/fastqc-1-status-check-heatmap.svg",
                "multiqc/multiqc_plots/svg/fastqc-1_adapter_content_plot.svg",
                "multiqc/multiqc_plots/svg/fastqc-1_overrepresented_sequences_plot.svg",
                "multiqc/multiqc_plots/svg/fastqc-1_per_base_n_content_plot.svg",
                "multiqc/multiqc_plots/svg/fastqc-1_per_base_sequence_quality_plot.svg",
                "multiqc/multiqc_plots/svg/fastqc-1_per_sequence_gc_content_plot_Counts.svg",
                "multiqc/multiqc_plots/svg/fastqc-1_per_sequence_gc_content_plot_Percentages.svg",
                "multiqc/multiqc_plots/svg/fastqc-1_per_sequence_quality_scores_plot.svg",
                "multiqc/multiqc_plots/svg/fastqc-1_sequence_counts_plot-cnt.svg",
                "multiqc/multiqc_plots/svg/fastqc-1_sequence_counts_plot-pct.svg",
                "multiqc/multiqc_plots/svg/fastqc-1_sequence_duplication_levels_plot.svg",
                "multiqc/multiqc_plots/svg/fastqc-1_top_overrepresented_sequences_table.svg",
                "multiqc/multiqc_plots/svg/fastqc-status-check-heatmap.svg",
                "multiqc/multiqc_plots/svg/fastqc_adapter_content_plot.svg",
                "multiqc/multiqc_plots/svg/fastqc_overrepresented_sequences_plot.svg",
                "multiqc/multiqc_plots/svg/fastqc_per_base_n_content_plot.svg",
                "multiqc/multiqc_plots/svg/fastqc_per_base_sequence_quality_plot.svg",
                "multiqc/multiqc_plots/svg/fastqc_per_sequence_gc_content_plot_Counts.svg",
                "multiqc/multiqc_plots/svg/fastqc_per_sequence_gc_content_plot_Percentages.svg",
                "multiqc/multiqc_plots/svg/fastqc_per_sequence_quality_scores_plot.svg",
                "multiqc/multiqc_plots/svg/fastqc_sequence_counts_plot-cnt.svg",
                "multiqc/multiqc_plots/svg/fastqc_sequence_counts_plot-pct.svg",
                "multiqc/multiqc_plots/svg/fastqc_sequence_duplication_levels_plot.svg",
                "multiqc/multiqc_plots/svg/fastqc_sequence_length_distribution_plot.svg",
                "multiqc/multiqc_plots/svg/fastqc_top_overrepresented_sequences_table.svg",
                "multiqc/multiqc_plots/svg/general_stats_table.svg",
                "multiqc/multiqc_plots/svg/mirtop_mean_read_count_plot-cnt.svg",
                "multiqc/multiqc_plots/svg/mirtop_mean_read_count_plot-pct.svg",
                "multiqc/multiqc_plots/svg/mirtop_read_count_plot-cnt.svg",
                "multiqc/multiqc_plots/svg/mirtop_read_count_plot-pct.svg",
                "multiqc/multiqc_plots/svg/mirtop_unique_read_count_plot-cnt.svg",
                "multiqc/multiqc_plots/svg/mirtop_unique_read_count_plot-pct.svg",
                "multiqc/multiqc_plots/svg/mirtrace_complexity_plot.svg",
                "multiqc/multiqc_plots/svg/mirtrace_length_plot.svg",
                "multiqc/multiqc_plots/svg/mirtrace_qc_plot-cnt.svg",
                "multiqc/multiqc_plots/svg/mirtrace_qc_plot-pct.svg",
                "multiqc/multiqc_plots/svg/mirtrace_rna_categories_plot-cnt.svg",
                "multiqc/multiqc_plots/svg/mirtrace_rna_categories_plot-pct.svg",
                "multiqc/multiqc_plots/svg/samtools-stats-dp.svg",
                "multiqc/multiqc_plots/svg/samtools_alignment_plot-cnt.svg",
                "multiqc/multiqc_plots/svg/samtools_alignment_plot-pct.svg",
                "multiqc/multiqc_report.html",
                "pipeline_info",
                "pipeline_info/nf_core_smrnaseq_software_mqc_versions.yml",
                "untar",
                "untar/bowtie_index",
                "untar/bowtie_index/genome.1.ebwt",
                "untar/bowtie_index/genome.2.ebwt",
                "untar/bowtie_index/genome.3.ebwt",
                "untar/bowtie_index/genome.4.ebwt",
                "untar/bowtie_index/genome.rev.1.ebwt",
                "untar/bowtie_index/genome.rev.2.ebwt"
            ],
            [
                "Clone1_N1.fastp.html:md5,971aa21c31e3923ba62d0bf394c8ee39",
                "Clone1_N1.fastp.json:md5,9d31a87e59fcfeff010d7cb71788af5e",
                "Clone1_N3.fastp.html:md5,51238780ec1dbf47819d91998454249b",
                "Clone1_N3.fastp.json:md5,479a9c5173bcf8b0c039c96083b14e53",
                "Clone9_N1.fastp.html:md5,5966c6b5228bc5ff1b64ded05b5c27c2",
                "Clone9_N1.fastp.json:md5,8c1a2be031476fb69558d74dcc37ed52",
                "Clone9_N2.fastp.html:md5,8e0e2145de4c362607e6705d3faf011d",
                "Clone9_N2.fastp.json:md5,76226229d03ce6dcead418dbd041bf76",
                "Clone9_N3.fastp.html:md5,123b0d237f48dd4a89e19edfe809d550",
                "Clone9_N3.fastp.json:md5,a0267acecb3f946c97389e92cbef9d71",
                "Control_N1.fastp.html:md5,7aad4ccc4d2437c528614671b14c3be8",
                "Control_N1.fastp.json:md5,4c92432c486aabbee621dd4937327820",
                "Control_N2.fastp.html:md5,1180d0a96c4e3f7ff6dd76ec3cb74253",
                "Control_N2.fastp.json:md5,7b3ce471ae6309642b8c40be29d7e73e",
                "Control_N3.fastp.html:md5,773277754a9205df8ff01ad19d5a62c7",
                "Control_N3.fastp.json:md5,aa2e8649d04450247e5e6be361aae0b0",
                "Clone1_N1.fastp.log:md5,015dc1de529dc27bf6b07a5f653eacdd",
                "Clone1_N3.fastp.log:md5,9afc7e047612a326ac83da4b51fdb07b",
                "Clone9_N1.fastp.log:md5,5ddbc2f77f1ecb9555f0f4f6f76a5a10",
                "Clone9_N2.fastp.log:md5,995a29066b12b5c9da57a7b3fbafce82",
                "Clone9_N3.fastp.log:md5,56ad827026081080691eb6055043531d",
                "Control_N1.fastp.log:md5,01a1ec0718666dc2026aba696823c0cf",
                "Control_N2.fastp.log:md5,80d5bc4838c3e98ab2b12a971131bd9b",
                "Control_N3.fastp.log:md5,c7639d125d7ebc2c156eeacae265e491",
                "Clone1_N1_mature_hairpin_genome.sorted.flagstat:md5,4d552770e6d3b06775b6f484684f7a77",
                "Clone1_N1_mature_hairpin_genome.sorted.idxstats:md5,169a196ee2da6945392f6a361164ffc5",
                "Clone1_N1_mature_hairpin_genome.sorted.stats:md5,56f316d0ca81840c08654d9730cd31e6",
                "Clone1_N3_mature_hairpin_genome.sorted.flagstat:md5,9dee041c82ad3b2d2ab4f8986822f2ce",
                "Clone1_N3_mature_hairpin_genome.sorted.idxstats:md5,d680e48370d319f1891cdd61b8754644",
                "Clone1_N3_mature_hairpin_genome.sorted.stats:md5,30b3774f243c9363e37f303e6708d526",
                "Clone9_N1_mature_hairpin_genome.sorted.flagstat:md5,2fd8cd41edde2292f857528658c3e0a1",
                "Clone9_N1_mature_hairpin_genome.sorted.idxstats:md5,a199f8999ba915a81acfc450e0db8393",
                "Clone9_N1_mature_hairpin_genome.sorted.stats:md5,eeea16747a7606ade7dc0e7f5a3487e9",
                "Clone9_N2_mature_hairpin_genome.sorted.flagstat:md5,b8fbbdaca0458b19732312dea2997be8",
                "Clone9_N2_mature_hairpin_genome.sorted.idxstats:md5,61c4821cba66c91272e62547617db2c9",
                "Clone9_N2_mature_hairpin_genome.sorted.stats:md5,7caddd8fe3ecfb77e89d0de4ad3a1dd5",
                "Clone9_N3_mature_hairpin_genome.sorted.flagstat:md5,dbe38679a68d55b8a182831e336eebb1",
                "Clone9_N3_mature_hairpin_genome.sorted.idxstats:md5,0a227abfa6aa10023219bce7b2795b67",
                "Clone9_N3_mature_hairpin_genome.sorted.stats:md5,f639611d840e93b309d63c1103799932",
                "Control_N1_mature_hairpin_genome.sorted.flagstat:md5,18f0028f1cfc137ef8f089e465fe20f5",
                "Control_N1_mature_hairpin_genome.sorted.idxstats:md5,fe01b41ed88612c28b667817c4a8fcc1",
                "Control_N1_mature_hairpin_genome.sorted.stats:md5,55c5806869b346687abdd7c6233e6aaf",
                "Control_N2_mature_hairpin_genome.sorted.flagstat:md5,b0d42e94b2e0e026cd32a88dce40722c",
                "Control_N2_mature_hairpin_genome.sorted.idxstats:md5,b6da32ce230fdeab39f3c4d5dcf41a3a",
                "Control_N2_mature_hairpin_genome.sorted.stats:md5,7584db9184245a851909f93892b20b68",
                "Control_N3_mature_hairpin_genome.sorted.flagstat:md5,ae834e3dbaa18aa9bce66c3b0034c430",
                "Control_N3_mature_hairpin_genome.sorted.idxstats:md5,94d53c9ad335779a1ea25fd5b4b08069",
                "Control_N3_mature_hairpin_genome.sorted.stats:md5,a47a06456ca634337ec8c87c01435fec",
                "hairpin_CPM_heatmap.pdf:md5,8bba9ba71b422850f24419adc622526e",
                "hairpin_counts.csv:md5,bd7d668ca92362f5c1e777463425f03b",
                "hairpin_edgeR_MDS_distance_matrix.txt:md5,d5c48997fd74df0852d377a7c8d9ed10",
                "hairpin_edgeR_MDS_plot.pdf:md5,5d897eb54fd951752f98053b7ed05773",
                "hairpin_edgeR_MDS_plot_coordinates.txt:md5,711fd44c3bd788dac2650a1cb496bde4",
                "hairpin_log2CPM_sample_distances.txt:md5,b19fa1d9f821fc8e2c0e9f34f76b5479",
                "hairpin_log2CPM_sample_distances_dendrogram.pdf:md5,2d45b653093d1f5eebde10af1aba8786",
                "hairpin_log2CPM_sample_distances_heatmap.pdf:md5,532981bb1ff681aeab5f362d295e2879",
                "hairpin_logtpm.csv:md5,3173bd0a93e6b7bf3a3455f190751c70",
                "hairpin_logtpm.txt:md5,f9971d53f54e6230389989b482e103af",
                "hairpin_normalized_CPM.txt:md5,720d32f65d92bd6b072fb2a1cee51016",
                "hairpin_unmapped_read_counts.txt:md5,904ee6720f6652f3378327a5fd222f45",
                "mature_CPM_heatmap.pdf:md5,fe4f941e6e3981983d75bfe5abf0065a",
                "mature_counts.csv:md5,e0bfde959169bb855846fe4eb6e0b2be",
                "mature_edgeR_MDS_distance_matrix.txt:md5,d60a899edcd4b32cfae3a0a28b282784",
                "mature_edgeR_MDS_plot.pdf:md5,1203a67b8e9bf9a68b81a47d93e5866f",
                "mature_edgeR_MDS_plot_coordinates.txt:md5,31b8c7954efd57414ca361ac715d8ed1",
                "mature_log2CPM_sample_distances.txt:md5,bea4b11907cd6badbc68e9b505a48bb8",
                "mature_log2CPM_sample_distances_dendrogram.pdf:md5,8cd5007777d6fe23b575b0e24702a51a",
                "mature_log2CPM_sample_distances_heatmap.pdf:md5,fb14e6d38bca4a5fffbbb2f47c63d725",
                "mature_logtpm.csv:md5,7a208f871831bdaf6a20adcfc47157f5",
                "mature_logtpm.txt:md5,3047bdc48b3a23ea60b46e74c040c79a",
                "mature_normalized_CPM.txt:md5,dccea3b9919b830d65c57205bf083e98",
                "mature_unmapped_read_counts.txt:md5,dd723d7589ffdc7754882c890dc832a1",
                "Clone1_N1_mirtop_rawData.tsv:md5,3699a2637970aef065f9f3f6af0403f4",
                "Clone1_N3_mirtop_rawData.tsv:md5,c86bfcbb2bc2754393937f5198e0b8be",
                "Clone9_N1_mirtop_rawData.tsv:md5,8ac1d96f9f339b5d9eff9034b9071e3c",
                "Clone9_N2_mirtop_rawData.tsv:md5,c68910856f61ae6517479ebf51f26aa4",
                "Clone9_N3_mirtop_rawData.tsv:md5,49e43dd28b88d29696ec49e620378e0a",
                "Control_N1_mirtop_rawData.tsv:md5,a84c632889c66952501c5693a87e180c",
                "Control_N2_mirtop_rawData.tsv:md5,be41a5e2a616390d40761522ea91558a",
                "Control_N3_mirtop_rawData.tsv:md5,6a1215a11638656a99672d83c0424d54",
                "Clone1_N1_mirtop.gff:md5,607c888dfd0f6fe8a2f51eec485342d3",
                "Clone1_N3_mirtop.gff:md5,b8f3d8f815fe324df637419520faa4b2",
                "Clone9_N1_mirtop.gff:md5,3f3835a43edea630a0133e9cdd97d8ba",
                "Clone9_N2_mirtop.gff:md5,6f2dd3baa6dbe0bdfe709073742bd50d",
                "Clone9_N3_mirtop.gff:md5,df81836a23a341495866b22e9f3ed163",
                "Control_N1_mirtop.gff:md5,e2f4f61ef512f36cc23b8807f69d265c",
                "Control_N2_mirtop.gff:md5,361b0a695b98d0596f3b86144c747883",
                "Control_N3_mirtop.gff:md5,15a3184af53e4e1992d081e478747f1b",
                "joined_samples_mirtop.tsv:md5,a4d4c2c5f136f32e063e990ca3a6a3ef",
                "mirna.tsv:md5,d87d8cd4074967dc2f0e2b67eff0aa4e",
                "mirtrace-report.html:md5,9760325f552e6c2e4871ed7e23cada39",
                "mirtrace-results.json:md5,47c4cf72cec806fcf3b50b67515c264b",
                "mirtrace-stats-contamination_basic.tsv:md5,34005177b3038da76236b5d8fb468825",
                "mirtrace-stats-contamination_detailed.tsv:md5,141f6f46a4f9fcfac91303c125a2fc75",
                "mirtrace-stats-length.tsv:md5,7d835805aca881496e65f6f96aa60d7d",
                "mirtrace-stats-mirna-complexity.tsv:md5,955fbeee2361244f7623c5d6f6b7a2b3",
                "mirtrace-stats-phred.tsv:md5,0f84ab70c67a94bab6820cf97c63d10f",
                "mirtrace-stats-qcstatus.tsv:md5,7f061d2cb69eb6815350ff0341c9e875",
                "mirtrace-stats-rnatype.tsv:md5,406fdb7bde295573d4d92b57a1c59767",
                "Clone1_N1.fastp.fasta:md5,2b7ae92e9b8fcdfa34b62e39d13e49be",
                "Clone1_N1.fastp.fasta:md5,e297dfa46353946d6c140e4513dd4525",
                "mirtrace-report.html:md5,b64050bc19323f0eb15fa53c9ba5699d",
                "mirtrace-results.json:md5,ea84a4975f33e18bd22bd4cdef153914",
                "mirtrace-stats-contamination_basic.tsv:md5,109ca0f96520aaa21bea6f55dc1b4b03",
                "mirtrace-stats-contamination_detailed.tsv:md5,d116d38bc104139f7496da66ce0a9436",
                "mirtrace-stats-length.tsv:md5,28f170372441abb8e01a76b5f0c8db72",
                "mirtrace-stats-mirna-complexity.tsv:md5,5bbf57ea421518453be4f2f35cfc6466",
                "mirtrace-stats-phred.tsv:md5,839d5996936dc6873ebba753067ebec1",
                "mirtrace-stats-qcstatus.tsv:md5,4119ef9d401bbb85f1275d98cf56d98f",
                "mirtrace-stats-rnatype.tsv:md5,a3ffe9528e557568750aa08dff6ebf8e",
                "Clone1_N3.fastp.fasta:md5,b52ce91e385589c82474039c32b9bc0d",
                "Clone1_N3.fastp.fasta:md5,4012282462dde0750f09cec883304cc3",
                "mirtrace-report.html:md5,1ff7f1755a344631c28c31290a65bb67",
                "mirtrace-results.json:md5,fd82f4e5ce534bc5a2766b08d86fde11",
                "mirtrace-stats-contamination_basic.tsv:md5,caad38b3aa7b7b45f7832076de456943",
                "mirtrace-stats-contamination_detailed.tsv:md5,c1fe7947522c1fa109123f19524ef3dc",
                "mirtrace-stats-length.tsv:md5,dba01664db1324159685fd90b0633fe9",
                "mirtrace-stats-mirna-complexity.tsv:md5,a0fc3d8007b17599fa2b3321adcaaf20",
                "mirtrace-stats-phred.tsv:md5,f4765f2f7667471a6dde26bb8f9708ca",
                "mirtrace-stats-qcstatus.tsv:md5,b443d44b8e23ed7fed32b7b79f192b4b",
                "mirtrace-stats-rnatype.tsv:md5,65f8125a5651573a8c072600ebd8f740",
                "Clone9_N1.fastp.fasta:md5,c82f662747004a6873580898e29e1f44",
                "Clone9_N1.fastp.fasta:md5,63a17d136548fc98f34c8d98006cc7da",
                "mirtrace-report.html:md5,295dcbdc9a2d60db8c15622f6cf26760",
                "mirtrace-results.json:md5,1b72e2bcdff674fa7af73c19c7d81366",
                "mirtrace-stats-contamination_basic.tsv:md5,60c4ee7e0cf4d95ee9adba040f5c6a89",
                "mirtrace-stats-contamination_detailed.tsv:md5,6dccc7080b211e459d0c5f9ed86f35bb",
                "mirtrace-stats-length.tsv:md5,203862f53be85d5a33c18ccee216d960",
                "mirtrace-stats-mirna-complexity.tsv:md5,3a2dca911d73a8ecb73a15067a7322c6",
                "mirtrace-stats-phred.tsv:md5,fc5a74145332426a97db6fce0b927b15",
                "mirtrace-stats-qcstatus.tsv:md5,fc4dc03e94bdcc7425883c836cc4d49c",
                "mirtrace-stats-rnatype.tsv:md5,79892f3b7e55d07ff0cddaa9a08863b5",
                "Clone9_N2.fastp.fasta:md5,0a676933f44f59ccbf388093e1815b22",
                "Clone9_N2.fastp.fasta:md5,b1ca39e6e1e75ee7d654d9ccfb35e906",
                "mirtrace-report.html:md5,d97083f4d0b465454dbd45b7414800fc",
                "mirtrace-results.json:md5,39be82152bb34e5d0ccafe262e2e08e4",
                "mirtrace-stats-contamination_basic.tsv:md5,b43e616d4433f545584719df3d27a4bc",
                "mirtrace-stats-contamination_detailed.tsv:md5,db09a1970e11e6309d341203d022268d",
                "mirtrace-stats-length.tsv:md5,44f2d5c07bf81412311f09680bdddcb0",
                "mirtrace-stats-mirna-complexity.tsv:md5,2b69b7d46568ad44969aa511418dc08e",
                "mirtrace-stats-phred.tsv:md5,b9f2ecc998274f284f92eef8bd991474",
                "mirtrace-stats-qcstatus.tsv:md5,76f54366da6454d127687e89cbd60dd9",
                "mirtrace-stats-rnatype.tsv:md5,6c0879e771e907e9d4555a00adaf5a80",
                "Clone9_N3.fastp.fasta:md5,d1b074453b3edb85ada10bd7d82b66a8",
                "Clone9_N3.fastp.fasta:md5,f733e20eb8d2a2009ca82464e8ccb148",
                "mirtrace-report.html:md5,0b4ef05f0969a6703fd06a9b46dadcf8",
                "mirtrace-results.json:md5,f6345a7f0df565c2e55e88b461e50e69",
                "mirtrace-stats-contamination_basic.tsv:md5,d9c7f376534f96edc7b75336481cadac",
                "mirtrace-stats-contamination_detailed.tsv:md5,a5be3a3a11422e6ccd952e58f77ba7f4",
                "mirtrace-stats-length.tsv:md5,6ac0c07aa26ae382cbd890993b04cedd",
                "mirtrace-stats-mirna-complexity.tsv:md5,0c7d5933bf35362173784c4179df2835",
                "mirtrace-stats-phred.tsv:md5,bd4757336ac7ee62b5ce7b2fb121172a",
                "mirtrace-stats-qcstatus.tsv:md5,bd813a5ea1af471b495ef76b3dbc65e2",
                "mirtrace-stats-rnatype.tsv:md5,a1d7dbf440f8619be92e984023792102",
                "Control_N1.fastp.fasta:md5,5e377b864d5d4443234b46593884514c",
                "Control_N1.fastp.fasta:md5,e964e05ce2c93937a8e76602f2e08150",
                "mirtrace-report.html:md5,c198101e173a13a9284f52495246d330",
                "mirtrace-results.json:md5,fb092cdb80af0fdca2dbddcb8939b278",
                "mirtrace-stats-contamination_basic.tsv:md5,4b1c301d622a69b62d4ad3301472c3c3",
                "mirtrace-stats-contamination_detailed.tsv:md5,8198ff08f1592343ab9fa93208d15c77",
                "mirtrace-stats-length.tsv:md5,80cf5a2e160597232742eb7b30329ebe",
                "mirtrace-stats-mirna-complexity.tsv:md5,c6f00315e654ec92c720eb1de8e42e56",
                "mirtrace-stats-phred.tsv:md5,f763cf0c98307e13b8b0def6a3ab6a1d",
                "mirtrace-stats-qcstatus.tsv:md5,3889e7ff72d0b5236b77af35ae59f5d2",
                "mirtrace-stats-rnatype.tsv:md5,823b9a33b602f6ddb988c045dba884de",
                "Control_N2.fastp.fasta:md5,8b11f194e66d35d8240cabf4493950ef",
                "Control_N2.fastp.fasta:md5,8cefbc494be7b363b19c10b8c00366b2",
                "mirtrace-report.html:md5,88d560a91d8fe1a0558d9e7991cb0e61",
                "mirtrace-results.json:md5,6dd935865c420a9ebef5c80d7a51df50",
                "mirtrace-stats-contamination_basic.tsv:md5,f131ac3b945d4a7165be3363a1edff46",
                "mirtrace-stats-contamination_detailed.tsv:md5,c77f050c0257d26e4c85b2169582d266",
                "mirtrace-stats-length.tsv:md5,164e310216247fc080d3c2cb75455766",
                "mirtrace-stats-mirna-complexity.tsv:md5,930883be2bef6e6f36a244635c09e2f0",
                "mirtrace-stats-phred.tsv:md5,1180b49660f59b3bcddc83e0f65b1d6b",
                "mirtrace-stats-qcstatus.tsv:md5,75a49be097a3aedecc0f07daaaa1cc4e",
                "mirtrace-stats-rnatype.tsv:md5,3dc04b4c62790a694ac820a790d68116",
                "Control_N3.fastp.fasta:md5,178c466a3dae3c168dc1bdaffa647e77",
                "Control_N3.fastp.fasta:md5,d9980a598ece252e19d6c9ebefd51861",
                "fastp-seq-content-gc-plot_Read_1_After_filtering.txt:md5,efa8123c9ad43f99a6fba671f50322ca",
                "fastp-seq-content-gc-plot_Read_1_Before_filtering.txt:md5,a8387a3e6b350acd16bb0ed5a43949d8",
                "fastp-seq-content-n-plot_Read_1_After_filtering.txt:md5,048e9b2293217ab8b47ba0113b83c76c",
                "fastp-seq-content-n-plot_Read_1_Before_filtering.txt:md5,048e9b2293217ab8b47ba0113b83c76c",
                "fastp-seq-quality-plot_Read_1_After_filtering.txt:md5,b1481a9fbf5ea541b39aed99b51d616f",
                "fastp-seq-quality-plot_Read_1_Before_filtering.txt:md5,65685440fcb927115ac30b01133e2f92",
                "fastp_filtered_reads_plot.txt:md5,02c8fc4c0643194c5bcbc68335504792",
                "fastqc-1-status-check-heatmap.txt:md5,e64c353797e6dc057d10b3194ca6b20d",
                "fastqc-1_adapter_content_plot.txt:md5,71ba0983a71f3a833526ab83a985d072",
                "fastqc-1_overrepresented_sequences_plot.txt:md5,d243531446bce25eb0be96cf0e702af8",
                "fastqc-1_per_base_n_content_plot.txt:md5,048e9b2293217ab8b47ba0113b83c76c",
                "fastqc-1_per_base_sequence_quality_plot.txt:md5,6a0df664a369ee216412f0033ed3a042",
                "fastqc-1_per_sequence_gc_content_plot_Counts.txt:md5,ed7205b9c46d5f431c5b3bf499a673a1",
                "fastqc-1_per_sequence_gc_content_plot_Percentages.txt:md5,edf5130b48b0814788867dd42e9cf407",
                "fastqc-1_per_sequence_quality_scores_plot.txt:md5,69f4459318311103fe71a5d1d3b2c076",
                "fastqc-1_sequence_counts_plot.txt:md5,05fd091b0df38374e17274a063206b87",
                "fastqc-1_sequence_duplication_levels_plot.txt:md5,06a4162d4787883b1f39a1b9acb7bb91",
                "fastqc-1_top_overrepresented_sequences_table.txt:md5,9048896863d9dd9852e20a2937f519d0",
                "fastqc-status-check-heatmap.txt:md5,30f55902420433a11971d36956e8576e",
                "fastqc_adapter_content_plot.txt:md5,86a0f478fd3e690ef5132d08bf4e7625",
                "fastqc_overrepresented_sequences_plot.txt:md5,c9114495778fc34844065a82254efca5",
                "fastqc_per_base_n_content_plot.txt:md5,fb8a49467d1679dbf716e1f00c1f25e5",
                "fastqc_per_base_sequence_quality_plot.txt:md5,80ea53d94917cadcb41f3fdb56cba014",
                "fastqc_per_sequence_gc_content_plot_Counts.txt:md5,3e9c1a7204c12d9c1b3b53342cf61840",
                "fastqc_per_sequence_gc_content_plot_Percentages.txt:md5,539883757ae5bf731da93fe0568022e9",
                "fastqc_per_sequence_quality_scores_plot.txt:md5,38dbd6509de7f1beac17e44acb8336be",
                "fastqc_sequence_counts_plot.txt:md5,81fa53817d7792203fcf881783106102",
                "fastqc_sequence_duplication_levels_plot.txt:md5,88b0babe77f623547e8af664791ef2d0",
                "fastqc_sequence_length_distribution_plot.txt:md5,13f72b3be854c74cd7b5176ca0583770",
                "mirtop_mean_read_count_plot.txt:md5,20849e1ee4cd8be3efc79565a37726e3",
                "mirtop_read_count_plot.txt:md5,dc4ec0696401cd0b9ecd844ab9551bbc",
                "mirtop_unique_read_count_plot.txt:md5,74cb2eb1f017d1810f9b1c9e5ea0c834",
                "mirtrace_complexity_plot.txt:md5,5f78d6f559a9642e68e1fd74ac2c11ca",
                "mirtrace_length_plot.txt:md5,2366f10eb8bd3c32d2b35e2df20c786c",
                "mirtrace_qc_plot.txt:md5,e03dd69d4a4a059ca8fdcdd4e3f77496",
                "mirtrace_rna_categories_plot.txt:md5,aa9f525dde2805b252193ffe9cc5ca5b",
                "multiqc_citations.txt:md5,3adbccd17a42d0d5d97ee7ebb476f433",
                "multiqc_fastp.txt:md5,b4007c357049d4dda325bbab41a91609",
                "multiqc_fastqc.txt:md5,74d277d129db4aab9c98790a96a40557",
                "multiqc_fastqc_1.txt:md5,2167a19ab346d87f3e6bf9e13b41cf01",
                "multiqc_general_stats.txt:md5,634a4e86a7d4780d5221248430b513b3",
                "multiqc_mirtop.txt:md5,074fc2c9fe1d289cdee49ba6679dda62",
                "multiqc_mirtrace_complexity.txt:md5,54c6b428c4fedb930822ccf6dd9197cf",
                "multiqc_mirtrace_contamination.txt:md5,a6f8d6c500f6f53c698d3432297b591d",
                "multiqc_mirtrace_length.txt:md5,5ae03ee434feb42949a1e4b670133185",
                "multiqc_mirtrace_summary.txt:md5,c63bcc14b9f9a995315fcf3f0d503de3",
                "multiqc_samtools_stats.txt:md5,af5c9df40847578e8c5a086110a24486",
                "samtools-stats-dp.txt:md5,61a77aab820a3eba21a51e32168b45e3",
                "samtools_alignment_plot.txt:md5,f9a5d78ae1a5ced44f9863f463fa3d82",
                "genome.1.ebwt:md5,1bfbf95848b5a2e8a786d0a2c1054bbb",
                "genome.2.ebwt:md5,8f007efb2d23e46035cc47340c4d981e",
                "genome.3.ebwt:md5,caf97e67055e1b465e933214d0168e68",
                "genome.4.ebwt:md5,87ff9d3ef8b55f845a9205a19c729f1c",
                "genome.rev.1.ebwt:md5,3275dafaca50d8cafde473b54e9ebbff",
                "genome.rev.2.ebwt:md5,65f054c598e3e9fdd33cb22c9f8f8ca5"
            ]
        ],
        "meta": {
            "nf-test": "0.9.0",
            "nextflow": "24.10.2"
        },
        "timestamp": "2025-11-21T21:44:47.931407108"
    }
}