{
    "-profile test": {
        "content": [
            {
                "BOWTIE_MAP_GENOME": {
                    "bowtie": "1.3.1",
                    "samtools": 1.21
                },
                "BOWTIE_MAP_HAIRPIN": {
                    "bowtie": "1.3.1",
                    "samtools": 1.21
                },
                "BOWTIE_MAP_MATURE": {
                    "bowtie": "1.3.1",
                    "samtools": 1.21
                },
                "BOWTIE_MAP_SEQCLUSTER": {
                    "bowtie": "1.3.1",
                    "samtools": 1.21
                },
                "DATATABLE_MERGE": {
                    "r-base": "3.6.2"
                },
                "FASTP": {
                    "fastp": "1.0.1"
                },
                "FASTQC_RAW": {
                    "fastqc": "0.12.1"
                },
                "FASTQC_TRIM": {
                    "fastqc": "0.12.1"
                },
                "FORMAT_HAIRPIN": {
                    "fastx_toolkit": "0.0.14"
                },
                "FORMAT_MATURE": {
                    "fastx_toolkit": "0.0.14"
                },
                "INDEX_HAIRPIN": {
                    "bowtie": "1.3.1"
                },
                "INDEX_MATURE": {
                    "bowtie": "1.3.1"
                },
                "MIRTOP_COUNTS": {
                    "mirtop": "0.4.30"
                },
                "MIRTOP_EXPORT": {
                    "mirtop": "0.4.30"
                },
                "MIRTOP_GFF": {
                    "mirtop": "0.4.30"
                },
                "MIRTOP_STATS": {
                    "mirtop": "0.4.30"
                },
                "MIRTRACE_QC": {
                    "mirtrace": "1.0.1"
                },
                "PARSE_HAIRPIN": {
                    "seqkit": "2.6.1"
                },
                "PARSE_MATURE": {
                    "seqkit": "2.6.1"
                },
                "PIVOT_LONGER": {
                    "r-base": "4.4.2",
                    "tidyr": "1.3.1",
                    "optparse": "1.7.5"
                },
                "PIVOT_WIDER": {
                    "r-base": "4.4.2",
                    "tidyr": "1.3.1",
                    "dplyr": "1.1.4",
                    "optparse": "1.7.5",
                    "vroom": "1.6.5"
                },
                "SAMTOOLS_FLAGSTAT": {
                    "samtools": "1.22.1"
                },
                "SAMTOOLS_IDXSTATS": {
                    "samtools": "1.22.1"
                },
                "SAMTOOLS_INDEX": {
                    "samtools": "1.22.1"
                },
                "SAMTOOLS_SORT": {
                    "samtools": "1.22.1"
                },
                "SAMTOOLS_STATS": {
                    "samtools": "1.22.1"
                },
                "SEQCLUSTER_COLLAPSE": {
                    "seqcluster": "1.2.9"
                },
                "Workflow": {
                    "nf-core/smrnaseq": "v2.4.0"
                }
            },
            [
                "fastp",
                "fastp/on_raw",
                "fastp/on_raw/Clone1_N1.fastp.html",
                "fastp/on_raw/Clone1_N1.fastp.json",
                "fastp/on_raw/Clone1_N3.fastp.html",
                "fastp/on_raw/Clone1_N3.fastp.json",
                "fastp/on_raw/Clone9_N1.fastp.html",
                "fastp/on_raw/Clone9_N1.fastp.json",
                "fastp/on_raw/Clone9_N2.fastp.html",
                "fastp/on_raw/Clone9_N2.fastp.json",
                "fastp/on_raw/Clone9_N3.fastp.html",
                "fastp/on_raw/Clone9_N3.fastp.json",
                "fastp/on_raw/Control_N1.fastp.html",
                "fastp/on_raw/Control_N1.fastp.json",
                "fastp/on_raw/Control_N2.fastp.html",
                "fastp/on_raw/Control_N2.fastp.json",
                "fastp/on_raw/Control_N3.fastp.html",
                "fastp/on_raw/Control_N3.fastp.json",
                "fastp/on_raw/log",
                "fastp/on_raw/log/Clone1_N1.fastp.log",
                "fastp/on_raw/log/Clone1_N3.fastp.log",
                "fastp/on_raw/log/Clone9_N1.fastp.log",
                "fastp/on_raw/log/Clone9_N2.fastp.log",
                "fastp/on_raw/log/Clone9_N3.fastp.log",
                "fastp/on_raw/log/Control_N1.fastp.log",
                "fastp/on_raw/log/Control_N2.fastp.log",
                "fastp/on_raw/log/Control_N3.fastp.log",
                "genome_quant",
                "genome_quant/bam",
                "genome_quant/bam/Clone1_N1_mature_hairpin_genome.sorted.flagstat",
                "genome_quant/bam/Clone1_N1_mature_hairpin_genome.sorted.idxstats",
                "genome_quant/bam/Clone1_N1_mature_hairpin_genome.sorted.stats",
                "genome_quant/bam/Clone1_N3_mature_hairpin_genome.sorted.flagstat",
                "genome_quant/bam/Clone1_N3_mature_hairpin_genome.sorted.idxstats",
                "genome_quant/bam/Clone1_N3_mature_hairpin_genome.sorted.stats",
                "genome_quant/bam/Clone9_N1_mature_hairpin_genome.sorted.flagstat",
                "genome_quant/bam/Clone9_N1_mature_hairpin_genome.sorted.idxstats",
                "genome_quant/bam/Clone9_N1_mature_hairpin_genome.sorted.stats",
                "genome_quant/bam/Clone9_N2_mature_hairpin_genome.sorted.flagstat",
                "genome_quant/bam/Clone9_N2_mature_hairpin_genome.sorted.idxstats",
                "genome_quant/bam/Clone9_N2_mature_hairpin_genome.sorted.stats",
                "genome_quant/bam/Clone9_N3_mature_hairpin_genome.sorted.flagstat",
                "genome_quant/bam/Clone9_N3_mature_hairpin_genome.sorted.idxstats",
                "genome_quant/bam/Clone9_N3_mature_hairpin_genome.sorted.stats",
                "genome_quant/bam/Control_N1_mature_hairpin_genome.sorted.flagstat",
                "genome_quant/bam/Control_N1_mature_hairpin_genome.sorted.idxstats",
                "genome_quant/bam/Control_N1_mature_hairpin_genome.sorted.stats",
                "genome_quant/bam/Control_N2_mature_hairpin_genome.sorted.flagstat",
                "genome_quant/bam/Control_N2_mature_hairpin_genome.sorted.idxstats",
                "genome_quant/bam/Control_N2_mature_hairpin_genome.sorted.stats",
                "genome_quant/bam/Control_N3_mature_hairpin_genome.sorted.flagstat",
                "genome_quant/bam/Control_N3_mature_hairpin_genome.sorted.idxstats",
                "genome_quant/bam/Control_N3_mature_hairpin_genome.sorted.stats",
                "mirna_quant",
                "mirna_quant/edger_qc",
                "mirna_quant/edger_qc/hairpin_CPM_heatmap.pdf",
                "mirna_quant/edger_qc/hairpin_counts.csv",
                "mirna_quant/edger_qc/hairpin_edgeR_MDS_distance_matrix.txt",
                "mirna_quant/edger_qc/hairpin_edgeR_MDS_plot.pdf",
                "mirna_quant/edger_qc/hairpin_edgeR_MDS_plot_coordinates.txt",
                "mirna_quant/edger_qc/hairpin_log2CPM_sample_distances.txt",
                "mirna_quant/edger_qc/hairpin_log2CPM_sample_distances_dendrogram.pdf",
                "mirna_quant/edger_qc/hairpin_log2CPM_sample_distances_heatmap.pdf",
                "mirna_quant/edger_qc/hairpin_logtpm.csv",
                "mirna_quant/edger_qc/hairpin_logtpm.txt",
                "mirna_quant/edger_qc/hairpin_normalized_CPM.txt",
                "mirna_quant/edger_qc/hairpin_unmapped_read_counts.txt",
                "mirna_quant/edger_qc/mature_CPM_heatmap.pdf",
                "mirna_quant/edger_qc/mature_counts.csv",
                "mirna_quant/edger_qc/mature_edgeR_MDS_distance_matrix.txt",
                "mirna_quant/edger_qc/mature_edgeR_MDS_plot.pdf",
                "mirna_quant/edger_qc/mature_edgeR_MDS_plot_coordinates.txt",
                "mirna_quant/edger_qc/mature_log2CPM_sample_distances.txt",
                "mirna_quant/edger_qc/mature_log2CPM_sample_distances_dendrogram.pdf",
                "mirna_quant/edger_qc/mature_log2CPM_sample_distances_heatmap.pdf",
                "mirna_quant/edger_qc/mature_logtpm.csv",
                "mirna_quant/edger_qc/mature_logtpm.txt",
                "mirna_quant/edger_qc/mature_normalized_CPM.txt",
                "mirna_quant/edger_qc/mature_unmapped_read_counts.txt",
                "mirna_quant/mirtop",
                "mirna_quant/mirtop/export",
                "mirna_quant/mirtop/export/Clone1_N1_mirtop_rawData.tsv",
                "mirna_quant/mirtop/export/Clone1_N3_mirtop_rawData.tsv",
                "mirna_quant/mirtop/export/Clone9_N1_mirtop_rawData.tsv",
                "mirna_quant/mirtop/export/Clone9_N2_mirtop_rawData.tsv",
                "mirna_quant/mirtop/export/Clone9_N3_mirtop_rawData.tsv",
                "mirna_quant/mirtop/export/Control_N1_mirtop_rawData.tsv",
                "mirna_quant/mirtop/export/Control_N2_mirtop_rawData.tsv",
                "mirna_quant/mirtop/export/Control_N3_mirtop_rawData.tsv",
                "mirna_quant/mirtop/gff",
                "mirna_quant/mirtop/gff/mirtop",
                "mirna_quant/mirtop/gff/mirtop/Clone1_N1_mirtop.gff",
                "mirna_quant/mirtop/gff/mirtop/Clone1_N3_mirtop.gff",
                "mirna_quant/mirtop/gff/mirtop/Clone9_N1_mirtop.gff",
                "mirna_quant/mirtop/gff/mirtop/Clone9_N2_mirtop.gff",
                "mirna_quant/mirtop/gff/mirtop/Clone9_N3_mirtop.gff",
                "mirna_quant/mirtop/gff/mirtop/Control_N1_mirtop.gff",
                "mirna_quant/mirtop/gff/mirtop/Control_N2_mirtop.gff",
                "mirna_quant/mirtop/gff/mirtop/Control_N3_mirtop.gff",
                "mirna_quant/mirtop/joined_samples_mirtop.tsv",
                "mirna_quant/mirtop/mirna.tsv",
                "mirtrace",
                "mirtrace/Clone1_N1",
                "mirtrace/Clone1_N1/mirtrace-report.html",
                "mirtrace/Clone1_N1/mirtrace-results.json",
                "mirtrace/Clone1_N1/mirtrace-stats-contamination_basic.tsv",
                "mirtrace/Clone1_N1/mirtrace-stats-contamination_detailed.tsv",
                "mirtrace/Clone1_N1/mirtrace-stats-length.tsv",
                "mirtrace/Clone1_N1/mirtrace-stats-mirna-complexity.tsv",
                "mirtrace/Clone1_N1/mirtrace-stats-phred.tsv",
                "mirtrace/Clone1_N1/mirtrace-stats-qcstatus.tsv",
                "mirtrace/Clone1_N1/mirtrace-stats-rnatype.tsv",
                "mirtrace/Clone1_N1/qc_passed_reads.all.collapsed",
                "mirtrace/Clone1_N1/qc_passed_reads.all.collapsed/Clone1_N1.fastp.fasta",
                "mirtrace/Clone1_N1/qc_passed_reads.rnatype_unknown.collapsed",
                "mirtrace/Clone1_N1/qc_passed_reads.rnatype_unknown.collapsed/Clone1_N1.fastp.fasta",
                "mirtrace/Clone1_N3",
                "mirtrace/Clone1_N3/mirtrace-report.html",
                "mirtrace/Clone1_N3/mirtrace-results.json",
                "mirtrace/Clone1_N3/mirtrace-stats-contamination_basic.tsv",
                "mirtrace/Clone1_N3/mirtrace-stats-contamination_detailed.tsv",
                "mirtrace/Clone1_N3/mirtrace-stats-length.tsv",
                "mirtrace/Clone1_N3/mirtrace-stats-mirna-complexity.tsv",
                "mirtrace/Clone1_N3/mirtrace-stats-phred.tsv",
                "mirtrace/Clone1_N3/mirtrace-stats-qcstatus.tsv",
                "mirtrace/Clone1_N3/mirtrace-stats-rnatype.tsv",
                "mirtrace/Clone1_N3/qc_passed_reads.all.collapsed",
                "mirtrace/Clone1_N3/qc_passed_reads.all.collapsed/Clone1_N3.fastp.fasta",
                "mirtrace/Clone1_N3/qc_passed_reads.rnatype_unknown.collapsed",
                "mirtrace/Clone1_N3/qc_passed_reads.rnatype_unknown.collapsed/Clone1_N3.fastp.fasta",
                "mirtrace/Clone9_N1",
                "mirtrace/Clone9_N1/mirtrace-report.html",
                "mirtrace/Clone9_N1/mirtrace-results.json",
                "mirtrace/Clone9_N1/mirtrace-stats-contamination_basic.tsv",
                "mirtrace/Clone9_N1/mirtrace-stats-contamination_detailed.tsv",
                "mirtrace/Clone9_N1/mirtrace-stats-length.tsv",
                "mirtrace/Clone9_N1/mirtrace-stats-mirna-complexity.tsv",
                "mirtrace/Clone9_N1/mirtrace-stats-phred.tsv",
                "mirtrace/Clone9_N1/mirtrace-stats-qcstatus.tsv",
                "mirtrace/Clone9_N1/mirtrace-stats-rnatype.tsv",
                "mirtrace/Clone9_N1/qc_passed_reads.all.collapsed",
                "mirtrace/Clone9_N1/qc_passed_reads.all.collapsed/Clone9_N1.fastp.fasta",
                "mirtrace/Clone9_N1/qc_passed_reads.rnatype_unknown.collapsed",
                "mirtrace/Clone9_N1/qc_passed_reads.rnatype_unknown.collapsed/Clone9_N1.fastp.fasta",
                "mirtrace/Clone9_N2",
                "mirtrace/Clone9_N2/mirtrace-report.html",
                "mirtrace/Clone9_N2/mirtrace-results.json",
                "mirtrace/Clone9_N2/mirtrace-stats-contamination_basic.tsv",
                "mirtrace/Clone9_N2/mirtrace-stats-contamination_detailed.tsv",
                "mirtrace/Clone9_N2/mirtrace-stats-length.tsv",
                "mirtrace/Clone9_N2/mirtrace-stats-mirna-complexity.tsv",
                "mirtrace/Clone9_N2/mirtrace-stats-phred.tsv",
                "mirtrace/Clone9_N2/mirtrace-stats-qcstatus.tsv",
                "mirtrace/Clone9_N2/mirtrace-stats-rnatype.tsv",
                "mirtrace/Clone9_N2/qc_passed_reads.all.collapsed",
                "mirtrace/Clone9_N2/qc_passed_reads.all.collapsed/Clone9_N2.fastp.fasta",
                "mirtrace/Clone9_N2/qc_passed_reads.rnatype_unknown.collapsed",
                "mirtrace/Clone9_N2/qc_passed_reads.rnatype_unknown.collapsed/Clone9_N2.fastp.fasta",
                "mirtrace/Clone9_N3",
                "mirtrace/Clone9_N3/mirtrace-report.html",
                "mirtrace/Clone9_N3/mirtrace-results.json",
                "mirtrace/Clone9_N3/mirtrace-stats-contamination_basic.tsv",
                "mirtrace/Clone9_N3/mirtrace-stats-contamination_detailed.tsv",
                "mirtrace/Clone9_N3/mirtrace-stats-length.tsv",
                "mirtrace/Clone9_N3/mirtrace-stats-mirna-complexity.tsv",
                "mirtrace/Clone9_N3/mirtrace-stats-phred.tsv",
                "mirtrace/Clone9_N3/mirtrace-stats-qcstatus.tsv",
                "mirtrace/Clone9_N3/mirtrace-stats-rnatype.tsv",
                "mirtrace/Clone9_N3/qc_passed_reads.all.collapsed",
                "mirtrace/Clone9_N3/qc_passed_reads.all.collapsed/Clone9_N3.fastp.fasta",
                "mirtrace/Clone9_N3/qc_passed_reads.rnatype_unknown.collapsed",
                "mirtrace/Clone9_N3/qc_passed_reads.rnatype_unknown.collapsed/Clone9_N3.fastp.fasta",
                "mirtrace/Control_N1",
                "mirtrace/Control_N1/mirtrace-report.html",
                "mirtrace/Control_N1/mirtrace-results.json",
                "mirtrace/Control_N1/mirtrace-stats-contamination_basic.tsv",
                "mirtrace/Control_N1/mirtrace-stats-contamination_detailed.tsv",
                "mirtrace/Control_N1/mirtrace-stats-length.tsv",
                "mirtrace/Control_N1/mirtrace-stats-mirna-complexity.tsv",
                "mirtrace/Control_N1/mirtrace-stats-phred.tsv",
                "mirtrace/Control_N1/mirtrace-stats-qcstatus.tsv",
                "mirtrace/Control_N1/mirtrace-stats-rnatype.tsv",
                "mirtrace/Control_N1/qc_passed_reads.all.collapsed",
                "mirtrace/Control_N1/qc_passed_reads.all.collapsed/Control_N1.fastp.fasta",
                "mirtrace/Control_N1/qc_passed_reads.rnatype_unknown.collapsed",
                "mirtrace/Control_N1/qc_passed_reads.rnatype_unknown.collapsed/Control_N1.fastp.fasta",
                "mirtrace/Control_N2",
                "mirtrace/Control_N2/mirtrace-report.html",
                "mirtrace/Control_N2/mirtrace-results.json",
                "mirtrace/Control_N2/mirtrace-stats-contamination_basic.tsv",
                "mirtrace/Control_N2/mirtrace-stats-contamination_detailed.tsv",
                "mirtrace/Control_N2/mirtrace-stats-length.tsv",
                "mirtrace/Control_N2/mirtrace-stats-mirna-complexity.tsv",
                "mirtrace/Control_N2/mirtrace-stats-phred.tsv",
                "mirtrace/Control_N2/mirtrace-stats-qcstatus.tsv",
                "mirtrace/Control_N2/mirtrace-stats-rnatype.tsv",
                "mirtrace/Control_N2/qc_passed_reads.all.collapsed",
                "mirtrace/Control_N2/qc_passed_reads.all.collapsed/Control_N2.fastp.fasta",
                "mirtrace/Control_N2/qc_passed_reads.rnatype_unknown.collapsed",
                "mirtrace/Control_N2/qc_passed_reads.rnatype_unknown.collapsed/Control_N2.fastp.fasta",
                "mirtrace/Control_N3",
                "mirtrace/Control_N3/mirtrace-report.html",
                "mirtrace/Control_N3/mirtrace-results.json",
                "mirtrace/Control_N3/mirtrace-stats-contamination_basic.tsv",
                "mirtrace/Control_N3/mirtrace-stats-contamination_detailed.tsv",
                "mirtrace/Control_N3/mirtrace-stats-length.tsv",
                "mirtrace/Control_N3/mirtrace-stats-mirna-complexity.tsv",
                "mirtrace/Control_N3/mirtrace-stats-phred.tsv",
                "mirtrace/Control_N3/mirtrace-stats-qcstatus.tsv",
                "mirtrace/Control_N3/mirtrace-stats-rnatype.tsv",
                "mirtrace/Control_N3/qc_passed_reads.all.collapsed",
                "mirtrace/Control_N3/qc_passed_reads.all.collapsed/Control_N3.fastp.fasta",
                "mirtrace/Control_N3/qc_passed_reads.rnatype_unknown.collapsed",
                "mirtrace/Control_N3/qc_passed_reads.rnatype_unknown.collapsed/Control_N3.fastp.fasta",
                "multiqc",
                "multiqc/multiqc_data",
                "multiqc/multiqc_data/fastp-seq-content-gc-plot_Read_1_After_filtering.txt",
                "multiqc/multiqc_data/fastp-seq-content-gc-plot_Read_1_Before_filtering.txt",
                "multiqc/multiqc_data/fastp-seq-content-n-plot_Read_1_After_filtering.txt",
                "multiqc/multiqc_data/fastp-seq-content-n-plot_Read_1_Before_filtering.txt",
                "multiqc/multiqc_data/fastp-seq-quality-plot_Read_1_After_filtering.txt",
                "multiqc/multiqc_data/fastp-seq-quality-plot_Read_1_Before_filtering.txt",
                "multiqc/multiqc_data/fastp_filtered_reads_plot.txt",
                "multiqc/multiqc_data/fastqc-1-status-check-heatmap.txt",
                "multiqc/multiqc_data/fastqc-1_adapter_content_plot.txt",
                "multiqc/multiqc_data/fastqc-1_overrepresented_sequences_plot.txt",
                "multiqc/multiqc_data/fastqc-1_per_base_n_content_plot.txt",
                "multiqc/multiqc_data/fastqc-1_per_base_sequence_quality_plot.txt",
                "multiqc/multiqc_data/fastqc-1_per_sequence_gc_content_plot_Counts.txt",
                "multiqc/multiqc_data/fastqc-1_per_sequence_gc_content_plot_Percentages.txt",
                "multiqc/multiqc_data/fastqc-1_per_sequence_quality_scores_plot.txt",
                "multiqc/multiqc_data/fastqc-1_sequence_counts_plot.txt",
                "multiqc/multiqc_data/fastqc-1_sequence_duplication_levels_plot.txt",
                "multiqc/multiqc_data/fastqc-1_top_overrepresented_sequences_table.txt",
                "multiqc/multiqc_data/fastqc-status-check-heatmap.txt",
                "multiqc/multiqc_data/fastqc_adapter_content_plot.txt",
                "multiqc/multiqc_data/fastqc_overrepresented_sequences_plot.txt",
                "multiqc/multiqc_data/fastqc_per_base_n_content_plot.txt",
                "multiqc/multiqc_data/fastqc_per_base_sequence_quality_plot.txt",
                "multiqc/multiqc_data/fastqc_per_sequence_gc_content_plot_Counts.txt",
                "multiqc/multiqc_data/fastqc_per_sequence_gc_content_plot_Percentages.txt",
                "multiqc/multiqc_data/fastqc_per_sequence_quality_scores_plot.txt",
                "multiqc/multiqc_data/fastqc_sequence_counts_plot.txt",
                "multiqc/multiqc_data/fastqc_sequence_duplication_levels_plot.txt",
                "multiqc/multiqc_data/fastqc_sequence_length_distribution_plot.txt",
                "multiqc/multiqc_data/fastqc_top_overrepresented_sequences_table.txt",
                "multiqc/multiqc_data/llms-full.txt",
                "multiqc/multiqc_data/mirtop_mean_read_count_plot.txt",
                "multiqc/multiqc_data/mirtop_read_count_plot.txt",
                "multiqc/multiqc_data/mirtop_unique_read_count_plot.txt",
                "multiqc/multiqc_data/multiqc.log",
                "multiqc/multiqc_data/multiqc.parquet",
                "multiqc/multiqc_data/multiqc_citations.txt",
                "multiqc/multiqc_data/multiqc_data.json",
                "multiqc/multiqc_data/multiqc_fastp.txt",
                "multiqc/multiqc_data/multiqc_fastqc.txt",
                "multiqc/multiqc_data/multiqc_fastqc_fastqc-1.txt",
                "multiqc/multiqc_data/multiqc_general_stats.txt",
                "multiqc/multiqc_data/multiqc_mirtop.txt",
                "multiqc/multiqc_data/multiqc_mirtrace_complexity.txt",
                "multiqc/multiqc_data/multiqc_mirtrace_contamination.txt",
                "multiqc/multiqc_data/multiqc_mirtrace_length.txt",
                "multiqc/multiqc_data/multiqc_mirtrace_summary.txt",
                "multiqc/multiqc_data/multiqc_samtools_stats.txt",
                "multiqc/multiqc_data/multiqc_software_versions.txt",
                "multiqc/multiqc_data/multiqc_sources.txt",
                "multiqc/multiqc_data/samtools-stats-dp.txt",
                "multiqc/multiqc_data/samtools_alignment_plot.txt",
                "multiqc/multiqc_plots",
                "multiqc/multiqc_plots/pdf",
                "multiqc/multiqc_plots/pdf/fastp-seq-content-gc-plot_Read_1_After_filtering.pdf",
                "multiqc/multiqc_plots/pdf/fastp-seq-content-gc-plot_Read_1_Before_filtering.pdf",
                "multiqc/multiqc_plots/pdf/fastp-seq-content-n-plot_Read_1_After_filtering.pdf",
                "multiqc/multiqc_plots/pdf/fastp-seq-content-n-plot_Read_1_Before_filtering.pdf",
                "multiqc/multiqc_plots/pdf/fastp-seq-quality-plot_Read_1_After_filtering.pdf",
                "multiqc/multiqc_plots/pdf/fastp-seq-quality-plot_Read_1_Before_filtering.pdf",
                "multiqc/multiqc_plots/pdf/fastp_filtered_reads_plot-cnt.pdf",
                "multiqc/multiqc_plots/pdf/fastp_filtered_reads_plot-pct.pdf",
                "multiqc/multiqc_plots/pdf/fastqc-1-status-check-heatmap.pdf",
                "multiqc/multiqc_plots/pdf/fastqc-1_adapter_content_plot.pdf",
                "multiqc/multiqc_plots/pdf/fastqc-1_overrepresented_sequences_plot.pdf",
                "multiqc/multiqc_plots/pdf/fastqc-1_per_base_n_content_plot.pdf",
                "multiqc/multiqc_plots/pdf/fastqc-1_per_base_sequence_quality_plot.pdf",
                "multiqc/multiqc_plots/pdf/fastqc-1_per_sequence_gc_content_plot_Counts.pdf",
                "multiqc/multiqc_plots/pdf/fastqc-1_per_sequence_gc_content_plot_Percentages.pdf",
                "multiqc/multiqc_plots/pdf/fastqc-1_per_sequence_quality_scores_plot.pdf",
                "multiqc/multiqc_plots/pdf/fastqc-1_sequence_counts_plot-cnt.pdf",
                "multiqc/multiqc_plots/pdf/fastqc-1_sequence_counts_plot-pct.pdf",
                "multiqc/multiqc_plots/pdf/fastqc-1_sequence_duplication_levels_plot.pdf",
                "multiqc/multiqc_plots/pdf/fastqc-1_top_overrepresented_sequences_table.pdf",
                "multiqc/multiqc_plots/pdf/fastqc-status-check-heatmap.pdf",
                "multiqc/multiqc_plots/pdf/fastqc_adapter_content_plot.pdf",
                "multiqc/multiqc_plots/pdf/fastqc_overrepresented_sequences_plot.pdf",
                "multiqc/multiqc_plots/pdf/fastqc_per_base_n_content_plot.pdf",
                "multiqc/multiqc_plots/pdf/fastqc_per_base_sequence_quality_plot.pdf",
                "multiqc/multiqc_plots/pdf/fastqc_per_sequence_gc_content_plot_Counts.pdf",
                "multiqc/multiqc_plots/pdf/fastqc_per_sequence_gc_content_plot_Percentages.pdf",
                "multiqc/multiqc_plots/pdf/fastqc_per_sequence_quality_scores_plot.pdf",
                "multiqc/multiqc_plots/pdf/fastqc_sequence_counts_plot-cnt.pdf",
                "multiqc/multiqc_plots/pdf/fastqc_sequence_counts_plot-pct.pdf",
                "multiqc/multiqc_plots/pdf/fastqc_sequence_duplication_levels_plot.pdf",
                "multiqc/multiqc_plots/pdf/fastqc_sequence_length_distribution_plot.pdf",
                "multiqc/multiqc_plots/pdf/fastqc_top_overrepresented_sequences_table.pdf",
                "multiqc/multiqc_plots/pdf/mirtop_mean_read_count_plot-cnt.pdf",
                "multiqc/multiqc_plots/pdf/mirtop_mean_read_count_plot-pct.pdf",
                "multiqc/multiqc_plots/pdf/mirtop_read_count_plot-cnt.pdf",
                "multiqc/multiqc_plots/pdf/mirtop_read_count_plot-pct.pdf",
                "multiqc/multiqc_plots/pdf/mirtop_unique_read_count_plot-cnt.pdf",
                "multiqc/multiqc_plots/pdf/mirtop_unique_read_count_plot-pct.pdf",
                "multiqc/multiqc_plots/pdf/samtools-stats-dp.pdf",
                "multiqc/multiqc_plots/pdf/samtools_alignment_plot-cnt.pdf",
                "multiqc/multiqc_plots/pdf/samtools_alignment_plot-pct.pdf",
                "multiqc/multiqc_plots/png",
                "multiqc/multiqc_plots/png/fastp-seq-content-gc-plot_Read_1_After_filtering.png",
                "multiqc/multiqc_plots/png/fastp-seq-content-gc-plot_Read_1_Before_filtering.png",
                "multiqc/multiqc_plots/png/fastp-seq-content-n-plot_Read_1_After_filtering.png",
                "multiqc/multiqc_plots/png/fastp-seq-content-n-plot_Read_1_Before_filtering.png",
                "multiqc/multiqc_plots/png/fastp-seq-quality-plot_Read_1_After_filtering.png",
                "multiqc/multiqc_plots/png/fastp-seq-quality-plot_Read_1_Before_filtering.png",
                "multiqc/multiqc_plots/png/fastp_filtered_reads_plot-cnt.png",
                "multiqc/multiqc_plots/png/fastp_filtered_reads_plot-pct.png",
                "multiqc/multiqc_plots/png/fastqc-1-status-check-heatmap.png",
                "multiqc/multiqc_plots/png/fastqc-1_adapter_content_plot.png",
                "multiqc/multiqc_plots/png/fastqc-1_overrepresented_sequences_plot.png",
                "multiqc/multiqc_plots/png/fastqc-1_per_base_n_content_plot.png",
                "multiqc/multiqc_plots/png/fastqc-1_per_base_sequence_quality_plot.png",
                "multiqc/multiqc_plots/png/fastqc-1_per_sequence_gc_content_plot_Counts.png",
                "multiqc/multiqc_plots/png/fastqc-1_per_sequence_gc_content_plot_Percentages.png",
                "multiqc/multiqc_plots/png/fastqc-1_per_sequence_quality_scores_plot.png",
                "multiqc/multiqc_plots/png/fastqc-1_sequence_counts_plot-cnt.png",
                "multiqc/multiqc_plots/png/fastqc-1_sequence_counts_plot-pct.png",
                "multiqc/multiqc_plots/png/fastqc-1_sequence_duplication_levels_plot.png",
                "multiqc/multiqc_plots/png/fastqc-1_top_overrepresented_sequences_table.png",
                "multiqc/multiqc_plots/png/fastqc-status-check-heatmap.png",
                "multiqc/multiqc_plots/png/fastqc_adapter_content_plot.png",
                "multiqc/multiqc_plots/png/fastqc_overrepresented_sequences_plot.png",
                "multiqc/multiqc_plots/png/fastqc_per_base_n_content_plot.png",
                "multiqc/multiqc_plots/png/fastqc_per_base_sequence_quality_plot.png",
                "multiqc/multiqc_plots/png/fastqc_per_sequence_gc_content_plot_Counts.png",
                "multiqc/multiqc_plots/png/fastqc_per_sequence_gc_content_plot_Percentages.png",
                "multiqc/multiqc_plots/png/fastqc_per_sequence_quality_scores_plot.png",
                "multiqc/multiqc_plots/png/fastqc_sequence_counts_plot-cnt.png",
                "multiqc/multiqc_plots/png/fastqc_sequence_counts_plot-pct.png",
                "multiqc/multiqc_plots/png/fastqc_sequence_duplication_levels_plot.png",
                "multiqc/multiqc_plots/png/fastqc_sequence_length_distribution_plot.png",
                "multiqc/multiqc_plots/png/fastqc_top_overrepresented_sequences_table.png",
                "multiqc/multiqc_plots/png/mirtop_mean_read_count_plot-cnt.png",
                "multiqc/multiqc_plots/png/mirtop_mean_read_count_plot-pct.png",
                "multiqc/multiqc_plots/png/mirtop_read_count_plot-cnt.png",
                "multiqc/multiqc_plots/png/mirtop_read_count_plot-pct.png",
                "multiqc/multiqc_plots/png/mirtop_unique_read_count_plot-cnt.png",
                "multiqc/multiqc_plots/png/mirtop_unique_read_count_plot-pct.png",
                "multiqc/multiqc_plots/png/samtools-stats-dp.png",
                "multiqc/multiqc_plots/png/samtools_alignment_plot-cnt.png",
                "multiqc/multiqc_plots/png/samtools_alignment_plot-pct.png",
                "multiqc/multiqc_plots/svg",
                "multiqc/multiqc_plots/svg/fastp-seq-content-gc-plot_Read_1_After_filtering.svg",
                "multiqc/multiqc_plots/svg/fastp-seq-content-gc-plot_Read_1_Before_filtering.svg",
                "multiqc/multiqc_plots/svg/fastp-seq-content-n-plot_Read_1_After_filtering.svg",
                "multiqc/multiqc_plots/svg/fastp-seq-content-n-plot_Read_1_Before_filtering.svg",
                "multiqc/multiqc_plots/svg/fastp-seq-quality-plot_Read_1_After_filtering.svg",
                "multiqc/multiqc_plots/svg/fastp-seq-quality-plot_Read_1_Before_filtering.svg",
                "multiqc/multiqc_plots/svg/fastp_filtered_reads_plot-cnt.svg",
                "multiqc/multiqc_plots/svg/fastp_filtered_reads_plot-pct.svg",
                "multiqc/multiqc_plots/svg/fastqc-1-status-check-heatmap.svg",
                "multiqc/multiqc_plots/svg/fastqc-1_adapter_content_plot.svg",
                "multiqc/multiqc_plots/svg/fastqc-1_overrepresented_sequences_plot.svg",
                "multiqc/multiqc_plots/svg/fastqc-1_per_base_n_content_plot.svg",
                "multiqc/multiqc_plots/svg/fastqc-1_per_base_sequence_quality_plot.svg",
                "multiqc/multiqc_plots/svg/fastqc-1_per_sequence_gc_content_plot_Counts.svg",
                "multiqc/multiqc_plots/svg/fastqc-1_per_sequence_gc_content_plot_Percentages.svg",
                "multiqc/multiqc_plots/svg/fastqc-1_per_sequence_quality_scores_plot.svg",
                "multiqc/multiqc_plots/svg/fastqc-1_sequence_counts_plot-cnt.svg",
                "multiqc/multiqc_plots/svg/fastqc-1_sequence_counts_plot-pct.svg",
                "multiqc/multiqc_plots/svg/fastqc-1_sequence_duplication_levels_plot.svg",
                "multiqc/multiqc_plots/svg/fastqc-1_top_overrepresented_sequences_table.svg",
                "multiqc/multiqc_plots/svg/fastqc-status-check-heatmap.svg",
                "multiqc/multiqc_plots/svg/fastqc_adapter_content_plot.svg",
                "multiqc/multiqc_plots/svg/fastqc_overrepresented_sequences_plot.svg",
                "multiqc/multiqc_plots/svg/fastqc_per_base_n_content_plot.svg",
                "multiqc/multiqc_plots/svg/fastqc_per_base_sequence_quality_plot.svg",
                "multiqc/multiqc_plots/svg/fastqc_per_sequence_gc_content_plot_Counts.svg",
                "multiqc/multiqc_plots/svg/fastqc_per_sequence_gc_content_plot_Percentages.svg",
                "multiqc/multiqc_plots/svg/fastqc_per_sequence_quality_scores_plot.svg",
                "multiqc/multiqc_plots/svg/fastqc_sequence_counts_plot-cnt.svg",
                "multiqc/multiqc_plots/svg/fastqc_sequence_counts_plot-pct.svg",
                "multiqc/multiqc_plots/svg/fastqc_sequence_duplication_levels_plot.svg",
                "multiqc/multiqc_plots/svg/fastqc_sequence_length_distribution_plot.svg",
                "multiqc/multiqc_plots/svg/fastqc_top_overrepresented_sequences_table.svg",
                "multiqc/multiqc_plots/svg/mirtop_mean_read_count_plot-cnt.svg",
                "multiqc/multiqc_plots/svg/mirtop_mean_read_count_plot-pct.svg",
                "multiqc/multiqc_plots/svg/mirtop_read_count_plot-cnt.svg",
                "multiqc/multiqc_plots/svg/mirtop_read_count_plot-pct.svg",
                "multiqc/multiqc_plots/svg/mirtop_unique_read_count_plot-cnt.svg",
                "multiqc/multiqc_plots/svg/mirtop_unique_read_count_plot-pct.svg",
                "multiqc/multiqc_plots/svg/samtools-stats-dp.svg",
                "multiqc/multiqc_plots/svg/samtools_alignment_plot-cnt.svg",
                "multiqc/multiqc_plots/svg/samtools_alignment_plot-pct.svg",
                "multiqc/multiqc_report.html",
                "pipeline_info",
                "pipeline_info/nf_core_smrnaseq_software_mqc_versions.yml",
                "untar",
                "untar/bowtie_index",
                "untar/bowtie_index/genome.1.ebwt",
                "untar/bowtie_index/genome.2.ebwt",
                "untar/bowtie_index/genome.3.ebwt",
                "untar/bowtie_index/genome.4.ebwt",
                "untar/bowtie_index/genome.rev.1.ebwt",
                "untar/bowtie_index/genome.rev.2.ebwt"
            ],
            [
                "Clone1_N1.fastp.json:md5,d8c74e5965300da60ab1a483f378dd68",
                "Clone1_N3.fastp.json:md5,dbb0c06834c6c464c7f30ed9a8182a23",
                "Clone9_N1.fastp.json:md5,04acb8b40590172bc426a93592d7c02f",
                "Clone9_N2.fastp.json:md5,603b625d04cd273440611ea63c16a3b1",
                "Clone9_N3.fastp.json:md5,3c306c67b4c8e4ce75ed2fab9f548cf1",
                "Control_N1.fastp.json:md5,9559cffe17376b1c34cd4da2d6ebef4e",
                "Control_N2.fastp.json:md5,0a251592cc1ad2053ae005b31e7219e9",
                "Control_N3.fastp.json:md5,08a4460c32319ba15ef0164907ca3703",
                "Clone1_N1_mature_hairpin_genome.sorted.flagstat:md5,dfe7e48a58e63d6b36bb1e97194ccc20",
                "Clone1_N1_mature_hairpin_genome.sorted.idxstats:md5,f6cd73e274f9d6d9db778287143426ab",
                "Clone1_N1_mature_hairpin_genome.sorted.stats:md5,b1998c17c9f972b1224381f994a7feb2",
                "Clone1_N3_mature_hairpin_genome.sorted.flagstat:md5,19c98c0c61046fdc3a91b106cb0331c6",
                "Clone1_N3_mature_hairpin_genome.sorted.idxstats:md5,468ce3aec932df434fa39d16892860ca",
                "Clone1_N3_mature_hairpin_genome.sorted.stats:md5,5bdea8c289153dd1544ad1a1172f32cf",
                "Clone9_N1_mature_hairpin_genome.sorted.flagstat:md5,de231e819dd4f9364dcd5aaed44f59f8",
                "Clone9_N1_mature_hairpin_genome.sorted.idxstats:md5,ebae74ee821220f9aa86dcee470e9559",
                "Clone9_N1_mature_hairpin_genome.sorted.stats:md5,7f3f3482fbeb0b7bad4120e57e97957a",
                "Clone9_N2_mature_hairpin_genome.sorted.flagstat:md5,8f2c1d80505b359f6a194c77586a0ad6",
                "Clone9_N2_mature_hairpin_genome.sorted.idxstats:md5,e6ae0cd125cf1443c9f82b83a22ee747",
                "Clone9_N2_mature_hairpin_genome.sorted.stats:md5,03a68d3cdb16a5f025543727a964ed53",
                "Clone9_N3_mature_hairpin_genome.sorted.flagstat:md5,9f081b9d1574a1574a85be9d0c5a9953",
                "Clone9_N3_mature_hairpin_genome.sorted.idxstats:md5,d3f39f37f7cf6e08672b0ea93c778e7f",
                "Clone9_N3_mature_hairpin_genome.sorted.stats:md5,f53e0b0f914acecf8682bb2e1430bdfb",
                "Control_N1_mature_hairpin_genome.sorted.flagstat:md5,d11448647f4fc61d39477282f2d6cfa3",
                "Control_N1_mature_hairpin_genome.sorted.idxstats:md5,dfda7345ca7483ace4daef0bdd24481a",
                "Control_N1_mature_hairpin_genome.sorted.stats:md5,503f78ee771c2defcd0b8a3af10004d7",
                "Control_N2_mature_hairpin_genome.sorted.flagstat:md5,0b0e3f913949467f14da1a435785c789",
                "Control_N2_mature_hairpin_genome.sorted.idxstats:md5,1e7bdba5f0c6b715a622a5f5fca6ab1b",
                "Control_N2_mature_hairpin_genome.sorted.stats:md5,6d4ff7dbdc7d1f3657307b40f4bb1433",
                "Control_N3_mature_hairpin_genome.sorted.flagstat:md5,409b8700bad7ead311184c657d7507c9",
                "Control_N3_mature_hairpin_genome.sorted.idxstats:md5,addf95ffd01dd67b7cd889f87b5376c4",
                "Control_N3_mature_hairpin_genome.sorted.stats:md5,4d258a3980a53bccd57bcf24f2087407",
                "Clone1_N1_mirtop_rawData.tsv:md5,36302566f743d455408f8ca85642fc97",
                "Clone1_N3_mirtop_rawData.tsv:md5,23465db049fb2420310fb303a6dc5a79",
                "Clone9_N1_mirtop_rawData.tsv:md5,560c1a09d778260619305fbf8b66fcdc",
                "Clone9_N2_mirtop_rawData.tsv:md5,57884447b26df8149fdc82a3208563e1",
                "Clone9_N3_mirtop_rawData.tsv:md5,b31a78884d285cba7a598a4d8939ff85",
                "Control_N1_mirtop_rawData.tsv:md5,be2e56392cb7ba0d1eddc27a7d75928d",
                "Control_N2_mirtop_rawData.tsv:md5,b9a8d4deebfb49bf898d04814575e67c",
                "Control_N3_mirtop_rawData.tsv:md5,b2e80aea4c3d795683b5d8411c5a4f34",
                "Clone1_N1_mirtop.gff:md5,21abd96456ee1314a5a7bdc0f0beb195",
                "Clone1_N3_mirtop.gff:md5,9d4c22f502df986e3a077193e0690538",
                "Clone9_N1_mirtop.gff:md5,a905136482963bcfaeaa1e930dbb9198",
                "Clone9_N2_mirtop.gff:md5,17dff9471a3efa0790039466d23ece6b",
                "Clone9_N3_mirtop.gff:md5,5db76c5d2153ea8cc6ecd211b05e2a7f",
                "Control_N1_mirtop.gff:md5,7b6a9effce24331fc2f347faead15ac0",
                "Control_N2_mirtop.gff:md5,1f680c42b611affb139b384e97f4eb5a",
                "Control_N3_mirtop.gff:md5,e23df21d6b44db82331eae9ed8227933",
                "mirtrace-stats-contamination_basic.tsv:md5,34005177b3038da76236b5d8fb468825",
                "mirtrace-stats-contamination_detailed.tsv:md5,141f6f46a4f9fcfac91303c125a2fc75",
                "mirtrace-stats-length.tsv:md5,2cbf0ea9c681da0a2deba47c4dc75bb2",
                "mirtrace-stats-mirna-complexity.tsv:md5,971e0ca471d3c39fa37bd3429632ab20",
                "mirtrace-stats-phred.tsv:md5,6bd880d02106e40824d6566ef3cae7ba",
                "mirtrace-stats-qcstatus.tsv:md5,5e581a1a8407707eb489392dd27485a6",
                "mirtrace-stats-rnatype.tsv:md5,660c56970ca96a6215dc1acd670d4c46",
                "Clone1_N1.fastp.fasta:md5,e555725eee5b42f6ebd5a7009ee746ea",
                "Clone1_N1.fastp.fasta:md5,bda46066a2fd43a1a9cd1a161d60e262",
                "mirtrace-stats-contamination_basic.tsv:md5,109ca0f96520aaa21bea6f55dc1b4b03",
                "mirtrace-stats-contamination_detailed.tsv:md5,d116d38bc104139f7496da66ce0a9436",
                "mirtrace-stats-length.tsv:md5,b207fa0a9cd16ca484413b03a7107368",
                "mirtrace-stats-mirna-complexity.tsv:md5,c23ba923e88925846fa1c28f837b40d6",
                "mirtrace-stats-phred.tsv:md5,088ad4c10a43c371f0fa91c201766f4a",
                "mirtrace-stats-qcstatus.tsv:md5,eaaad6509454a524a827d22c1d08272d",
                "mirtrace-stats-rnatype.tsv:md5,cbdc73614217d1c28909844adbdaf670",
                "Clone1_N3.fastp.fasta:md5,8c8a2ce2cb929cf8371b92d1a1f97ef7",
                "Clone1_N3.fastp.fasta:md5,c47a071afed842f2d97d5c09a8bc7872",
                "mirtrace-stats-contamination_basic.tsv:md5,caad38b3aa7b7b45f7832076de456943",
                "mirtrace-stats-contamination_detailed.tsv:md5,c1fe7947522c1fa109123f19524ef3dc",
                "mirtrace-stats-length.tsv:md5,3167f3220ec7a1e7f90a7fe25878dde6",
                "mirtrace-stats-mirna-complexity.tsv:md5,49943388b3ac842b8f9433d52bd349b0",
                "mirtrace-stats-phred.tsv:md5,22e96f8359054dd1b6f2d8983ddfb7d0",
                "mirtrace-stats-qcstatus.tsv:md5,e28c0c007a2eb97bf50eb7f156605ac3",
                "mirtrace-stats-rnatype.tsv:md5,6039dc536853a7e1712fa0346013432e",
                "Clone9_N1.fastp.fasta:md5,7479987f744b8a4f5f28f804a6199bad",
                "Clone9_N1.fastp.fasta:md5,6bf3702d8da95502c02b3ce310dc915f",
                "mirtrace-stats-contamination_basic.tsv:md5,60c4ee7e0cf4d95ee9adba040f5c6a89",
                "mirtrace-stats-contamination_detailed.tsv:md5,6dccc7080b211e459d0c5f9ed86f35bb",
                "mirtrace-stats-length.tsv:md5,c257084e4a60cc44293cc910cd99f371",
                "mirtrace-stats-mirna-complexity.tsv:md5,b3a72c150408d124fa8df87bd4b94906",
                "mirtrace-stats-phred.tsv:md5,751efdf7c40b0ad4acd30e491caedd79",
                "mirtrace-stats-qcstatus.tsv:md5,0d6c935f56dddf447cfee0997d0e9af8",
                "mirtrace-stats-rnatype.tsv:md5,5139ea406c3bfdde5dde6ac63adb918d",
                "Clone9_N2.fastp.fasta:md5,bfd9b3982e60eac1450cb03e1d26fda9",
                "Clone9_N2.fastp.fasta:md5,d462e39fa7cfac0f88e37cf9b78893cd",
                "mirtrace-stats-contamination_basic.tsv:md5,b43e616d4433f545584719df3d27a4bc",
                "mirtrace-stats-contamination_detailed.tsv:md5,db09a1970e11e6309d341203d022268d",
                "mirtrace-stats-length.tsv:md5,fc20221163c7372337c7850f8c7654e0",
                "mirtrace-stats-mirna-complexity.tsv:md5,10b273a67210a245048f50f7ff78ce0d",
                "mirtrace-stats-phred.tsv:md5,b667dcd1e693e847758fd001bf114023",
                "mirtrace-stats-qcstatus.tsv:md5,1f5d8541cc2312da977b5f51e25f5bed",
                "mirtrace-stats-rnatype.tsv:md5,c53f0bc194bf162cdd5b0e9416da5de1",
                "Clone9_N3.fastp.fasta:md5,1876a693ce3ce625c36c520c7ef68c36",
                "Clone9_N3.fastp.fasta:md5,9121de8da27b459c8834dcff945d56bc",
                "mirtrace-stats-contamination_basic.tsv:md5,d9c7f376534f96edc7b75336481cadac",
                "mirtrace-stats-contamination_detailed.tsv:md5,a5be3a3a11422e6ccd952e58f77ba7f4",
                "mirtrace-stats-length.tsv:md5,5386142fdf343aab204074b4b0870c8f",
                "mirtrace-stats-mirna-complexity.tsv:md5,ae887139aae4bab7d775cc1c3f482241",
                "mirtrace-stats-phred.tsv:md5,3cc5f58a9f2b00a0745c17443ff41b96",
                "mirtrace-stats-qcstatus.tsv:md5,d03d530ee8f048fe1af0aa9d0416a472",
                "mirtrace-stats-rnatype.tsv:md5,30100829611d301905fd6dbb5adc0dcf",
                "Control_N1.fastp.fasta:md5,c02efd6ef1cadac92ecb4bced9228f1e",
                "Control_N1.fastp.fasta:md5,1c863a9e2ae0ad85cc0d5ccd48ab1857",
                "mirtrace-stats-contamination_basic.tsv:md5,4b1c301d622a69b62d4ad3301472c3c3",
                "mirtrace-stats-contamination_detailed.tsv:md5,8198ff08f1592343ab9fa93208d15c77",
                "mirtrace-stats-length.tsv:md5,dffda172909e1b70cda0cb7952981f92",
                "mirtrace-stats-mirna-complexity.tsv:md5,1957f5e67eb2513a66115e67c6e2bea0",
                "mirtrace-stats-phred.tsv:md5,e5ae3956b62fdb34b46bcfa0b971b0b8",
                "mirtrace-stats-qcstatus.tsv:md5,e94b9cf4dfb2768dd61676c71438c831",
                "mirtrace-stats-rnatype.tsv:md5,500836cf47166e115bc5e44ab60d71eb",
                "Control_N2.fastp.fasta:md5,6d2e93c6a04a29ad0b678773e3da574b",
                "Control_N2.fastp.fasta:md5,1289f1d4172f7e88d933c9b9ec5273d7",
                "mirtrace-stats-contamination_basic.tsv:md5,f131ac3b945d4a7165be3363a1edff46",
                "mirtrace-stats-contamination_detailed.tsv:md5,c77f050c0257d26e4c85b2169582d266",
                "mirtrace-stats-length.tsv:md5,9cec18313bf4785fd3cf611aec5d5de6",
                "mirtrace-stats-mirna-complexity.tsv:md5,0adcc2d8dc47a6252a43a0b26533f396",
                "mirtrace-stats-phred.tsv:md5,d045f0c4f3a5eba37a85e178a9bbf4fc",
                "mirtrace-stats-qcstatus.tsv:md5,a1afdf096ff58a9e5a25b15b96f49e21",
                "mirtrace-stats-rnatype.tsv:md5,e89fb8a36feb29d82cb46174ad0cf8a3",
                "Control_N3.fastp.fasta:md5,ee31630943cb48ea9c877732e60a719a",
                "Control_N3.fastp.fasta:md5,9de1639792199154d211d5a84d8208cd",
                "fastp-seq-content-gc-plot_Read_1_After_filtering.txt:md5,cbc4607b9702b224f210675ffe28f93b",
                "fastp-seq-content-gc-plot_Read_1_Before_filtering.txt:md5,a8387a3e6b350acd16bb0ed5a43949d8",
                "fastp-seq-content-n-plot_Read_1_After_filtering.txt:md5,048e9b2293217ab8b47ba0113b83c76c",
                "fastp-seq-content-n-plot_Read_1_Before_filtering.txt:md5,048e9b2293217ab8b47ba0113b83c76c",
                "fastp-seq-quality-plot_Read_1_After_filtering.txt:md5,e4671cc2b50c4e213f3e4069cf2cafb8",
                "fastp-seq-quality-plot_Read_1_Before_filtering.txt:md5,65685440fcb927115ac30b01133e2f92",
                "fastp_filtered_reads_plot.txt:md5,79b99bd310e4bee3a086a49d0b6c63c4",
                "fastqc-1-status-check-heatmap.txt:md5,e64c353797e6dc057d10b3194ca6b20d",
                "fastqc-1_adapter_content_plot.txt:md5,63cb9363917e4c70f69adadb782bf5e5",
                "fastqc-1_overrepresented_sequences_plot.txt:md5,28690276236fa41bf6d70a75ccdb6574",
                "fastqc-1_per_base_n_content_plot.txt:md5,048e9b2293217ab8b47ba0113b83c76c",
                "fastqc-1_per_base_sequence_quality_plot.txt:md5,7a069988afadfd76ba30352e60dc9174",
                "fastqc-1_per_sequence_gc_content_plot_Counts.txt:md5,3b108d9885bfe03f3ffbbd04afedeb16",
                "fastqc-1_per_sequence_gc_content_plot_Percentages.txt:md5,5c561a60bdf2cea26c3084234c46ae72",
                "fastqc-1_per_sequence_quality_scores_plot.txt:md5,70fb58bb7cc9cb1f233fe8ab9b962e80",
                "fastqc-1_sequence_counts_plot.txt:md5,4be5a69d331fc98c84296752d44326ed",
                "fastqc-1_sequence_duplication_levels_plot.txt:md5,cd347a33216c76c05e2b83160b8572cb",
                "fastqc-status-check-heatmap.txt:md5,30f55902420433a11971d36956e8576e",
                "fastqc_adapter_content_plot.txt:md5,86a0f478fd3e690ef5132d08bf4e7625",
                "fastqc_overrepresented_sequences_plot.txt:md5,c9114495778fc34844065a82254efca5",
                "fastqc_per_base_n_content_plot.txt:md5,fb8a49467d1679dbf716e1f00c1f25e5",
                "fastqc_per_base_sequence_quality_plot.txt:md5,80ea53d94917cadcb41f3fdb56cba014",
                "fastqc_per_sequence_gc_content_plot_Counts.txt:md5,3e9c1a7204c12d9c1b3b53342cf61840",
                "fastqc_per_sequence_gc_content_plot_Percentages.txt:md5,539883757ae5bf731da93fe0568022e9",
                "fastqc_per_sequence_quality_scores_plot.txt:md5,38dbd6509de7f1beac17e44acb8336be",
                "fastqc_sequence_counts_plot.txt:md5,81fa53817d7792203fcf881783106102",
                "fastqc_sequence_duplication_levels_plot.txt:md5,88b0babe77f623547e8af664791ef2d0",
                "fastqc_sequence_length_distribution_plot.txt:md5,f1356c87ed134bdde935faf354b7a9a7",
                "mirtop_mean_read_count_plot.txt:md5,fa4d2c3fe9aac694d2d6d12bf2b844ba",
                "mirtop_read_count_plot.txt:md5,835d6b70ae9f61a6e3dcbe369611943f",
                "mirtop_unique_read_count_plot.txt:md5,4fc6b7e4f279b0e79a995279d3576682",
                "multiqc_citations.txt:md5,ea6d63393b7f47815a949fc58ee0caf8",
                "multiqc_fastp.txt:md5,33a1689e5f0f5047da6b28440e121476",
                "multiqc_fastqc.txt:md5,74d277d129db4aab9c98790a96a40557",
                "multiqc_fastqc_fastqc-1.txt:md5,4c4f6b548ce4f8fdf829a9a086f1ee9f",
                "multiqc_general_stats.txt:md5,9f5148b6e5e352814bbc6420efa32573",
                "multiqc_mirtrace_complexity.txt:md5,2da5d49a2eebc988bf79ba2701982a9d",
                "multiqc_mirtrace_contamination.txt:md5,a6f8d6c500f6f53c698d3432297b591d",
                "multiqc_mirtrace_length.txt:md5,d740d8d43d3bcfa0bc785f6aa7481da1",
                "multiqc_mirtrace_summary.txt:md5,b6dbdd71c17bc643894bfbfadb46a0bf",
                "multiqc_samtools_stats.txt:md5,99a92a9b0abba50d6ceee3e825c70198",
                "samtools-stats-dp.txt:md5,f59eea909defc71cd3daff994cd3fa37",
                "samtools_alignment_plot.txt:md5,58bf8fc4085fc18e890ebf9143e8c453",
                "genome.1.ebwt:md5,1bfbf95848b5a2e8a786d0a2c1054bbb",
                "genome.2.ebwt:md5,8f007efb2d23e46035cc47340c4d981e",
                "genome.3.ebwt:md5,caf97e67055e1b465e933214d0168e68",
                "genome.4.ebwt:md5,87ff9d3ef8b55f845a9205a19c729f1c",
                "genome.rev.1.ebwt:md5,3275dafaca50d8cafde473b54e9ebbff",
                "genome.rev.2.ebwt:md5,65f054c598e3e9fdd33cb22c9f8f8ca5"
            ]
        ],
        "meta": {
            "nf-test": "0.9.3",
            "nextflow": "25.04.6"
        },
        "timestamp": "2025-12-10T15:10:25.077616816"
    }
}