{
    "fastqc_trimmed": {
        "content": [
            true,
            true,
            true
        ],
        "meta": {
            "nf-test": "0.9.0",
            "nextflow": "23.10.0"
        },
        "timestamp": "2024-08-27T21:57:46.843345801"
    },
    "bowtie_index_genome": {
        "content": [
            "genome.2.ebwt:md5,8f007efb2d23e46035cc47340c4d981e",
            "genome.1.ebwt:md5,1bfbf95848b5a2e8a786d0a2c1054bbb",
            "genome.3.ebwt:md5,caf97e67055e1b465e933214d0168e68",
            "genome.4.ebwt:md5,87ff9d3ef8b55f845a9205a19c729f1c",
            "genome.rev.1.ebwt:md5,3275dafaca50d8cafde473b54e9ebbff",
            "genome.edited.fa:md5,5aaada29b1c575230fa1b7c3bd4d76db",
            "genome.rev.2.ebwt:md5,65f054c598e3e9fdd33cb22c9f8f8ca5"
        ],
        "meta": {
            "nf-test": "0.9.0",
            "nextflow": "23.10.0"
        },
        "timestamp": "2024-08-27T21:57:38.181220491"
    },
    "genome_quant_bam": {
        "content": [
            true,
            true,
            true,
            true,
            true,
            true,
            "Control_N1_mature_hairpin_genome.sorted.idxstats:md5,a11f543771cea6b383fb596f60e998c3",
            "Control_N1_mature_hairpin_genome.sorted.stats:md5,6a53b78cc7e4ca2338c76095af080151",
            "Clone1_N1_mature_hairpin_genome.sorted.idxstats:md5,d92f9eae7657418858e6d2b69436f74f",
            "Clone1_N1_mature_hairpin_genome.sorted.flagstat:md5,5bb521c495f1c450835299b1eb88dc84",
            "Clone9_N1_mature_hairpin_genome.sorted.idxstats:md5,aa37c5da7c2b4505ce58c3a21f97121c",
            "Control_N1_mature_hairpin_genome.sorted.flagstat:md5,df2a57ac3b36f5d40793d3105a4bb2d1",
            "Clone9_N1_mature_hairpin_genome.sorted.flagstat:md5,6a8ad3be2ca0fa924fd32a04293d4ce4",
            "Clone1_N1_mature_hairpin_genome.sorted.stats:md5,03d3f6227829c80c0e29cb49df9b6a27",
            "Clone9_N1_mature_hairpin_genome.sorted.stats:md5,26c8e55e56641f2d4387a37b099ff0c2"
        ],
        "meta": {
            "nf-test": "0.9.0",
            "nextflow": "23.10.0"
        },
        "timestamp": "2024-08-27T21:57:48.739856745"
    },
    "mirna_quant_reference": {
        "content": [
            "hsa-hg38-pri-30-30.fas_igenome.fa:md5,0330f80966b98ef9b300db0b312c422d",
            "hsa_igenome.fa:md5,f8a652b0a51db6ce518f7cdba06c3c01",
            "hsa-hg38-pri-30-30.fas_igenome.fa_idx.fa:md5,f550596c4dc78658f1aa438c3f2432f1",
            "hsa_igenome.fa_idx.fa:md5,f8a652b0a51db6ce518f7cdba06c3c01"
        ],
        "meta": {
            "nf-test": "0.9.0",
            "nextflow": "23.10.0"
        },
        "timestamp": "2024-08-27T21:57:31.958606652"
    },
    "software_versions": {
        "content": [
            "{BOWTIE_MAP_GENOME={bowtie=1.3.1, samtools=1.14}, BOWTIE_MAP_HAIRPIN={bowtie=1.3.1, samtools=1.14}, BOWTIE_MAP_MATURE={bowtie=1.3.1, samtools=1.14}, BOWTIE_MAP_SEQCLUSTER={bowtie=1.3.1, samtools=1.14}, FASTP={fastp=0.23.4}, FASTQC_RAW={fastqc=0.12.1}, FASTQC_TRIM={fastqc=0.12.1}, FORMAT_HAIRPIN={fastx_toolkit=0.0.14}, FORMAT_MATURE={fastx_toolkit=0.0.14}, INDEX_GENOME={bowtie=1.3.1}, INDEX_HAIRPIN={bowtie=1.3.1}, INDEX_MATURE={bowtie=1.3.1}, PARSE_HAIRPIN={seqkit=2.6.1}, PARSE_MATURE={seqkit=2.6.1}, SAMTOOLS_FLAGSTAT={samtools=1.2}, SAMTOOLS_IDXSTATS={samtools=1.2}, SAMTOOLS_INDEX={samtools=1.2}, SAMTOOLS_SORT={samtools=1.2}, SAMTOOLS_STATS={samtools=1.2}, SEQCLUSTER_SEQUENCES={seqcluster=1.2.9}, Workflow={nf-core/smrnaseq=v2.3.2dev}}"
        ],
        "meta": {
            "nf-test": "0.9.0",
            "nextflow": "23.10.0"
        },
        "timestamp": "2024-08-27T21:57:31.83728442"
    },
    "mirna_quant_bam": {
        "content": [
            true,
            true,
            true,
            true,
            true,
            true,
            "Clone1_N1_mature.sorted.stats:md5,c0756996051adc8d1bd0d0b60fd0855b",
            "Control_N1_mature.sorted.flagstat:md5,f8df7690d20014518f47dc2fe39debec",
            "Clone1_N1_mature.sorted.flagstat:md5,e5dfab2690df9cb96aec5889ad008604",
            "Clone1_N1_mature.sorted.idxstats:md5,f391c89a5631b2f2c2d31ebe07fb47d0",
            "Control_N1_mature.sorted.idxstats:md5,b7a382b1d0f5cba6cb94b3b5a6b18f84",
            "Clone9_N1_mature.sorted.idxstats:md5,8302f401476f5c8fee3333e1c742c05e",
            "Clone9_N1_mature.sorted.flagstat:md5,adf40ba27907b6ef726d6c5923a731b9",
            "Control_N1_mature.sorted.stats:md5,2a5fce73b26297bfce12d75b1e59b205",
            "Clone9_N1_mature.sorted.stats:md5,96b82a0250469c1754abddd4c9b121f2",
            true,
            true,
            true,
            true,
            true,
            true,
            "Clone1_N1_mature_hairpin.sorted.idxstats:md5,cc9d2c4ad6d7e05e4a05c8006d64ac6d",
            "Control_N1_mature_hairpin.sorted.stats:md5,546c01ab7193d65418db5e11ab57f8c6",
            "Control_N1_mature_hairpin.sorted.flagstat:md5,1dc7b98f0014a99a20de7c09a6b95340",
            "Clone9_N1_mature_hairpin.sorted.flagstat:md5,678f4f9e98c3e1fcc5af54e8dd06fbbc",
            "Clone1_N1_mature_hairpin.sorted.flagstat:md5,ba7fd1aa5c0ed1bb161d1f4278926040",
            "Control_N1_mature_hairpin.sorted.idxstats:md5,79dc5e82ff88e7379c893549224cd87f",
            "Clone1_N1_mature_hairpin.sorted.stats:md5,105a9a3726ab313c5845c70042fdffff",
            "Clone9_N1_mature_hairpin.sorted.idxstats:md5,f3ed5bf23f73d41c42d3da0bf30f89ea",
            "Clone9_N1_mature_hairpin.sorted.stats:md5,91bb004f5271b4c507bef7d274df3d61"
        ],
        "meta": {
            "nf-test": "0.9.0",
            "nextflow": "23.10.0"
        },
        "timestamp": "2024-08-27T21:57:34.482464061"
    },
    "bowtie_index_mirna_mature": {
        "content": [
            "fasta_bidx.2.ebwt:md5,990abde7202805872f56781abfce9da1",
            "fasta_bidx.3.ebwt:md5,f132742aec53cedb06ca87d289f9f4a2",
            "fasta_bidx.1.ebwt:md5,7f642e502a03af140cc9defea6c5fbad",
            "fasta_bidx.4.ebwt:md5,70977c4174dd54d5715e24cbe148686c",
            "fasta_bidx.rev.1.ebwt:md5,34feb7692da8d4752343cf327e1f4446",
            "fasta_bidx.rev.2.ebwt:md5,ea6d4ad4a6fbc394e189ba95c38eaad0"
        ],
        "meta": {
            "nf-test": "0.9.0",
            "nextflow": "23.10.0"
        },
        "timestamp": "2024-08-27T21:57:42.688671664"
    },
    "mirna_quant_edger_qc": {
        "content": [
            true,
            true,
            true,
            true,
            true,
            true,
            true,
            true,
            true,
            true,
            true,
            true,
            true,
            true,
            true,
            true
        ],
        "meta": {
            "nf-test": "0.9.0",
            "nextflow": "23.10.0"
        },
        "timestamp": "2024-08-27T21:57:36.166947076"
    },
    "fastqc_raw": {
        "content": [
            true,
            true,
            true
        ],
        "meta": {
            "nf-test": "0.9.0",
            "nextflow": "23.10.0"
        },
        "timestamp": "2024-08-27T21:57:44.938250366"
    },
    "bowtie_index_mirna_hairpin": {
        "content": [
            "fasta_bidx.2.ebwt:md5,f2a632771f4d91546b7d72eb02a074be",
            "fasta_bidx.4.ebwt:md5,5f58f8d33f5f4ad024fe5d5bed359e70",
            "fasta_bidx.1.ebwt:md5,058b4869546dd035b4a0c04f5f88e2a0",
            "fasta_bidx.3.ebwt:md5,ff4179d03d07954bc2c4e9e3db53cc84",
            "fasta_bidx.rev.2.ebwt:md5,f46776adf134dbf7b15a18ecb6810b05",
            "fasta_bidx.rev.1.ebwt:md5,4ad69edd9799cc0a962fb4227336fbfb"
        ],
        "meta": {
            "nf-test": "0.9.0",
            "nextflow": "23.10.0"
        },
        "timestamp": "2024-08-27T21:57:40.645804902"
    },
    "multiqc_multiqc_data": {
        "content": [
            "fastqc-status-check-heatmap.txt:md5,3f897028847a4a3a5f666325cd732067",
            "fastp_filtered_reads_plot.txt:md5,9159e659878ad2f538262c948f6a2345",
            "fastqc_overrepresented_sequences_plot.txt:md5,2ee0e91aa9a97789b25578d0476eaf30",
            true,
            "fastqc_sequence_counts_plot-1.txt:md5,963514191746085fcb178d3aaab0bff1",
            "fastqc_per_sequence_gc_content_plot-1_Percentages.txt:md5,0a4b4285f2c53dca216c107decc9921f",
            "multiqc_citations.txt:md5,57db2426be011862828d18f767d25b57",
            true,
            "fastqc_sequence_length_distribution_plot.txt:md5,8b5cf1e3429a1ea0b3c63cfb176e1014",
            "fastp-seq-content-n-plot_Read_1_Before_filtering.txt:md5,a0502dd4f701c9deb646ffbec80c09de",
            "fastqc_sequence_duplication_levels_plot-1.txt:md5,2072cda513c8884047d9d11c8aacbf33",
            "fastqc_per_base_sequence_quality_plot-1.txt:md5,cafad80f4e07df53590cbabbbd024629",
            true,
            "fastqc_per_base_n_content_plot-1.txt:md5,a0502dd4f701c9deb646ffbec80c09de",
            "fastqc_per_base_n_content_plot.txt:md5,d907ac1ac9a4f19908b7b025eb75abfe",
            "fastp-seq-quality-plot_Read_1_After_filtering.txt:md5,0742b9813dcc95d4c62c52c83dec390c",
            "fastqc_per_sequence_quality_scores_plot.txt:md5,c7aacf1ab75fbe89f86e33273aefaf26",
            "fastqc_per_sequence_quality_scores_plot-1.txt:md5,6b8b8ddf52e9dcc22a4ac00c99105301",
            true,
            "fastqc_overrepresented_sequences_plot-1.txt:md5,0a2bd81443fdf55c1d2aed7fd7d73876",
            true,
            "fastqc-status-check-heatmap-1.txt:md5,d9c3ce24536a948e1fe9b84c55421ab7",
            "fastqc_sequence_counts_plot.txt:md5,df6cbeadce6de4c9b10f34f903efd2e1",
            "fastp-seq-quality-plot_Read_1_Before_filtering.txt:md5,e9d8e3289f84f5a1ae6775813ec5a9b4",
            true,
            "fastqc_per_base_sequence_quality_plot.txt:md5,a8adbff96d9adb317079e6becd7a80f6",
            "fastp-seq-content-n-plot_Read_1_After_filtering.txt:md5,a0502dd4f701c9deb646ffbec80c09de",
            "fastqc_adapter_content_plot.txt:md5,bd0fdc9c856c55598976b5a46c23a677",
            "fastqc_sequence_duplication_levels_plot.txt:md5,2b1cbdce195d2aedc4bff4c5e9b618d4",
            "fastqc_per_sequence_gc_content_plot_Percentages.txt:md5,6906cedd750c0d43a26fdcddeacce257",
            "fastqc_per_sequence_gc_content_plot-1_Counts.txt:md5,96abe7c73fc433142fbdbacb1e67e87f",
            "fastqc_adapter_content_plot-1.txt:md5,c9d77edf35d9afb8b6e86b939b5be596",
            "fastp-seq-content-gc-plot_Read_1_Before_filtering.txt:md5,910576f4999a406ea37306b8dc4eb45b",
            "fastqc_per_sequence_gc_content_plot_Counts.txt:md5,7cdf079a279cf080f2e2d7ab00b4f134",
            "fastp-seq-content-gc-plot_Read_1_After_filtering.txt:md5,585ec288b2514de54e8fb6251d1e0f98"
        ],
        "meta": {
            "nf-test": "0.9.0",
            "nextflow": "23.10.0"
        },
        "timestamp": "2024-08-27T21:57:50.655745296"
    },
    "mirna_quant_seqcluster": {
        "content": [
            "Control_N1.fastp_trimmed.fastq.gz:md5,2f09082eb68a8f1dc308050e330887ec",
            "Clone9_N1.fastp_trimmed.fastq.gz:md5,115cf0c346a93a47ba782c5724b4f090",
            "Clone1_N1.fastp_trimmed.fastq.gz:md5,14a2590e663dbde105780726c2173c25"
        ],
        "meta": {
            "nf-test": "0.9.0",
            "nextflow": "23.10.0"
        },
        "timestamp": "2024-08-27T21:57:32.015595658"
    }
}