{
    "fastqc_trimmed": {
        "content": [
            true,
            true
        ],
        "meta": {
            "nf-test": "0.9.0",
            "nextflow": "23.10.0"
        },
        "timestamp": "2024-08-22T22:51:18.564529159"
    },
    "bowtie_index_genome": {
        "content": [
            "genome.1.ebwt:md5,1bfbf95848b5a2e8a786d0a2c1054bbb",
            "genome.4.ebwt:md5,87ff9d3ef8b55f845a9205a19c729f1c",
            "genome.edited.fa:md5,5aaada29b1c575230fa1b7c3bd4d76db",
            "genome.rev.2.ebwt:md5,65f054c598e3e9fdd33cb22c9f8f8ca5",
            "genome.rev.1.ebwt:md5,3275dafaca50d8cafde473b54e9ebbff",
            "genome.2.ebwt:md5,8f007efb2d23e46035cc47340c4d981e",
            "genome.3.ebwt:md5,caf97e67055e1b465e933214d0168e68"
        ],
        "meta": {
            "nf-test": "0.9.0",
            "nextflow": "23.10.0"
        },
        "timestamp": "2024-08-22T22:51:16.64670185"
    },
    "mirtrace": {
        "content": [
            "mirtrace-stats-contamination_detailed.tsv:md5,4015530b4d5935b241eb70bf0c51dfad",
            "mirtrace-stats-mirna-complexity.tsv:md5,9ed7b0c56b5fe2913cadf9a47f2d4731",
            "mirtrace-stats-length.tsv:md5,b9f57e2e6c950a065a28769928d7dbdd",
            "mirtrace-stats-contamination_basic.tsv:md5,cf6ced069895d8d6183a5b391c532d1c",
            "mirtrace-stats-qcstatus.tsv:md5,bc24cec6cfa63462005d86dba95cfdfd",
            "mirtrace-stats-phred.tsv:md5,8cf9fc2223b9aeb50f92c8845edbf535",
            "mirtrace-stats-rnatype.tsv:md5,b485dc91adfc66a2237f145430dfbc21"
        ],
        "meta": {
            "nf-test": "0.8.4",
            "nextflow": "24.04.4"
        },
        "timestamp": "2024-08-26T15:42:33.712941492"
    },
    "mirna_quant_reference": {
        "content": [
            "hairpin.fa_igenome.fa:md5,5fb538f60d5288846600dba31010251e",
            "hairpin.fa_igenome.fa_idx.fa:md5,482b0327b0c1e36748c1ee3d3be9be77",
            "mature.fa_igenome.fa:md5,ef4cabcbea05adf334ba6891a50c951a",
            "mature.fa_igenome.fa_idx.fa:md5,ef4cabcbea05adf334ba6891a50c951a"
        ],
        "meta": {
            "nf-test": "0.9.0",
            "nextflow": "23.10.0"
        },
        "timestamp": "2024-08-22T22:51:36.437147891"
    },
    "software_versions": {
        "content": [
            "{BOWTIE_MAP_GENOME={bowtie=1.3.1, samtools=1.14}, BOWTIE_MAP_HAIRPIN={bowtie=1.3.1, samtools=1.14}, BOWTIE_MAP_MATURE={bowtie=1.3.1, samtools=1.14}, BOWTIE_MAP_SEQCLUSTER={bowtie=1.3.1, samtools=1.14}, FASTP={fastp=0.23.4}, FASTP_LENGTH_FILTER={fastp=0.23.4}, FASTQC_RAW={fastqc=0.12.1}, FASTQC_TRIM={fastqc=0.12.1}, FORMAT_HAIRPIN={fastx_toolkit=0.0.14}, FORMAT_MATURE={fastx_toolkit=0.0.14}, INDEX_GENOME={bowtie=1.3.1}, INDEX_HAIRPIN={bowtie=1.3.1}, INDEX_MATURE={bowtie=1.3.1}, MIRTOP_QUANT={mirtop=0.4.25}, MIRTRACE_RUN={mirtrace=1.0.1}, PARSE_HAIRPIN={seqkit=2.6.1}, PARSE_MATURE={seqkit=2.6.1}, SAMTOOLS_FLAGSTAT={samtools=1.2}, SAMTOOLS_IDXSTATS={samtools=1.2}, SAMTOOLS_INDEX={samtools=1.2}, SAMTOOLS_SORT={samtools=1.2}, SAMTOOLS_STATS={samtools=1.2}, SEQCLUSTER_SEQUENCES={seqcluster=1.2.9}, TABLE_MERGE={r-base=3.6.2}, UMICOLLAPSE_FASTQ={umicollapse=1.0.0-1}, Workflow={nf-core/smrnaseq=v2.3.2dev}}"
        ],
        "meta": {
            "nf-test": "0.9.0",
            "nextflow": "23.10.0"
        },
        "timestamp": "2024-08-22T22:51:16.629826991"
    },
    "mirna_quant_bam": {
        "content": [
            true,
            true,
            true,
            true,
            true,
            true,
            "SRX8195117_SRR11631013_mature.sorted.flagstat:md5,171387fb18ba9868e28ca03d24a7daca",
            "SRX8195117_SRR11631013_mature.sorted.stats:md5,c5ed9f69f29172af201968f97b49be67",
            "SRX8195117_SRR11631013_mature.sorted.idxstats:md5,fb6c4000f82a66654b4f2a40570649b5",
            "SRX8195118_SRR11631014_mature.sorted.flagstat:md5,57c6d477394d367ebae59f7267b430a5",
            "SRX8195118_SRR11631014_mature.sorted.stats:md5,bf67cbae75e68e5de07d042487010498",
            "SRX8195118_SRR11631014_mature.sorted.idxstats:md5,8b9cf0f1647b938f058b80522df24667",
            true,
            true,
            true,
            true,
            true,
            true,
            true,
            true,
            true,
            true,
            true,
            true,
            "SRX8195117_SRR11631013_mature_hairpin.sorted.idxstats:md5,4e7c1c98804febf6210cee5e3941709e",
            "SRX8195117_SRR11631013_mature_hairpin.sorted.flagstat:md5,b86bd14dc687a26ba5a84d1015f4b70a",
            "SRX8195118_SRR11631014_mature_hairpin.sorted.idxstats:md5,f4485713620f31d97a5006acdf6d8a5d",
            "SRX8195118_SRR11631014_mature_hairpin.sorted.stats:md5,da76c29d304c53210242909c3e23a29a",
            "SRX8195117_SRR11631013_mature_hairpin.sorted.stats:md5,b3ff5680bfebaaf6e30bb43a29a3031c",
            "SRX8195118_SRR11631014_mature_hairpin.sorted.flagstat:md5,e0c44533bc7813d552de4864d997c916",
            true,
            true
        ],
        "meta": {
            "nf-test": "0.9.0",
            "nextflow": "23.10.0"
        },
        "timestamp": "2024-08-22T22:51:51.451189696"
    },
    "umi_dedup_fastq_extracted_umi": {
        "content": [
            "SRX8195118_SRR11631014.umi_extract.fastq.gz:md5,d2928324ae465d3d8eaf65c24418b8cf",
            "SRX8195117_SRR11631013.umi_extract.fastq.gz:md5,1aeed318fab39fa646ff790a025bd21d"
        ],
        "meta": {
            "nf-test": "0.9.0",
            "nextflow": "23.10.0"
        },
        "timestamp": "2024-08-22T22:51:26.481773412"
    },
    "mirna_quant_edger_qc": {
        "content": [
            true,
            true,
            true,
            true,
            true,
            true,
            true,
            true,
            true,
            true
        ],
        "meta": {
            "nf-test": "0.9.0",
            "nextflow": "23.10.0"
        },
        "timestamp": "2024-08-22T22:52:08.29290724"
    },
    "fastqc_raw": {
        "content": [
            true,
            true
        ],
        "meta": {
            "nf-test": "0.9.0",
            "nextflow": "23.10.0"
        },
        "timestamp": "2024-08-22T22:51:18.279986494"
    },
    "multiqc_multiqc_data": {
        "content": [
            "fastqc-status-check-heatmap.txt:md5,c1509fdd74b21a718fe099de64514995",
            "fastp_filtered_reads_plot.txt:md5,3aaa79e1ede44347971c26100d9e954b",
            true,
            "fastqc_sequence_counts_plot-1.txt:md5,24744e039ce4dbcbacf42edbfd642a8b",
            "mirtrace_complexity_plot.txt:md5,03b2a5783383193eeee4a3a094612112",
            "fastqc_per_sequence_gc_content_plot-1_Percentages.txt:md5,351f949c0abf4fb7587f3f5d9a28d461",
            "multiqc_citations.txt:md5,3adbccd17a42d0d5d97ee7ebb476f433",
            true,
            "fastqc_sequence_length_distribution_plot.txt:md5,8c34b57ec084e2da9d62c254c0a517f4",
            "fastp-seq-content-n-plot_Read_1_Before_filtering.txt:md5,dfdb23f41359b8a6b84d6626a0474d02",
            "fastqc_sequence_duplication_levels_plot-1.txt:md5,b5ae95ecd73055798ed70947dda3747c",
            "fastqc_per_base_sequence_quality_plot-1.txt:md5,89adfa92b1cde0ad4e401b430bbc68ce",
            true,
            "fastqc_per_base_n_content_plot-1.txt:md5,db081d3aa63007e5a78113f0fc26f27d",
            "fastqc_per_base_n_content_plot.txt:md5,5b5b8cee3162d092c0bcddffbd000f34",
            "fastp-seq-quality-plot_Read_1_After_filtering.txt:md5,66a47c7ce00ede2053f8e6eb20ec3417",
            "fastqc_per_sequence_quality_scores_plot.txt:md5,3aa99649540afc898d32d2e49a364487",
            "mirtrace_qc_plot.txt:md5,b8e9e241fd258a3ddd13ae407d6dd746",
            "fastqc_per_sequence_quality_scores_plot-1.txt:md5,4108da6fe352558a652ee2b17d609e07",
            "mirtrace_length_plot.txt:md5,3f84d4b3dd20053815b7524bc43f0261",
            true,
            "fastqc-status-check-heatmap-1.txt:md5,cb2ea844834808ae4c95c6440269cf2e",
            "fastqc_sequence_counts_plot.txt:md5,5e5c5132ff1969dfa40cb8b1eadf7a46",
            "mirtrace_rna_categories_plot.txt:md5,d7d616cd1ef0797727299f8820f50ab9",
            "fastp-seq-quality-plot_Read_1_Before_filtering.txt:md5,f36b7cfd3057b26281367397db45033a",
            true,
            "fastqc_per_base_sequence_quality_plot.txt:md5,e2e187bc0b0c1f0d1abb3b666945c7b3",
            true,
            "fastp-seq-content-n-plot_Read_1_After_filtering.txt:md5,bbad2035ada86867c4ed579a93b78d64",
            true,
            true,
            "mirtrace_contamination_check_plot.txt:md5,46c2709ae5228d93ff117b88f9792620",
            "fastqc_adapter_content_plot.txt:md5,de1d7324ff5146b49fc9a2e6d4633962",
            "fastqc_sequence_duplication_levels_plot.txt:md5,fe7598e49f93bb980a7675a2bb4bd3b5",
            "fastqc_per_sequence_gc_content_plot_Percentages.txt:md5,c2f2f9282a50c3eef475664cc969b8ec",
            "fastqc_per_sequence_gc_content_plot-1_Counts.txt:md5,15d8fa32e0c11ef0d3d10fc28370972c",
            "fastqc_adapter_content_plot-1.txt:md5,89cd342fdc6fbba5f67078c9a2f0c684",
            "fastp-seq-content-gc-plot_Read_1_Before_filtering.txt:md5,f832e92fb36db181ed1079be110edb2a",
            "fastqc_per_sequence_gc_content_plot_Counts.txt:md5,488e25de89d18d20f29b86f2580a8df9",
            true,
            "fastp-seq-content-gc-plot_Read_1_After_filtering.txt:md5,d673e3b18c40c5af1edccffba386d678"
        ],
        "meta": {
            "nf-test": "0.8.4",
            "nextflow": "24.04.4"
        },
        "timestamp": "2024-08-26T15:42:34.218114878"
    },
    "mirna_quant_seqcluster": {
        "content": [
            "SRX8195118_SRR11631014.fastp_trimmed.fastq.gz:md5,cf4de7d3978d5ff4709a88d3d2d034d8",
            "SRX8195117_SRR11631013.fastp_trimmed.fastq.gz:md5,0a0da4dc5c49678d8421537dbf3067bc"
        ],
        "meta": {
            "nf-test": "0.9.0",
            "nextflow": "23.10.0"
        },
        "timestamp": "2024-08-22T22:51:42.885530924"
    },
    "mirtrace_qc_passed_reads.rnatype_unknown.collapsed": {
        "content": [
            "SRX8195118_SRR11631014.fastp.fasta:md5,5aff6ac8bf0f5637b730ad8f49ac7a47",
            "SRX8195117_SRR11631013.fastp.fasta:md5,08902643a45e944be04ad62dd4eaa610"
        ],
        "meta": {
            "nf-test": "0.8.4",
            "nextflow": "24.04.4"
        },
        "timestamp": "2024-08-26T15:42:34.012175996"
    },
    "genome_quant_bam": {
        "content": [
            true,
            true,
            true,
            true,
            "SRX8195118_SRR11631014_mature_hairpin_genome.sorted.flagstat:md5,235383f64a943885f5d899f5b8e03eba",
            "SRX8195117_SRR11631013_mature_hairpin_genome.sorted.flagstat:md5,977e88cbe62027285df73e1f7f9cd9bc",
            "SRX8195118_SRR11631014_mature_hairpin_genome.sorted.idxstats:md5,a4874de294706a7ead30258944ff2dad",
            "SRX8195118_SRR11631014_mature_hairpin_genome.sorted.stats:md5,e19093f62044a7d053a0073092c506f3",
            "SRX8195117_SRR11631013_mature_hairpin_genome.sorted.stats:md5,053912820064080299710bfbe7baf3c7",
            "SRX8195117_SRR11631013_mature_hairpin_genome.sorted.idxstats:md5,cc0413bf90252c3b3af8926fd64bc873"
        ],
        "meta": {
            "nf-test": "0.9.0",
            "nextflow": "23.10.0"
        },
        "timestamp": "2024-08-22T22:52:39.634115257"
    },
    "umi_dedup_bam_deduplicated": {
        "content": [
            "SRX8195118_SRR11631014.umi_dedup.sorted.fastq.gz:md5,af2b98d9bd6d0760a7eb07813d015aee",
            "SRX8195117_SRR11631013.umi_dedup.sorted.fastq.gz:md5,247d78a2d700012064d0b2e28d04b061"
        ],
        "meta": {
            "nf-test": "0.9.0",
            "nextflow": "23.10.0"
        },
        "timestamp": "2024-08-22T22:51:20.189322584"
    },
    "bowtie_index_mirna_mature": {
        "content": [
            "fasta_bidx.rev.2.ebwt:md5,ab52bc362b4c382cf213a71219e9efee",
            "fasta_bidx.4.ebwt:md5,78260e9dde22d8f31622c77d71bbb605",
            "fasta_bidx.2.ebwt:md5,778bd05aa462c2119736f9a4056bc41f",
            "fasta_bidx.1.ebwt:md5,11a2f568aa785d32246cb8ce1aa8add4",
            "fasta_bidx.rev.1.ebwt:md5,0520d43b6b75328f3c30254a2d6baa18",
            "fasta_bidx.3.ebwt:md5,7aeccc6ec919ce1cfcd2b1e40be743fe"
        ],
        "meta": {
            "nf-test": "0.9.0",
            "nextflow": "23.10.0"
        },
        "timestamp": "2024-08-22T22:51:17.603519295"
    },
    "bowtie_index_mirna_hairpin": {
        "content": [
            "fasta_bidx.2.ebwt:md5,6d99166d1a8a7a1bbf262e89db218278",
            "fasta_bidx.3.ebwt:md5,5c60180e2f6fc2e0c399f10b9f9bbee2",
            "fasta_bidx.4.ebwt:md5,c3d4dbfbb587261ddf29e906029c10b1",
            "fasta_bidx.1.ebwt:md5,40c2c142e094ab5ea531a0564ad62cee",
            "fasta_bidx.rev.1.ebwt:md5,4532fb1426b29163b23702c8daf84d62",
            "fasta_bidx.rev.2.ebwt:md5,4270939b810aa3f461bacee1edc993aa"
        ],
        "meta": {
            "nf-test": "0.9.0",
            "nextflow": "23.10.0"
        },
        "timestamp": "2024-08-22T22:51:17.150913158"
    },
    "mirtrace_qc_passed_reads.all.collapsed": {
        "content": [
            "SRX8195118_SRR11631014.fastp.fasta:md5,472b73017f8a22c10855fd196f19c1c7",
            "SRX8195117_SRR11631013.fastp.fasta:md5,d05deb2132050f04843341d613cc6e65"
        ],
        "meta": {
            "nf-test": "0.8.4",
            "nextflow": "24.04.4"
        },
        "timestamp": "2024-08-26T15:42:33.842847298"
    },
    "mirna_quant_mirtop": {
        "content": [
            true,
            true,
            "mirtop_rawData.tsv:md5,ed4a0ceb2e8cd1721aa5ed27270f9623",
            "mirna.tsv:md5,e30f3037522a0a20f2a4b32cbb70990a",
            true
        ],
        "meta": {
            "nf-test": "0.9.0",
            "nextflow": "23.10.0"
        },
        "timestamp": "2024-08-22T22:51:59.309623574"
    }
}