{
    "mirtrace": {
        "content": [
            "mirtrace-stats-contamination_detailed.tsv:md5,adc318a1605d86d0e582e5f797a8c1b6",
            "mirtrace-stats-length.tsv:md5,59c6c28066c4ffa6e0b310c1bc40eb21",
            "mirtrace-stats-phred.tsv:md5,88c98f5bd1ad107b489c3a69ee0508aa",
            "mirtrace-stats-mirna-complexity.tsv:md5,ac796f3a6dd2dad071367fc62733c74e",
            "mirtrace-stats-contamination_basic.tsv:md5,ab830334fa4c2ca77bd605f9b7e90ff4",
            "mirtrace-stats-qcstatus.tsv:md5,6102df8f6afa6e4dd5cb6316cf6ff506",
            "mirtrace-stats-rnatype.tsv:md5,4422eb47d199bb1df38db794b430cc47"
        ],
        "meta": {
            "nf-test": "0.8.4",
            "nextflow": "24.04.4"
        },
        "timestamp": "2024-08-28T14:38:18.035064331"
    },
    "contaminant_filter_index": {
        "content": [
            "fasta_bidx.3.bt2:md5,b4304a4319e562766527b75e3e120be3",
            "fasta_bidx.2.bt2:md5,1f37734b74471ea7c791bfcdb3dfa7c4",
            "fasta_bidx.4.bt2:md5,f71edc7dd7e894156c9a0d1e5fd3d006",
            "fasta_bidx.rev.2.bt2:md5,e0b9889689c97be7490f8c62cd4adee0",
            "fasta_bidx.1.bt2:md5,c496b6bcb84f7aa0ba9d4a54bf1243d3",
            "fasta_bidx.rev.1.bt2:md5,f485042a707c4d3c8796e6d49d55f645"
        ],
        "meta": {
            "nf-test": "0.8.4",
            "nextflow": "24.04.4"
        },
        "timestamp": "2024-08-28T14:36:56.703796722"
    },
    "mirna_quant_reference": {
        "content": [
            "mature.fa_igenome.fa:md5,ef4cabcbea05adf334ba6891a50c951a",
            "hairpin.fa_igenome.fa:md5,5fb538f60d5288846600dba31010251e",
            "mature.fa_igenome.fa_idx.fa:md5,ef4cabcbea05adf334ba6891a50c951a",
            "hairpin.fa_igenome.fa_idx.fa:md5,482b0327b0c1e36748c1ee3d3be9be77"
        ],
        "meta": {
            "nf-test": "0.8.4",
            "nextflow": "24.04.4"
        },
        "timestamp": "2024-08-28T14:36:52.570153594"
    },
    "software_versions": {
        "content": [
            "{BLAT_CDNA={blat=null}, BLAT_NCRNA={blat=null}, BOWTIE_MAP_HAIRPIN={bowtie=1.3.1, samtools=1.14}, BOWTIE_MAP_MATURE={bowtie=1.3.1, samtools=1.14}, BOWTIE_MAP_SEQCLUSTER={bowtie=1.3.1, samtools=1.14}, CAT_FASTQ={cat=8.3}, FASTP={fastp=0.23.4}, FILTER_STATS={BusyBox=1.32.1}, FORMAT_HAIRPIN={fastx_toolkit=0.0.14}, FORMAT_MATURE={fastx_toolkit=0.0.14}, INDEX_CDNA={bowtie2=2.4.5}, INDEX_HAIRPIN={bowtie=1.3.1}, INDEX_MATURE={bowtie=1.3.1}, INDEX_NCRNA={bowtie2=2.4.5}, INDEX_TRNA={bowtie2=2.4.5}, MAP_CDNA={bowtie2=2.4.5}, MAP_NCRNA={bowtie2=2.4.5}, MAP_TRNA={bowtie2=2.4.5}, MIRTOP_QUANT={mirtop=0.4.25}, MIRTRACE_RUN={mirtrace=1.0.1}, PARSE_HAIRPIN={seqkit=2.6.1}, PARSE_MATURE={seqkit=2.6.1}, SAMTOOLS_FLAGSTAT={samtools=1.2}, SAMTOOLS_IDXSTATS={samtools=1.2}, SAMTOOLS_INDEX={samtools=1.2}, SAMTOOLS_SORT={samtools=1.2}, SAMTOOLS_STATS={samtools=1.2}, SEQCLUSTER_SEQUENCES={seqcluster=1.2.9}, TABLE_MERGE={r-base=3.6.2}, Workflow={nf-core/smrnaseq=v2.3.2dev}}"
        ],
        "meta": {
            "nf-test": "0.8.4",
            "nextflow": "24.04.4"
        },
        "timestamp": "2024-08-28T14:36:52.554019946"
    },
    "mirna_quant_bam": {
        "content": [
            "Clone1_N1_trimmed_mature.sorted.bam:md5,8e9bf0dd0d7bd759185463e8acacdf1c",
            "Clone1_N1_trimmed_mature.sorted.bam.csi:md5,3c71b0b32ade5535246a86c6f6e9eff1",
            "Clone1_N3_trimmed_mature.sorted.bam:md5,5e7e9f5702443ae34124e2b0758ed0a0",
            "Clone1_N3_trimmed_mature.sorted.bam.csi:md5,73c3281ad956f038736a8c17a163494c",
            true,
            true,
            "Clone1_N1_trimmed_mature.sorted.idxstats:md5,761f06609a8c9b2ac05fe1505bf7f490",
            "Clone1_N1_trimmed_mature.sorted.stats:md5,3f6611b81a95197d78202409cd26da0f",
            "Clone1_N3_trimmed_mature.sorted.idxstats:md5,3ac5cf1e4b6c950720e3d5f840da6ce5",
            "Clone1_N1_trimmed_mature.sorted.flagstat:md5,fc0b11d7f453e01b1eb50696f1d559b8",
            "Clone1_N1_mature.sorted.idxstats:md5,58739274531355400f0b3c0ab7d2a526",
            "Clone1_N3_trimmed_mature.sorted.flagstat:md5,9a723b10c4cab5d7ade554ce0c6656ee",
            "Clone1_N3_trimmed_mature.sorted.stats:md5,7fc00a9d6000c711e71fe1d73e9797dd",
            "Clone1_N1_mature.sorted.stats:md5,5b24697674ef3f11768fd3c53628bc18",
            "Clone1_N1_mature.sorted.flagstat:md5,79bed8efbd7bc99d7f1cc38e4c37d60b",
            "Clone1_N1_trimmed_mature_hairpin.sorted.bam:md5,596f2e1ad85b360237a1786f8a21ff8c",
            "Clone1_N1_trimmed_mature_hairpin.sorted.bam.csi:md5,311d186a8d5cb519f4108458396749c0",
            "Clone1_N3_trimmed_mature_hairpin.sorted.bam:md5,475822284642b569058b6b09d9f3bb08",
            "Clone1_N3_trimmed_mature_hairpin.sorted.bam.csi:md5,6a4298c1a243d3e8bc499631a970b508",
            true,
            true,
            "Clone1_N3_trimmed_mature_hairpin.sorted.idxstats:md5,e41871a5a8d432ad16455ba4cece7170",
            "Clone1_N1_trimmed_mature_hairpin.sorted.idxstats:md5,348cfaeae80ef929299a967f44150cb9",
            "Clone1_N1_trimmed_mature_hairpin.sorted.stats:md5,09a7572db16f7a128aad0dc008bc8b4e",
            "Clone1_N1_trimmed_mature_hairpin.sorted.flagstat:md5,b430038a2c54cf118ae69dfdaeff9ee6",
            "Clone1_N1_mature_hairpin.sorted.flagstat:md5,d0e0eeffbd1d542d00bbe45b5bbd22b3",
            "Clone1_N1_mature_hairpin.sorted.idxstats:md5,c0cc3730d4b45a3e26cc50f55c935321",
            "Clone1_N3_trimmed_mature_hairpin.sorted.flagstat:md5,f83311a1dd876e3bc83865ff427cc13d",
            "Clone1_N3_trimmed_mature_hairpin.sorted.stats:md5,7f0c03060d7d49df3581e25839cda0f4",
            "Clone1_N1_mature_hairpin.sorted.stats:md5,d020fa4288ccbadcc37c7d9c62c1cb6e"
        ],
        "meta": {
            "nf-test": "0.8.4",
            "nextflow": "24.04.4"
        },
        "timestamp": "2024-08-28T14:36:53.398684914"
    },
    "mirna_quant_edger_qc": {
        "content": [
            true,
            true,
            true,
            true,
            true,
            true,
            true,
            true,
            true,
            true,
            true,
            true,
            true,
            true,
            true,
            true
        ],
        "meta": {
            "nf-test": "0.8.4",
            "nextflow": "24.04.4"
        },
        "timestamp": "2024-08-28T14:36:55.632846453"
    },
    "contaminant_filter_filter": {
        "content": [
            "Clone1_N1_trimmed.contamination_mqc.yaml:md5,b3dcbdf4a96668cfd16cdf17ff740b17",
            "Clone1_N1_trimmed.filtered.fastq.gz:md5,80828fd792e7543e97280fa4c4bb67ed",
            "Clone1_N3_trimmed.contamination_mqc.yaml:md5,8b064d451cda42c60cf1d432c97c5e3a",
            "Clone1_N3_trimmed.filtered.fastq.gz:md5,5aa20b533bfbec774be05dc6c473e199",
            "Clone1_N1.filtered.fastq.gz:md5,b74ac8f4746874a1f8499bd32ebe9ff2",
            "Clone1_N1.contamination_mqc.yaml:md5,b791c09b0a07029dc10632af655df0c9"
        ],
        "meta": {
            "nf-test": "0.8.4",
            "nextflow": "24.04.4"
        },
        "timestamp": "2024-08-28T14:37:20.621801636"
    },
    "mirna_quant_seqcluster": {
        "content": [
            "Clone1_N3_trimmed.filtered_trimmed.fastq.gz:md5,2ef96670f7b8a8028d511bc7e02b4d9d",
            "Clone1_N1_trimmed.filtered_trimmed.fastq.gz:md5,db48fe6dd1f9bd4732cc821736fdc292",
            "Clone1_N1.filtered_trimmed.fastq.gz:md5,9a821f03fb2f0b183a487192d06fba8c"
        ],
        "meta": {
            "nf-test": "0.8.4",
            "nextflow": "24.04.4"
        },
        "timestamp": "2024-08-28T14:36:52.602447911"
    },
    "mirtrace_qc_passed_reads.rnatype_unknown.collapsed": {
        "content": [
            "Clone1_N1_trimmed.fastp.fasta:md5,5f24e13b644a35565766e71077f5dd74",
            "Clone1_N3_trimmed.fastp.fasta:md5,96135c887479eb09db546add31b4241b",
            "Clone1_N1.fastp.fasta:md5,14d8c36020fe58309e3d6ea13e55a774"
        ],
        "meta": {
            "nf-test": "0.8.4",
            "nextflow": "24.04.4"
        },
        "timestamp": "2024-08-28T14:38:56.746349427"
    },
    "contaminant_filter_blat": {
        "content": [
            "filtered.fa:md5,8fd42894e815999b4278b08297720aae"
        ],
        "meta": {
            "nf-test": "0.8.4",
            "nextflow": "24.04.4"
        },
        "timestamp": "2024-08-28T14:36:59.857640713"
    },
    "contaminant_filter_map": {
        "content": [
            "Clone1_N3_trimmed.tRNA.filter.unmapped.contaminant.fastq:md5,897a893579b25ddce0bfac39af67ad25",
            "filtered.Clone1_N3_trimmed_tRNA.stats:md5,cb443ad296bb8bfaded2e4570fab59f0",
            "filtered.Clone1_N1_trimmed_tRNA.stats:md5,bbcc8736e249e05548c302de185f88c7",
            "Clone1_N1_trimmed.tRNA.filter.unmapped.contaminant.fastq:md5,e13c0834b1fb7f8d9a9b8371f2d1c65a",
            "filtered.Clone1_N1_tRNA.stats:md5,f7a5c1c39e173d138d3f79788b23adbf",
            "Clone1_N1.tRNA.filter.unmapped.contaminant.fastq:md5,e4d656516cbd59970b33b8792859c470",
            "Clone1_N3_trimmed.cDNA.filter.unmapped.contaminant.fastq:md5,de1b172240245009e489e78aa1e720f4",
            "filtered.Clone1_N3_trimmed_cDNA.stats:md5,20925baf8f1ed6dd831b1bc5471452ca",
            "Clone1_N1_trimmed.cDNA.filter.unmapped.contaminant.fastq:md5,312fd0c60edcd749347eeccbdd634690",
            "filtered.Clone1_N1_trimmed_cDNA.stats:md5,cc4cc8552781f91a7d6e29197bcd5ce5",
            "Clone1_N1.cDNA.filter.unmapped.contaminant.fastq:md5,238dc261a939129f7008721e97fc6c59",
            "filtered.Clone1_N1_cDNA.stats:md5,5b1288865fef8719e18574482d7e37ee",
            "Clone1_N3_trimmed.ncRNA.filter.unmapped.contaminant.fastq:md5,5aa20b533bfbec774be05dc6c473e199",
            "filtered.Clone1_N3_trimmed_ncRNA.stats:md5,8192ad270b26385669376e668c82f180",
            "Clone1_N3_trimmed.filter.contaminant.sam:md5,3e5fb54791d53a401e6d1cb36ab0556b",
            "filtered.Clone1_N1_trimmed_ncRNA.stats:md5,1e8de34d98555967bfcb366200fa23c7",
            "Clone1_N1_trimmed.ncRNA.filter.unmapped.contaminant.fastq:md5,80828fd792e7543e97280fa4c4bb67ed",
            "Clone1_N1_trimmed.filter.contaminant.sam:md5,a8b013f134456be8b43660d1a0d23db0",
            "filtered.Clone1_N1_ncRNA.stats:md5,d477fd703215729ac00b987da06f0677",
            "Clone1_N1.ncRNA.filter.unmapped.contaminant.fastq:md5,b74ac8f4746874a1f8499bd32ebe9ff2",
            "Clone1_N1.filter.contaminant.sam:md5,8415a47d5010bd3c49523faaec7493c0"
        ],
        "meta": {
            "nf-test": "0.8.4",
            "nextflow": "24.04.4"
        },
        "timestamp": "2024-08-28T14:37:04.48579613"
    },
    "bowtie_index_mirna_mature": {
        "content": [
            "fasta_bidx.1.ebwt:md5,11a2f568aa785d32246cb8ce1aa8add4",
            "fasta_bidx.2.ebwt:md5,778bd05aa462c2119736f9a4056bc41f",
            "fasta_bidx.4.ebwt:md5,78260e9dde22d8f31622c77d71bbb605",
            "fasta_bidx.3.ebwt:md5,7aeccc6ec919ce1cfcd2b1e40be743fe",
            "fasta_bidx.rev.2.ebwt:md5,ab52bc362b4c382cf213a71219e9efee",
            "fasta_bidx.rev.1.ebwt:md5,0520d43b6b75328f3c30254a2d6baa18"
        ],
        "meta": {
            "nf-test": "0.8.4",
            "nextflow": "24.04.4"
        },
        "timestamp": "2024-08-28T14:37:39.72940919"
    },
    "bowtie_index_mirna_hairpin": {
        "content": [
            "fasta_bidx.1.ebwt:md5,40c2c142e094ab5ea531a0564ad62cee",
            "fasta_bidx.3.ebwt:md5,5c60180e2f6fc2e0c399f10b9f9bbee2",
            "fasta_bidx.4.ebwt:md5,c3d4dbfbb587261ddf29e906029c10b1",
            "fasta_bidx.rev.1.ebwt:md5,4532fb1426b29163b23702c8daf84d62",
            "fasta_bidx.rev.2.ebwt:md5,4270939b810aa3f461bacee1edc993aa",
            "fasta_bidx.2.ebwt:md5,6d99166d1a8a7a1bbf262e89db218278"
        ],
        "meta": {
            "nf-test": "0.8.4",
            "nextflow": "24.04.4"
        },
        "timestamp": "2024-08-28T14:37:58.841291544"
    },
    "mirtrace_qc_passed_reads.all.collapsed": {
        "content": [
            "Clone1_N1_trimmed.fastp.fasta:md5,44a8385f2bc8af7ad754b32c12176209",
            "Clone1_N3_trimmed.fastp.fasta:md5,cbcdbf92f25bfb7e6985a5eca8d478b3",
            "Clone1_N1.fastp.fasta:md5,24991c6d6bceb6d2bfb7c405ca046c89"
        ],
        "meta": {
            "nf-test": "0.8.4",
            "nextflow": "24.04.4"
        },
        "timestamp": "2024-08-28T14:38:37.260516705"
    },
    "mirna_quant_mirtop": {
        "content": [
            true,
            "mirtop_rawData.tsv:md5,0e41315cae3e53708a994b89387f4ce7",
            true,
            "mirna.tsv:md5,7ddab0b67e495c53f369f800dfa2e218",
            true
        ],
        "meta": {
            "nf-test": "0.8.4",
            "nextflow": "24.04.4"
        },
        "timestamp": "2024-08-28T14:36:54.564746134"
    }
}