{
    "-profile test_nextflex": {
        "content": [
            82,
            {
                "BOWTIE_MAP_HAIRPIN": {
                    "bowtie": "1.3.1",
                    "samtools": 1.21
                },
                "BOWTIE_MAP_MATURE": {
                    "bowtie": "1.3.1",
                    "samtools": 1.21
                },
                "BOWTIE_MAP_SEQCLUSTER": {
                    "bowtie": "1.3.1",
                    "samtools": 1.21
                },
                "DATATABLE_MERGE": {
                    "r-base": "3.6.2"
                },
                "FASTP": {
                    "fastp": "1.0.1"
                },
                "FASTQC_RAW": {
                    "fastqc": "0.12.1"
                },
                "FASTQC_TRIM": {
                    "fastqc": "0.12.1"
                },
                "FORMAT_HAIRPIN": {
                    "fastx_toolkit": "0.0.14"
                },
                "FORMAT_MATURE": {
                    "fastx_toolkit": "0.0.14"
                },
                "INDEX_HAIRPIN": {
                    "bowtie": "1.3.1"
                },
                "INDEX_MATURE": {
                    "bowtie": "1.3.1"
                },
                "MIRTOP_COUNTS": {
                    "mirtop": "0.4.30"
                },
                "MIRTOP_EXPORT": {
                    "mirtop": "0.4.30"
                },
                "MIRTOP_GFF": {
                    "mirtop": "0.4.30"
                },
                "MIRTOP_STATS": {
                    "mirtop": "0.4.30"
                },
                "MIRTRACE_QC": {
                    "mirtrace": "1.0.1"
                },
                "PARSE_HAIRPIN": {
                    "seqkit": "2.6.1"
                },
                "PARSE_MATURE": {
                    "seqkit": "2.6.1"
                },
                "PIVOT_LONGER": {
                    "optparse": "1.7.5",
                    "r-base": "4.4.2",
                    "tidyr": "1.3.1"
                },
                "PIVOT_WIDER": {
                    "dplyr": "1.1.4",
                    "optparse": "1.7.5",
                    "r-base": "4.4.2",
                    "tidyr": "1.3.1",
                    "vroom": "1.6.5"
                },
                "SAMTOOLS_FLAGSTAT": {
                    "samtools": "1.22.1"
                },
                "SAMTOOLS_IDXSTATS": {
                    "samtools": "1.22.1"
                },
                "SAMTOOLS_INDEX": {
                    "samtools": "1.22.1"
                },
                "SAMTOOLS_SORT": {
                    "samtools": "1.22.1"
                },
                "SAMTOOLS_STATS": {
                    "samtools": "1.22.1"
                },
                "SEQCLUSTER_COLLAPSE": {
                    "seqcluster": "1.2.9"
                }
            },
            [
                "bowtie_index",
                "bowtie_index/mirna_hairpin",
                "bowtie_index/mirna_hairpin/bowtie",
                "bowtie_index/mirna_hairpin/bowtie/hairpin.1.ebwt",
                "bowtie_index/mirna_hairpin/bowtie/hairpin.2.ebwt",
                "bowtie_index/mirna_hairpin/bowtie/hairpin.3.ebwt",
                "bowtie_index/mirna_hairpin/bowtie/hairpin.4.ebwt",
                "bowtie_index/mirna_hairpin/bowtie/hairpin.rev.1.ebwt",
                "bowtie_index/mirna_hairpin/bowtie/hairpin.rev.2.ebwt",
                "bowtie_index/mirna_mature",
                "bowtie_index/mirna_mature/bowtie",
                "bowtie_index/mirna_mature/bowtie/mature.1.ebwt",
                "bowtie_index/mirna_mature/bowtie/mature.2.ebwt",
                "bowtie_index/mirna_mature/bowtie/mature.3.ebwt",
                "bowtie_index/mirna_mature/bowtie/mature.4.ebwt",
                "bowtie_index/mirna_mature/bowtie/mature.rev.1.ebwt",
                "bowtie_index/mirna_mature/bowtie/mature.rev.2.ebwt",
                "fastp",
                "fastp/on_raw",
                "fastp/on_raw/log",
                "fastp/on_raw/log/sample1.fastp.log",
                "fastp/on_raw/log/sample1.fastp3.fastp.log",
                "fastp/on_raw/log/sample2.fastp.log",
                "fastp/on_raw/log/sample2.fastp3.fastp.log",
                "fastp/on_raw/log/sample3.fastp.log",
                "fastp/on_raw/log/sample3.fastp3.fastp.log",
                "fastp/on_raw/sample1.fastp.html",
                "fastp/on_raw/sample1.fastp.json",
                "fastp/on_raw/sample1.fastp3.fastp.html",
                "fastp/on_raw/sample1.fastp3.fastp.json",
                "fastp/on_raw/sample2.fastp.html",
                "fastp/on_raw/sample2.fastp.json",
                "fastp/on_raw/sample2.fastp3.fastp.html",
                "fastp/on_raw/sample2.fastp3.fastp.json",
                "fastp/on_raw/sample3.fastp.html",
                "fastp/on_raw/sample3.fastp.json",
                "fastp/on_raw/sample3.fastp3.fastp.html",
                "fastp/on_raw/sample3.fastp3.fastp.json",
                "fastqc",
                "fastqc/raw",
                "fastqc/raw/sample1.raw_fastqc.html",
                "fastqc/raw/sample1.raw_fastqc.zip",
                "fastqc/raw/sample2.raw_fastqc.html",
                "fastqc/raw/sample2.raw_fastqc.zip",
                "fastqc/raw/sample3.raw_fastqc.html",
                "fastqc/raw/sample3.raw_fastqc.zip",
                "fastqc/trimmed",
                "fastqc/trimmed/sample1.trim_fastqc.html",
                "fastqc/trimmed/sample1.trim_fastqc.zip",
                "fastqc/trimmed/sample2.trim_fastqc.html",
                "fastqc/trimmed/sample2.trim_fastqc.zip",
                "fastqc/trimmed/sample3.trim_fastqc.html",
                "fastqc/trimmed/sample3.trim_fastqc.zip",
                "mirna_quant",
                "mirna_quant/bam",
                "mirna_quant/bam/hairpin",
                "mirna_quant/bam/hairpin/sample1_mature_hairpin.bam",
                "mirna_quant/bam/hairpin/sample1_mature_hairpin.out",
                "mirna_quant/bam/hairpin/sample1_mature_hairpin.sorted.bam",
                "mirna_quant/bam/hairpin/sample1_mature_hairpin.sorted.bam.csi",
                "mirna_quant/bam/hairpin/sample1_mature_hairpin.sorted.flagstat",
                "mirna_quant/bam/hairpin/sample1_mature_hairpin.sorted.idxstats",
                "mirna_quant/bam/hairpin/sample1_mature_hairpin.sorted.stats",
                "mirna_quant/bam/hairpin/sample1_mature_hairpin.unmapped.fastq.gz",
                "mirna_quant/bam/hairpin/sample2_mature_hairpin.bam",
                "mirna_quant/bam/hairpin/sample2_mature_hairpin.out",
                "mirna_quant/bam/hairpin/sample2_mature_hairpin.sorted.bam",
                "mirna_quant/bam/hairpin/sample2_mature_hairpin.sorted.bam.csi",
                "mirna_quant/bam/hairpin/sample2_mature_hairpin.sorted.flagstat",
                "mirna_quant/bam/hairpin/sample2_mature_hairpin.sorted.idxstats",
                "mirna_quant/bam/hairpin/sample2_mature_hairpin.sorted.stats",
                "mirna_quant/bam/hairpin/sample2_mature_hairpin.unmapped.fastq.gz",
                "mirna_quant/bam/hairpin/sample3_mature_hairpin.bam",
                "mirna_quant/bam/hairpin/sample3_mature_hairpin.out",
                "mirna_quant/bam/hairpin/sample3_mature_hairpin.sorted.bam",
                "mirna_quant/bam/hairpin/sample3_mature_hairpin.sorted.bam.csi",
                "mirna_quant/bam/hairpin/sample3_mature_hairpin.sorted.flagstat",
                "mirna_quant/bam/hairpin/sample3_mature_hairpin.sorted.idxstats",
                "mirna_quant/bam/hairpin/sample3_mature_hairpin.sorted.stats",
                "mirna_quant/bam/hairpin/sample3_mature_hairpin.unmapped.fastq.gz",
                "mirna_quant/bam/mature",
                "mirna_quant/bam/mature/sample1_mature.bam",
                "mirna_quant/bam/mature/sample1_mature.out",
                "mirna_quant/bam/mature/sample1_mature.sorted.bam",
                "mirna_quant/bam/mature/sample1_mature.sorted.bam.csi",
                "mirna_quant/bam/mature/sample1_mature.sorted.flagstat",
                "mirna_quant/bam/mature/sample1_mature.sorted.idxstats",
                "mirna_quant/bam/mature/sample1_mature.sorted.stats",
                "mirna_quant/bam/mature/sample1_mature.unmapped.fastq.gz",
                "mirna_quant/bam/mature/sample2_mature.bam",
                "mirna_quant/bam/mature/sample2_mature.out",
                "mirna_quant/bam/mature/sample2_mature.sorted.bam",
                "mirna_quant/bam/mature/sample2_mature.sorted.bam.csi",
                "mirna_quant/bam/mature/sample2_mature.sorted.flagstat",
                "mirna_quant/bam/mature/sample2_mature.sorted.idxstats",
                "mirna_quant/bam/mature/sample2_mature.sorted.stats",
                "mirna_quant/bam/mature/sample2_mature.unmapped.fastq.gz",
                "mirna_quant/bam/mature/sample3_mature.bam",
                "mirna_quant/bam/mature/sample3_mature.out",
                "mirna_quant/bam/mature/sample3_mature.sorted.bam",
                "mirna_quant/bam/mature/sample3_mature.sorted.bam.csi",
                "mirna_quant/bam/mature/sample3_mature.sorted.flagstat",
                "mirna_quant/bam/mature/sample3_mature.sorted.idxstats",
                "mirna_quant/bam/mature/sample3_mature.sorted.stats",
                "mirna_quant/bam/mature/sample3_mature.unmapped.fastq.gz",
                "mirna_quant/bam/seqcluster",
                "mirna_quant/bam/seqcluster/sample1.bam",
                "mirna_quant/bam/seqcluster/sample1.out",
                "mirna_quant/bam/seqcluster/sample1.unmapped.fastq.gz",
                "mirna_quant/bam/seqcluster/sample2.bam",
                "mirna_quant/bam/seqcluster/sample2.out",
                "mirna_quant/bam/seqcluster/sample2.unmapped.fastq.gz",
                "mirna_quant/bam/seqcluster/sample3.bam",
                "mirna_quant/bam/seqcluster/sample3.out",
                "mirna_quant/bam/seqcluster/sample3.unmapped.fastq.gz",
                "mirna_quant/edger_qc",
                "mirna_quant/edger_qc/hairpin_CPM_heatmap.pdf",
                "mirna_quant/edger_qc/hairpin_counts.csv",
                "mirna_quant/edger_qc/hairpin_edgeR_MDS_distance_matrix.txt",
                "mirna_quant/edger_qc/hairpin_edgeR_MDS_plot.pdf",
                "mirna_quant/edger_qc/hairpin_edgeR_MDS_plot_coordinates.txt",
                "mirna_quant/edger_qc/hairpin_log2CPM_sample_distances.txt",
                "mirna_quant/edger_qc/hairpin_log2CPM_sample_distances_dendrogram.pdf",
                "mirna_quant/edger_qc/hairpin_log2CPM_sample_distances_heatmap.pdf",
                "mirna_quant/edger_qc/hairpin_logtpm.csv",
                "mirna_quant/edger_qc/hairpin_logtpm.txt",
                "mirna_quant/edger_qc/hairpin_normalized_CPM.txt",
                "mirna_quant/edger_qc/hairpin_unmapped_read_counts.txt",
                "mirna_quant/edger_qc/mature_CPM_heatmap.pdf",
                "mirna_quant/edger_qc/mature_counts.csv",
                "mirna_quant/edger_qc/mature_edgeR_MDS_distance_matrix.txt",
                "mirna_quant/edger_qc/mature_edgeR_MDS_plot.pdf",
                "mirna_quant/edger_qc/mature_edgeR_MDS_plot_coordinates.txt",
                "mirna_quant/edger_qc/mature_log2CPM_sample_distances.txt",
                "mirna_quant/edger_qc/mature_log2CPM_sample_distances_dendrogram.pdf",
                "mirna_quant/edger_qc/mature_log2CPM_sample_distances_heatmap.pdf",
                "mirna_quant/edger_qc/mature_logtpm.csv",
                "mirna_quant/edger_qc/mature_logtpm.txt",
                "mirna_quant/edger_qc/mature_normalized_CPM.txt",
                "mirna_quant/edger_qc/mature_unmapped_read_counts.txt",
                "mirna_quant/mirtop",
                "mirna_quant/mirtop/export",
                "mirna_quant/mirtop/export/sample1_mirtop_rawData.tsv",
                "mirna_quant/mirtop/export/sample2_mirtop_rawData.tsv",
                "mirna_quant/mirtop/export/sample3_mirtop_rawData.tsv",
                "mirna_quant/mirtop/gff",
                "mirna_quant/mirtop/gff/mirtop",
                "mirna_quant/mirtop/gff/mirtop/sample1_mirtop.gff",
                "mirna_quant/mirtop/gff/mirtop/sample2_mirtop.gff",
                "mirna_quant/mirtop/gff/mirtop/sample3_mirtop.gff",
                "mirna_quant/mirtop/joined_samples_mirtop.tsv",
                "mirna_quant/mirtop/mirna.tsv",
                "mirna_quant/reference",
                "mirna_quant/reference/hairpin.fa_igenome.fa",
                "mirna_quant/reference/hairpin.fa_igenome.fa_idx.fa",
                "mirna_quant/reference/mature.fa_igenome.fa",
                "mirna_quant/reference/mature.fa_igenome.fa_idx.fa",
                "mirna_quant/seqcluster",
                "mirna_quant/seqcluster/sample1_seqcluster.fastq.gz",
                "mirna_quant/seqcluster/sample2_seqcluster.fastq.gz",
                "mirna_quant/seqcluster/sample3_seqcluster.fastq.gz",
                "mirtrace",
                "mirtrace/sample1",
                "mirtrace/sample1/mirtrace-report.html",
                "mirtrace/sample1/mirtrace-results.json",
                "mirtrace/sample1/mirtrace-stats-contamination_basic.tsv",
                "mirtrace/sample1/mirtrace-stats-contamination_detailed.tsv",
                "mirtrace/sample1/mirtrace-stats-length.tsv",
                "mirtrace/sample1/mirtrace-stats-mirna-complexity.tsv",
                "mirtrace/sample1/mirtrace-stats-phred.tsv",
                "mirtrace/sample1/mirtrace-stats-qcstatus.tsv",
                "mirtrace/sample1/mirtrace-stats-rnatype.tsv",
                "mirtrace/sample1/qc_passed_reads.all.collapsed",
                "mirtrace/sample1/qc_passed_reads.all.collapsed/sample1.fastp3.fastp.fasta",
                "mirtrace/sample1/qc_passed_reads.rnatype_unknown.collapsed",
                "mirtrace/sample1/qc_passed_reads.rnatype_unknown.collapsed/sample1.fastp3.fastp.fasta",
                "mirtrace/sample2",
                "mirtrace/sample2/mirtrace-report.html",
                "mirtrace/sample2/mirtrace-results.json",
                "mirtrace/sample2/mirtrace-stats-contamination_basic.tsv",
                "mirtrace/sample2/mirtrace-stats-contamination_detailed.tsv",
                "mirtrace/sample2/mirtrace-stats-length.tsv",
                "mirtrace/sample2/mirtrace-stats-mirna-complexity.tsv",
                "mirtrace/sample2/mirtrace-stats-phred.tsv",
                "mirtrace/sample2/mirtrace-stats-qcstatus.tsv",
                "mirtrace/sample2/mirtrace-stats-rnatype.tsv",
                "mirtrace/sample2/qc_passed_reads.all.collapsed",
                "mirtrace/sample2/qc_passed_reads.all.collapsed/sample2.fastp3.fastp.fasta",
                "mirtrace/sample2/qc_passed_reads.rnatype_unknown.collapsed",
                "mirtrace/sample2/qc_passed_reads.rnatype_unknown.collapsed/sample2.fastp3.fastp.fasta",
                "mirtrace/sample3",
                "mirtrace/sample3/mirtrace-report.html",
                "mirtrace/sample3/mirtrace-results.json",
                "mirtrace/sample3/mirtrace-stats-contamination_basic.tsv",
                "mirtrace/sample3/mirtrace-stats-contamination_detailed.tsv",
                "mirtrace/sample3/mirtrace-stats-length.tsv",
                "mirtrace/sample3/mirtrace-stats-mirna-complexity.tsv",
                "mirtrace/sample3/mirtrace-stats-phred.tsv",
                "mirtrace/sample3/mirtrace-stats-qcstatus.tsv",
                "mirtrace/sample3/mirtrace-stats-rnatype.tsv",
                "mirtrace/sample3/qc_passed_reads.all.collapsed",
                "mirtrace/sample3/qc_passed_reads.all.collapsed/sample3.fastp3.fastp.fasta",
                "mirtrace/sample3/qc_passed_reads.rnatype_unknown.collapsed",
                "mirtrace/sample3/qc_passed_reads.rnatype_unknown.collapsed/sample3.fastp3.fastp.fasta",
                "multiqc",
                "multiqc/multiqc_data",
                "multiqc/multiqc_data/fastp-seq-content-gc-plot_Read_1_After_filtering.txt",
                "multiqc/multiqc_data/fastp-seq-content-gc-plot_Read_1_Before_filtering.txt",
                "multiqc/multiqc_data/fastp-seq-content-n-plot_Read_1_After_filtering.txt",
                "multiqc/multiqc_data/fastp-seq-content-n-plot_Read_1_Before_filtering.txt",
                "multiqc/multiqc_data/fastp-seq-quality-plot_Read_1_After_filtering.txt",
                "multiqc/multiqc_data/fastp-seq-quality-plot_Read_1_Before_filtering.txt",
                "multiqc/multiqc_data/fastp_filtered_reads_plot.txt",
                "multiqc/multiqc_data/fastqc-1-status-check-heatmap.txt",
                "multiqc/multiqc_data/fastqc-1_adapter_content_plot.txt",
                "multiqc/multiqc_data/fastqc-1_overrepresented_sequences_plot.txt",
                "multiqc/multiqc_data/fastqc-1_per_base_n_content_plot.txt",
                "multiqc/multiqc_data/fastqc-1_per_base_sequence_quality_plot.txt",
                "multiqc/multiqc_data/fastqc-1_per_sequence_gc_content_plot_Counts.txt",
                "multiqc/multiqc_data/fastqc-1_per_sequence_gc_content_plot_Percentages.txt",
                "multiqc/multiqc_data/fastqc-1_per_sequence_quality_scores_plot.txt",
                "multiqc/multiqc_data/fastqc-1_sequence_counts_plot.txt",
                "multiqc/multiqc_data/fastqc-1_sequence_duplication_levels_plot.txt",
                "multiqc/multiqc_data/fastqc-1_top_overrepresented_sequences_table.txt",
                "multiqc/multiqc_data/fastqc-status-check-heatmap.txt",
                "multiqc/multiqc_data/fastqc_adapter_content_plot.txt",
                "multiqc/multiqc_data/fastqc_per_base_n_content_plot.txt",
                "multiqc/multiqc_data/fastqc_per_base_sequence_quality_plot.txt",
                "multiqc/multiqc_data/fastqc_per_sequence_gc_content_plot_Counts.txt",
                "multiqc/multiqc_data/fastqc_per_sequence_gc_content_plot_Percentages.txt",
                "multiqc/multiqc_data/fastqc_per_sequence_quality_scores_plot.txt",
                "multiqc/multiqc_data/fastqc_sequence_counts_plot.txt",
                "multiqc/multiqc_data/fastqc_sequence_duplication_levels_plot.txt",
                "multiqc/multiqc_data/fastqc_sequence_length_distribution_plot.txt",
                "multiqc/multiqc_data/llms-full.txt",
                "multiqc/multiqc_data/mirtop_mean_read_count_plot.txt",
                "multiqc/multiqc_data/mirtop_read_count_plot.txt",
                "multiqc/multiqc_data/mirtop_unique_read_count_plot.txt",
                "multiqc/multiqc_data/mirtrace_complexity_plot.txt",
                "multiqc/multiqc_data/mirtrace_contamination_check_plot.txt",
                "multiqc/multiqc_data/mirtrace_length_plot.txt",
                "multiqc/multiqc_data/mirtrace_qc_plot.txt",
                "multiqc/multiqc_data/mirtrace_rna_categories_plot.txt",
                "multiqc/multiqc_data/multiqc.log",
                "multiqc/multiqc_data/multiqc.parquet",
                "multiqc/multiqc_data/multiqc_citations.txt",
                "multiqc/multiqc_data/multiqc_data.json",
                "multiqc/multiqc_data/multiqc_fastp.txt",
                "multiqc/multiqc_data/multiqc_fastqc.txt",
                "multiqc/multiqc_data/multiqc_fastqc_fastqc-1.txt",
                "multiqc/multiqc_data/multiqc_general_stats.txt",
                "multiqc/multiqc_data/multiqc_mirtop.txt",
                "multiqc/multiqc_data/multiqc_mirtrace_complexity.txt",
                "multiqc/multiqc_data/multiqc_mirtrace_contamination.txt",
                "multiqc/multiqc_data/multiqc_mirtrace_length.txt",
                "multiqc/multiqc_data/multiqc_mirtrace_summary.txt",
                "multiqc/multiqc_data/multiqc_samtools_stats.txt",
                "multiqc/multiqc_data/multiqc_software_versions.txt",
                "multiqc/multiqc_data/multiqc_sources.txt",
                "multiqc/multiqc_data/samtools-stats-dp.txt",
                "multiqc/multiqc_data/samtools_alignment_plot.txt",
                "multiqc/multiqc_plots",
                "multiqc/multiqc_plots/pdf",
                "multiqc/multiqc_plots/pdf/fastp-seq-content-gc-plot_Read_1_After_filtering.pdf",
                "multiqc/multiqc_plots/pdf/fastp-seq-content-gc-plot_Read_1_Before_filtering.pdf",
                "multiqc/multiqc_plots/pdf/fastp-seq-content-n-plot_Read_1_After_filtering.pdf",
                "multiqc/multiqc_plots/pdf/fastp-seq-content-n-plot_Read_1_Before_filtering.pdf",
                "multiqc/multiqc_plots/pdf/fastp-seq-quality-plot_Read_1_After_filtering.pdf",
                "multiqc/multiqc_plots/pdf/fastp-seq-quality-plot_Read_1_Before_filtering.pdf",
                "multiqc/multiqc_plots/pdf/fastp_filtered_reads_plot-cnt.pdf",
                "multiqc/multiqc_plots/pdf/fastp_filtered_reads_plot-pct.pdf",
                "multiqc/multiqc_plots/pdf/fastqc-1-status-check-heatmap.pdf",
                "multiqc/multiqc_plots/pdf/fastqc-1_adapter_content_plot.pdf",
                "multiqc/multiqc_plots/pdf/fastqc-1_overrepresented_sequences_plot.pdf",
                "multiqc/multiqc_plots/pdf/fastqc-1_per_base_n_content_plot.pdf",
                "multiqc/multiqc_plots/pdf/fastqc-1_per_base_sequence_quality_plot.pdf",
                "multiqc/multiqc_plots/pdf/fastqc-1_per_sequence_gc_content_plot_Counts.pdf",
                "multiqc/multiqc_plots/pdf/fastqc-1_per_sequence_gc_content_plot_Percentages.pdf",
                "multiqc/multiqc_plots/pdf/fastqc-1_per_sequence_quality_scores_plot.pdf",
                "multiqc/multiqc_plots/pdf/fastqc-1_sequence_counts_plot-cnt.pdf",
                "multiqc/multiqc_plots/pdf/fastqc-1_sequence_counts_plot-pct.pdf",
                "multiqc/multiqc_plots/pdf/fastqc-1_sequence_duplication_levels_plot.pdf",
                "multiqc/multiqc_plots/pdf/fastqc-1_top_overrepresented_sequences_table.pdf",
                "multiqc/multiqc_plots/pdf/fastqc-status-check-heatmap.pdf",
                "multiqc/multiqc_plots/pdf/fastqc_adapter_content_plot.pdf",
                "multiqc/multiqc_plots/pdf/fastqc_per_base_n_content_plot.pdf",
                "multiqc/multiqc_plots/pdf/fastqc_per_base_sequence_quality_plot.pdf",
                "multiqc/multiqc_plots/pdf/fastqc_per_sequence_gc_content_plot_Counts.pdf",
                "multiqc/multiqc_plots/pdf/fastqc_per_sequence_gc_content_plot_Percentages.pdf",
                "multiqc/multiqc_plots/pdf/fastqc_per_sequence_quality_scores_plot.pdf",
                "multiqc/multiqc_plots/pdf/fastqc_sequence_counts_plot-cnt.pdf",
                "multiqc/multiqc_plots/pdf/fastqc_sequence_counts_plot-pct.pdf",
                "multiqc/multiqc_plots/pdf/fastqc_sequence_duplication_levels_plot.pdf",
                "multiqc/multiqc_plots/pdf/fastqc_sequence_length_distribution_plot.pdf",
                "multiqc/multiqc_plots/pdf/mirtop_mean_read_count_plot-cnt.pdf",
                "multiqc/multiqc_plots/pdf/mirtop_mean_read_count_plot-pct.pdf",
                "multiqc/multiqc_plots/pdf/mirtop_read_count_plot-cnt.pdf",
                "multiqc/multiqc_plots/pdf/mirtop_read_count_plot-pct.pdf",
                "multiqc/multiqc_plots/pdf/mirtop_unique_read_count_plot-cnt.pdf",
                "multiqc/multiqc_plots/pdf/mirtop_unique_read_count_plot-pct.pdf",
                "multiqc/multiqc_plots/pdf/mirtrace_complexity_plot.pdf",
                "multiqc/multiqc_plots/pdf/mirtrace_contamination_check_plot-cnt.pdf",
                "multiqc/multiqc_plots/pdf/mirtrace_contamination_check_plot-pct.pdf",
                "multiqc/multiqc_plots/pdf/mirtrace_length_plot.pdf",
                "multiqc/multiqc_plots/pdf/mirtrace_qc_plot-cnt.pdf",
                "multiqc/multiqc_plots/pdf/mirtrace_qc_plot-pct.pdf",
                "multiqc/multiqc_plots/pdf/mirtrace_rna_categories_plot-cnt.pdf",
                "multiqc/multiqc_plots/pdf/mirtrace_rna_categories_plot-pct.pdf",
                "multiqc/multiqc_plots/pdf/samtools-stats-dp.pdf",
                "multiqc/multiqc_plots/pdf/samtools_alignment_plot-cnt.pdf",
                "multiqc/multiqc_plots/pdf/samtools_alignment_plot-pct.pdf",
                "multiqc/multiqc_plots/png",
                "multiqc/multiqc_plots/png/fastp-seq-content-gc-plot_Read_1_After_filtering.png",
                "multiqc/multiqc_plots/png/fastp-seq-content-gc-plot_Read_1_Before_filtering.png",
                "multiqc/multiqc_plots/png/fastp-seq-content-n-plot_Read_1_After_filtering.png",
                "multiqc/multiqc_plots/png/fastp-seq-content-n-plot_Read_1_Before_filtering.png",
                "multiqc/multiqc_plots/png/fastp-seq-quality-plot_Read_1_After_filtering.png",
                "multiqc/multiqc_plots/png/fastp-seq-quality-plot_Read_1_Before_filtering.png",
                "multiqc/multiqc_plots/png/fastp_filtered_reads_plot-cnt.png",
                "multiqc/multiqc_plots/png/fastp_filtered_reads_plot-pct.png",
                "multiqc/multiqc_plots/png/fastqc-1-status-check-heatmap.png",
                "multiqc/multiqc_plots/png/fastqc-1_adapter_content_plot.png",
                "multiqc/multiqc_plots/png/fastqc-1_overrepresented_sequences_plot.png",
                "multiqc/multiqc_plots/png/fastqc-1_per_base_n_content_plot.png",
                "multiqc/multiqc_plots/png/fastqc-1_per_base_sequence_quality_plot.png",
                "multiqc/multiqc_plots/png/fastqc-1_per_sequence_gc_content_plot_Counts.png",
                "multiqc/multiqc_plots/png/fastqc-1_per_sequence_gc_content_plot_Percentages.png",
                "multiqc/multiqc_plots/png/fastqc-1_per_sequence_quality_scores_plot.png",
                "multiqc/multiqc_plots/png/fastqc-1_sequence_counts_plot-cnt.png",
                "multiqc/multiqc_plots/png/fastqc-1_sequence_counts_plot-pct.png",
                "multiqc/multiqc_plots/png/fastqc-1_sequence_duplication_levels_plot.png",
                "multiqc/multiqc_plots/png/fastqc-1_top_overrepresented_sequences_table.png",
                "multiqc/multiqc_plots/png/fastqc-status-check-heatmap.png",
                "multiqc/multiqc_plots/png/fastqc_adapter_content_plot.png",
                "multiqc/multiqc_plots/png/fastqc_per_base_n_content_plot.png",
                "multiqc/multiqc_plots/png/fastqc_per_base_sequence_quality_plot.png",
                "multiqc/multiqc_plots/png/fastqc_per_sequence_gc_content_plot_Counts.png",
                "multiqc/multiqc_plots/png/fastqc_per_sequence_gc_content_plot_Percentages.png",
                "multiqc/multiqc_plots/png/fastqc_per_sequence_quality_scores_plot.png",
                "multiqc/multiqc_plots/png/fastqc_sequence_counts_plot-cnt.png",
                "multiqc/multiqc_plots/png/fastqc_sequence_counts_plot-pct.png",
                "multiqc/multiqc_plots/png/fastqc_sequence_duplication_levels_plot.png",
                "multiqc/multiqc_plots/png/fastqc_sequence_length_distribution_plot.png",
                "multiqc/multiqc_plots/png/mirtop_mean_read_count_plot-cnt.png",
                "multiqc/multiqc_plots/png/mirtop_mean_read_count_plot-pct.png",
                "multiqc/multiqc_plots/png/mirtop_read_count_plot-cnt.png",
                "multiqc/multiqc_plots/png/mirtop_read_count_plot-pct.png",
                "multiqc/multiqc_plots/png/mirtop_unique_read_count_plot-cnt.png",
                "multiqc/multiqc_plots/png/mirtop_unique_read_count_plot-pct.png",
                "multiqc/multiqc_plots/png/mirtrace_complexity_plot.png",
                "multiqc/multiqc_plots/png/mirtrace_contamination_check_plot-cnt.png",
                "multiqc/multiqc_plots/png/mirtrace_contamination_check_plot-pct.png",
                "multiqc/multiqc_plots/png/mirtrace_length_plot.png",
                "multiqc/multiqc_plots/png/mirtrace_qc_plot-cnt.png",
                "multiqc/multiqc_plots/png/mirtrace_qc_plot-pct.png",
                "multiqc/multiqc_plots/png/mirtrace_rna_categories_plot-cnt.png",
                "multiqc/multiqc_plots/png/mirtrace_rna_categories_plot-pct.png",
                "multiqc/multiqc_plots/png/samtools-stats-dp.png",
                "multiqc/multiqc_plots/png/samtools_alignment_plot-cnt.png",
                "multiqc/multiqc_plots/png/samtools_alignment_plot-pct.png",
                "multiqc/multiqc_plots/svg",
                "multiqc/multiqc_plots/svg/fastp-seq-content-gc-plot_Read_1_After_filtering.svg",
                "multiqc/multiqc_plots/svg/fastp-seq-content-gc-plot_Read_1_Before_filtering.svg",
                "multiqc/multiqc_plots/svg/fastp-seq-content-n-plot_Read_1_After_filtering.svg",
                "multiqc/multiqc_plots/svg/fastp-seq-content-n-plot_Read_1_Before_filtering.svg",
                "multiqc/multiqc_plots/svg/fastp-seq-quality-plot_Read_1_After_filtering.svg",
                "multiqc/multiqc_plots/svg/fastp-seq-quality-plot_Read_1_Before_filtering.svg",
                "multiqc/multiqc_plots/svg/fastp_filtered_reads_plot-cnt.svg",
                "multiqc/multiqc_plots/svg/fastp_filtered_reads_plot-pct.svg",
                "multiqc/multiqc_plots/svg/fastqc-1-status-check-heatmap.svg",
                "multiqc/multiqc_plots/svg/fastqc-1_adapter_content_plot.svg",
                "multiqc/multiqc_plots/svg/fastqc-1_overrepresented_sequences_plot.svg",
                "multiqc/multiqc_plots/svg/fastqc-1_per_base_n_content_plot.svg",
                "multiqc/multiqc_plots/svg/fastqc-1_per_base_sequence_quality_plot.svg",
                "multiqc/multiqc_plots/svg/fastqc-1_per_sequence_gc_content_plot_Counts.svg",
                "multiqc/multiqc_plots/svg/fastqc-1_per_sequence_gc_content_plot_Percentages.svg",
                "multiqc/multiqc_plots/svg/fastqc-1_per_sequence_quality_scores_plot.svg",
                "multiqc/multiqc_plots/svg/fastqc-1_sequence_counts_plot-cnt.svg",
                "multiqc/multiqc_plots/svg/fastqc-1_sequence_counts_plot-pct.svg",
                "multiqc/multiqc_plots/svg/fastqc-1_sequence_duplication_levels_plot.svg",
                "multiqc/multiqc_plots/svg/fastqc-1_top_overrepresented_sequences_table.svg",
                "multiqc/multiqc_plots/svg/fastqc-status-check-heatmap.svg",
                "multiqc/multiqc_plots/svg/fastqc_adapter_content_plot.svg",
                "multiqc/multiqc_plots/svg/fastqc_per_base_n_content_plot.svg",
                "multiqc/multiqc_plots/svg/fastqc_per_base_sequence_quality_plot.svg",
                "multiqc/multiqc_plots/svg/fastqc_per_sequence_gc_content_plot_Counts.svg",
                "multiqc/multiqc_plots/svg/fastqc_per_sequence_gc_content_plot_Percentages.svg",
                "multiqc/multiqc_plots/svg/fastqc_per_sequence_quality_scores_plot.svg",
                "multiqc/multiqc_plots/svg/fastqc_sequence_counts_plot-cnt.svg",
                "multiqc/multiqc_plots/svg/fastqc_sequence_counts_plot-pct.svg",
                "multiqc/multiqc_plots/svg/fastqc_sequence_duplication_levels_plot.svg",
                "multiqc/multiqc_plots/svg/fastqc_sequence_length_distribution_plot.svg",
                "multiqc/multiqc_plots/svg/mirtop_mean_read_count_plot-cnt.svg",
                "multiqc/multiqc_plots/svg/mirtop_mean_read_count_plot-pct.svg",
                "multiqc/multiqc_plots/svg/mirtop_read_count_plot-cnt.svg",
                "multiqc/multiqc_plots/svg/mirtop_read_count_plot-pct.svg",
                "multiqc/multiqc_plots/svg/mirtop_unique_read_count_plot-cnt.svg",
                "multiqc/multiqc_plots/svg/mirtop_unique_read_count_plot-pct.svg",
                "multiqc/multiqc_plots/svg/mirtrace_complexity_plot.svg",
                "multiqc/multiqc_plots/svg/mirtrace_contamination_check_plot-cnt.svg",
                "multiqc/multiqc_plots/svg/mirtrace_contamination_check_plot-pct.svg",
                "multiqc/multiqc_plots/svg/mirtrace_length_plot.svg",
                "multiqc/multiqc_plots/svg/mirtrace_qc_plot-cnt.svg",
                "multiqc/multiqc_plots/svg/mirtrace_qc_plot-pct.svg",
                "multiqc/multiqc_plots/svg/mirtrace_rna_categories_plot-cnt.svg",
                "multiqc/multiqc_plots/svg/mirtrace_rna_categories_plot-pct.svg",
                "multiqc/multiqc_plots/svg/samtools-stats-dp.svg",
                "multiqc/multiqc_plots/svg/samtools_alignment_plot-cnt.svg",
                "multiqc/multiqc_plots/svg/samtools_alignment_plot-pct.svg",
                "multiqc/multiqc_report.html",
                "pipeline_info",
                "pipeline_info/nf_core_smrnaseq_software_mqc_versions.yml"
            ],
            [
                "hairpin.1.ebwt:md5,9935201150ff358248380e07219fe093",
                "hairpin.2.ebwt:md5,9cf18dd788535404d7fd6a62450d2ce0",
                "hairpin.3.ebwt:md5,cccaad86d0d5e5f3c1d4ca3a700ee980",
                "hairpin.4.ebwt:md5,96e2e8ec9f02d324d845e0708ff4b552",
                "hairpin.rev.1.ebwt:md5,5e75ec9fb284ba316b3982a93f4ded49",
                "hairpin.rev.2.ebwt:md5,ba8e745f11b3d28240a78efd5bf2a7b0",
                "mature.1.ebwt:md5,a2162fb747e95535ea5a67023b8961cf",
                "mature.2.ebwt:md5,876ebed9375cda6f248dfc940308fa5e",
                "mature.3.ebwt:md5,a6d3abdddbf80cb9b2c97bbd7bc1f084",
                "mature.4.ebwt:md5,62e35549f28a1a85ccaf35858b1726aa",
                "mature.rev.1.ebwt:md5,27578696198a61b0a3f783802823337e",
                "mature.rev.2.ebwt:md5,726c60d9a0108739ba9b61774bc39633",
                "sample1.fastp.json:md5,609829c4cd7699a68971b68a778de268",
                "sample1.fastp3.fastp.json:md5,dd449e49a781fb4b461922fc50bc8aca",
                "sample2.fastp.json:md5,8abe7744d21a49b6bc1de27501add651",
                "sample2.fastp3.fastp.json:md5,b0b42a4799e7adfb60a7d6d1a1530003",
                "sample3.fastp.json:md5,6a61c9810bbf3699aa4d2da4216caebc",
                "sample3.fastp3.fastp.json:md5,7911add7d7035569831826f6472d61ba",
                "sample1_mature_hairpin.sorted.flagstat:md5,ceae46b5150c4b1e8db554f917a0e9c0",
                "sample1_mature_hairpin.sorted.idxstats:md5,db54c203e1565ccf894873337832597e",
                "sample1_mature_hairpin.sorted.stats:md5,c45ab5e03fcf2e275aa0193208339a0d",
                "sample2_mature_hairpin.sorted.flagstat:md5,b2b177d1cd992e8789ddc4f7b8275bb2",
                "sample2_mature_hairpin.sorted.idxstats:md5,f45bb8e50c59e6a0326ae3b3a372e2f7",
                "sample2_mature_hairpin.sorted.stats:md5,6d4f360cd883388cfda20725a5d4d4a2",
                "sample3_mature_hairpin.sorted.flagstat:md5,b2b177d1cd992e8789ddc4f7b8275bb2",
                "sample3_mature_hairpin.sorted.idxstats:md5,f45bb8e50c59e6a0326ae3b3a372e2f7",
                "sample3_mature_hairpin.sorted.stats:md5,3bcd16b7e1763c5dfc0a12694162cd82",
                "sample1_mature.sorted.flagstat:md5,0f84dc2a54b7a3bd1dbaf73f771b9494",
                "sample1_mature.sorted.idxstats:md5,06c8d55180d8744276b71a5235fa8595",
                "sample1_mature.sorted.stats:md5,5d6d14161808965793ef9f1af2c0512a",
                "sample2_mature.sorted.flagstat:md5,6ee3697338446fad0473ce882adaaa6d",
                "sample2_mature.sorted.idxstats:md5,a8a621a9652b077cbe11520f6e6f8e3b",
                "sample2_mature.sorted.stats:md5,0467efbefb3bf457f1b2fe85473eea61",
                "sample3_mature.sorted.flagstat:md5,6ee3697338446fad0473ce882adaaa6d",
                "sample3_mature.sorted.idxstats:md5,a8a621a9652b077cbe11520f6e6f8e3b",
                "sample3_mature.sorted.stats:md5,ee0de0ba9141371196d9745619719f5d",
                "hairpin.fa_igenome.fa:md5,cddcc379892cb43e807ff54feafafbc1",
                "hairpin.fa_igenome.fa_idx.fa:md5,f7ee61ca4537300386fdb85c7dec24d2",
                "mature.fa_igenome.fa:md5,48215f56ca0bfbdbb1a28482457283e3",
                "mature.fa_igenome.fa_idx.fa:md5,48215f56ca0bfbdbb1a28482457283e3",
                "mirtrace-stats-contamination_basic.tsv:md5,a299193a1453a3abe1e5a0522af4ba96",
                "mirtrace-stats-contamination_detailed.tsv:md5,fbb92d8e56263aeb00b7bcf8a802306e",
                "mirtrace-stats-length.tsv:md5,293fd2ddbd382ec964fec80c388bb527",
                "mirtrace-stats-mirna-complexity.tsv:md5,a1ec39777087ab6aaf4affbbe4f921b8",
                "mirtrace-stats-phred.tsv:md5,13fed5d3b3d3e59eb97dcd9e479576a5",
                "mirtrace-stats-qcstatus.tsv:md5,095efee52992e9823077bbb4ca92211c",
                "mirtrace-stats-rnatype.tsv:md5,dd1c0f47d078094ffeb152c1afdd26f6",
                "sample1.fastp3.fastp.fasta:md5,a05eae2803338f10289fab41366f8cce",
                "sample1.fastp3.fastp.fasta:md5,faebb954100aeea9b88304a2e0c31301",
                "mirtrace-stats-contamination_basic.tsv:md5,cf2a6799f2b7a1d8b6bfe89139f24b17",
                "mirtrace-stats-contamination_detailed.tsv:md5,b043078ea1db631f8f5c767f86366c60",
                "mirtrace-stats-length.tsv:md5,08a6ed1ec7835bb289ae252841735db3",
                "mirtrace-stats-mirna-complexity.tsv:md5,0d944af57016d71e09ad1a5455f73ed8",
                "mirtrace-stats-phred.tsv:md5,685e24b65bba88bffca88fd1bd5e777d",
                "mirtrace-stats-qcstatus.tsv:md5,98518a0eae7831c3f98048c13b119e73",
                "mirtrace-stats-rnatype.tsv:md5,8eebd9ee0651106ba412421a25e4c645",
                "sample2.fastp3.fastp.fasta:md5,28e4393dfa9270e445346533005eaf51",
                "sample2.fastp3.fastp.fasta:md5,890ee6078857a00b97b5ba0ed3e1c591",
                "mirtrace-stats-contamination_basic.tsv:md5,2536bebcaeaa1dc0334e5484968f67ad",
                "mirtrace-stats-contamination_detailed.tsv:md5,a62fcf38cc7e7e754ed69457efc2f9f3",
                "mirtrace-stats-length.tsv:md5,3f74ba76b2499a0f9417933f1f1c21b5",
                "mirtrace-stats-mirna-complexity.tsv:md5,f62facdb755ec8fd715a3d45ab1ffe67",
                "mirtrace-stats-phred.tsv:md5,7139539e7000cf63c9d1fec8d0a60fef",
                "mirtrace-stats-qcstatus.tsv:md5,1610e53939db3362b1a304e49460b938",
                "mirtrace-stats-rnatype.tsv:md5,fff6603fdbc18c49970435168c7c822d",
                "sample3.fastp3.fastp.fasta:md5,28e4393dfa9270e445346533005eaf51",
                "sample3.fastp3.fastp.fasta:md5,890ee6078857a00b97b5ba0ed3e1c591",
                "fastp-seq-content-gc-plot_Read_1_After_filtering.txt:md5,082881547e66a05e000299445d67594d",
                "fastp-seq-content-gc-plot_Read_1_Before_filtering.txt:md5,9033ad6887da19d96fb9e2504d8de0a5",
                "fastp-seq-content-n-plot_Read_1_After_filtering.txt:md5,3c6477b8e9b08c41906a8b9abaf029a8",
                "fastp-seq-content-n-plot_Read_1_Before_filtering.txt:md5,bd72bc8bfc907c6aab72f315917ab280",
                "fastp-seq-quality-plot_Read_1_After_filtering.txt:md5,2956382a3f2e855a4dce8e8246a57add",
                "fastp-seq-quality-plot_Read_1_Before_filtering.txt:md5,e5ea2bfd87e957a18fae5239137d6499",
                "fastp_filtered_reads_plot.txt:md5,6094835f030bba45f551e18d3605aa5c",
                "fastqc-1-status-check-heatmap.txt:md5,66af5433ebb61bc68905f8219d7419ab",
                "fastqc-1_adapter_content_plot.txt:md5,bb2eca6d2a146511240f1f305988e3b9",
                "fastqc-1_overrepresented_sequences_plot.txt:md5,885dc944126e0878ed16b995fd8543d1",
                "fastqc-1_per_base_n_content_plot.txt:md5,ff16108f476a2627030b4d8726e89a1a",
                "fastqc-1_per_base_sequence_quality_plot.txt:md5,2f85a658bcb8261328449f1642688086",
                "fastqc-1_per_sequence_gc_content_plot_Counts.txt:md5,91e15c020153e6f555164054c18b7a5a",
                "fastqc-1_per_sequence_gc_content_plot_Percentages.txt:md5,8a77845d3ad0bb1398ecf989ed271dbe",
                "fastqc-1_per_sequence_quality_scores_plot.txt:md5,168ec230deab98733f534ff049b34570",
                "fastqc-1_sequence_counts_plot.txt:md5,55ef17b6e2f18ddefc758194c8144f77",
                "fastqc-1_sequence_duplication_levels_plot.txt:md5,ebb29a4d498f51ee48e4dcbd99a4e61f",
                "fastqc-1_top_overrepresented_sequences_table.txt:md5,568db549a6331c9b9a5b2083052787ac",
                "fastqc-status-check-heatmap.txt:md5,949e6825a7ecc751aa9ba515de7dbd02",
                "fastqc_adapter_content_plot.txt:md5,8aa2cbcf256bbb89c4a1d1fd18019c9b",
                "fastqc_per_base_n_content_plot.txt:md5,48710007bb055bae6f35f2fa8ea8f42b",
                "fastqc_per_base_sequence_quality_plot.txt:md5,1208509fcaff06edcddc377c907dfdaf",
                "fastqc_per_sequence_gc_content_plot_Counts.txt:md5,fbe1f23a76ed70b2568d553fc42adef2",
                "fastqc_per_sequence_gc_content_plot_Percentages.txt:md5,5857a8a1980816cf70b34b7b318e1482",
                "fastqc_per_sequence_quality_scores_plot.txt:md5,d2339b94d6c56616b6975086bf1e23c8",
                "fastqc_sequence_counts_plot.txt:md5,c92bc7da83662b8a6b49d5cdbab3dc42",
                "fastqc_sequence_duplication_levels_plot.txt:md5,97a930f423f2cd365c2262b0a185f68a",
                "fastqc_sequence_length_distribution_plot.txt:md5,c43ba85adcb43a18057f7eb17a60bfb5",
                "mirtop_mean_read_count_plot.txt:md5,f83fc45e1bb5fc7aae55f3597974e6d0",
                "mirtop_read_count_plot.txt:md5,bd740f168dcacd0543096ca808dbe076",
                "mirtop_unique_read_count_plot.txt:md5,bf7202df1ae8374f97c62545e9a56b1e",
                "mirtrace_complexity_plot.txt:md5,9ff775a00d039ae197150b963d9d9e68",
                "mirtrace_contamination_check_plot.txt:md5,8fd040b7771963863937f0eb31a265f1",
                "mirtrace_length_plot.txt:md5,382c353959c29be90c619ef492136399",
                "mirtrace_qc_plot.txt:md5,0a6b6d56226eddb5c0917bd93e249df0",
                "mirtrace_rna_categories_plot.txt:md5,099920f6d263cabdb580d0f7cd7b63e3",
                "multiqc_citations.txt:md5,3adbccd17a42d0d5d97ee7ebb476f433",
                "multiqc_fastp.txt:md5,b5349be2e8df1221f4e3385475d3c98b",
                "multiqc_fastqc.txt:md5,3ef2dec69100f5ee0c8f43a5c1a66c11",
                "multiqc_fastqc_fastqc-1.txt:md5,a6384e2d247199968fe64d2881232b77",
                "multiqc_general_stats.txt:md5,ea37f90abae280543c479aa5f9969364",
                "multiqc_mirtrace_complexity.txt:md5,44387cba572a00a3c0eb372ed9f5d70d",
                "multiqc_mirtrace_contamination.txt:md5,29f5ad8942ca93d94a7b005a3325b910",
                "multiqc_mirtrace_length.txt:md5,0f3450d8f18832e98389907984cc68a2",
                "multiqc_mirtrace_summary.txt:md5,991d5635390f4baabd10495ee6b69aa8",
                "multiqc_samtools_stats.txt:md5,bb818256e513c31094e5387b25aaf729",
                "samtools-stats-dp.txt:md5,c5169c16c3d16d29405eb62824eaa14b",
                "samtools_alignment_plot.txt:md5,99b94d2eb81c78739e172a5094de4c93"
            ],
            [
                "sample1_mature_hairpin.bam:stats,[maxReadLength:77, minReadLength:17, meanReadLength:24, maxQuality:255, minQuality:0, meanQuality:30, readCount:937771, duplicateReadCount:0, sorted:false]",
                "sample1_mature_hairpin.sorted.bam:stats,[maxReadLength:77, minReadLength:17, meanReadLength:24, maxQuality:255, minQuality:0, meanQuality:30, readCount:937771, duplicateReadCount:0, sorted:false]",
                "sample2_mature_hairpin.bam:stats,[maxReadLength:77, minReadLength:17, meanReadLength:24, maxQuality:255, minQuality:0, meanQuality:30, readCount:468592, duplicateReadCount:0, sorted:false]",
                "sample2_mature_hairpin.sorted.bam:stats,[maxReadLength:77, minReadLength:17, meanReadLength:24, maxQuality:255, minQuality:0, meanQuality:30, readCount:468592, duplicateReadCount:0, sorted:false]",
                "sample3_mature_hairpin.bam:stats,[maxReadLength:77, minReadLength:17, meanReadLength:24, maxQuality:255, minQuality:0, meanQuality:30, readCount:468592, duplicateReadCount:0, sorted:false]",
                "sample3_mature_hairpin.sorted.bam:stats,[maxReadLength:77, minReadLength:17, meanReadLength:24, maxQuality:255, minQuality:0, meanQuality:30, readCount:468592, duplicateReadCount:0, sorted:false]",
                "sample1_mature.bam:stats,[maxReadLength:77, minReadLength:17, meanReadLength:22, maxQuality:255, minQuality:0, meanQuality:139, readCount:2046933, duplicateReadCount:0, sorted:false]",
                "sample1_mature.sorted.bam:stats,[maxReadLength:77, minReadLength:17, meanReadLength:22, maxQuality:255, minQuality:0, meanQuality:139, readCount:2046933, duplicateReadCount:0, sorted:false]",
                "sample2_mature.bam:stats,[maxReadLength:77, minReadLength:17, meanReadLength:22, maxQuality:255, minQuality:0, meanQuality:139, readCount:1022738, duplicateReadCount:0, sorted:false]",
                "sample2_mature.sorted.bam:stats,[maxReadLength:77, minReadLength:17, meanReadLength:22, maxQuality:255, minQuality:0, meanQuality:139, readCount:1022738, duplicateReadCount:0, sorted:false]",
                "sample3_mature.bam:stats,[maxReadLength:77, minReadLength:17, meanReadLength:22, maxQuality:255, minQuality:0, meanQuality:139, readCount:1022738, duplicateReadCount:0, sorted:false]",
                "sample3_mature.sorted.bam:stats,[maxReadLength:77, minReadLength:17, meanReadLength:22, maxQuality:255, minQuality:0, meanQuality:139, readCount:1022738, duplicateReadCount:0, sorted:false]",
                "sample1.bam:stats,[maxReadLength:77, minReadLength:17, meanReadLength:32, maxQuality:255, minQuality:0, meanQuality:93, readCount:154630, duplicateReadCount:0, sorted:false]",
                "sample2.bam:stats,[maxReadLength:77, minReadLength:17, meanReadLength:30, maxQuality:255, minQuality:0, meanQuality:101, readCount:97315, duplicateReadCount:0, sorted:false]",
                "sample3.bam:stats,[maxReadLength:77, minReadLength:17, meanReadLength:30, maxQuality:255, minQuality:0, meanQuality:101, readCount:97315, duplicateReadCount:0, sorted:false]"
            ],
            "No VCF files"
        ],
        "meta": {
            "nf-test": "0.9.3",
            "nextflow": "25.04.6"
        },
        "timestamp": "2025-12-16T17:14:38.599031781"
    }
}