{
    "ncRNA BLAT - Human": {
        "content": [
            {
                "0": [
                    "filtered.fa:md5,6bc8a430400e2e78cf7f474981230811"
                ],
                "1": [
                    "versions.yml:md5,e2957df2cc8f0410101564c8e65d1761"
                ],
                "filtered_set": [
                    "filtered.fa:md5,6bc8a430400e2e78cf7f474981230811"
                ],
                "versions": [
                    "versions.yml:md5,e2957df2cc8f0410101564c8e65d1761"
                ]
            }
        ],
        "meta": {
            "nf-test": "0.8.4",
            "nextflow": "24.04.4"
        },
        "timestamp": "2024-08-23T17:53:35.313580289"
    },
    "tRNA BLAT - Human": {
        "content": [
            {
                "0": [
                    "filtered.fa:md5,6b54e95ca5418d7d9c4d331ca3b2c96f"
                ],
                "1": [
                    "versions.yml:md5,e2957df2cc8f0410101564c8e65d1761"
                ],
                "filtered_set": [
                    "filtered.fa:md5,6b54e95ca5418d7d9c4d331ca3b2c96f"
                ],
                "versions": [
                    "versions.yml:md5,e2957df2cc8f0410101564c8e65d1761"
                ]
            }
        ],
        "meta": {
            "nf-test": "0.8.4",
            "nextflow": "24.04.4"
        },
        "timestamp": "2024-08-23T17:57:58.238216453"
    },
    "cDNA BLAT - Human": {
        "content": [
            {
                "0": [
                    "filtered.fa:md5,8fd42894e815999b4278b08297720aae"
                ],
                "1": [
                    "versions.yml:md5,e2957df2cc8f0410101564c8e65d1761"
                ],
                "filtered_set": [
                    "filtered.fa:md5,8fd42894e815999b4278b08297720aae"
                ],
                "versions": [
                    "versions.yml:md5,e2957df2cc8f0410101564c8e65d1761"
                ]
            }
        ],
        "meta": {
            "nf-test": "0.8.4",
            "nextflow": "24.04.4"
        },
        "timestamp": "2024-08-23T17:53:16.735132971"
    }
}